#
# There is insufficient memory for the Java Runtime Environment to continue.
# Native memory allocation (malloc) failed to allocate 1687856 bytes for Chunk::new
# Possible reasons:
#   The system is out of physical RAM or swap space
#   The process is running with CompressedOops enabled, and the Java Heap may be blocking the growth of the native heap
# Possible solutions:
#   Reduce memory load on the system
#   Increase physical memory or swap space
#   Check if swap backing store is full
#   Decrease Java heap size (-Xmx/-Xms)
#   Decrease number of Java threads
#   Decrease Java thread stack sizes (-Xss)
#   Set larger code cache with -XX:ReservedCodeCacheSize=
#   JVM is running with Unscaled Compressed Oops mode in which the Java heap is
#     placed in the first 4GB address space. The Java Heap base address is the
#     maximum limit for the native heap growth. Please use -XX:HeapBaseMinAddress
#     to set the Java Heap base and to place the Java Heap above 4GB virtual address.
# This output file may be truncated or incomplete.
#
#  Out of Memory Error (arena.cpp:189), pid=11052, tid=7376
#
# JRE version: Java(TM) SE Runtime Environment (17.0.12+8) (build 17.0.12+8-LTS-286)
# Java VM: Java HotSpot(TM) 64-Bit Server VM (17.0.12+8-LTS-286, mixed mode, sharing, tiered, compressed oops, compressed class ptrs, g1 gc, windows-amd64)
# No core dump will be written. Minidumps are not enabled by default on client versions of Windows
#

---------------  S U M M A R Y ------------

Command Line: -Dfile.encoding=UTF-8 -Dstdout.encoding=UTF-8 -Dstderr.encoding=UTF-8 -XX:+ShowCodeDetailsInExceptionMessages com.ecommerce.cartservice.CartServiceApplication

Host: Intel(R) Core(TM) i3-6006U CPU @ 2.00GHz, 4 cores, 7G,  Windows 10 , 64 bit Build 19041 (10.0.19041.5915)
Time: Tue Nov 11 13:18:05 2025 India Standard Time elapsed time: 25.915934 seconds (0d 0h 0m 25s)

---------------  T H R E A D  ---------------

Current thread (0x0000024abedae930):  JavaThread "C2 CompilerThread0" daemon [_thread_in_native, id=7376, stack(0x0000008223900000,0x0000008223a00000)]


Current CompileTask:
C2:  25919 1784       4       org.springframework.boot.context.config.ConfigDataEnvironmentContributor$ContributorIterator::fetchIfNecessary (153 bytes)

Stack: [0x0000008223900000,0x0000008223a00000]
Native frames: (J=compiled Java code, j=interpreted, Vv=VM code, C=native code)
V  [jvm.dll+0x67a04a]
V  [jvm.dll+0x7da4ed]
V  [jvm.dll+0x7dbe33]
V  [jvm.dll+0x7dc4a3]
V  [jvm.dll+0x24508f]
V  [jvm.dll+0xab773]
V  [jvm.dll+0xabd3c]
V  [jvm.dll+0x361bee]
V  [jvm.dll+0x32c431]
V  [jvm.dll+0x32b8ca]
V  [jvm.dll+0x21683f]
V  [jvm.dll+0x215c6f]
V  [jvm.dll+0x1a2960]
V  [jvm.dll+0x22610b]
V  [jvm.dll+0x2242ab]
V  [jvm.dll+0x79075c]
V  [jvm.dll+0x78abea]
V  [jvm.dll+0x678f35]
C  [ucrtbase.dll+0x21bb2]
C  [KERNEL32.DLL+0x17374]
C  [ntdll.dll+0x4cc91]


---------------  P R O C E S S  ---------------

Threads class SMR info:
_java_thread_list=0x0000024b049d61e0, length=14, elements={
0x0000024a9f4fe260, 0x0000024abed8b350, 0x0000024abed8c880, 0x0000024abed9e760,
0x0000024abeda17e0, 0x0000024abeda4980, 0x0000024abeda3a50, 0x0000024abedae930,
0x0000024abedaf2f0, 0x0000024abeda2610, 0x0000024abeda4e90, 0x0000024abeda3540,
0x0000024abeda53a0, 0x0000024abeda3f60
}

Java Threads: ( => current thread )
  0x0000024a9f4fe260 JavaThread "main" [_thread_blocked, id=13644, stack(0x0000008222c00000,0x0000008222d00000)]
  0x0000024abed8b350 JavaThread "Reference Handler" daemon [_thread_blocked, id=5720, stack(0x0000008223300000,0x0000008223400000)]
  0x0000024abed8c880 JavaThread "Finalizer" daemon [_thread_blocked, id=20312, stack(0x0000008223400000,0x0000008223500000)]
  0x0000024abed9e760 JavaThread "Signal Dispatcher" daemon [_thread_blocked, id=8032, stack(0x0000008223500000,0x0000008223600000)]
  0x0000024abeda17e0 JavaThread "Attach Listener" daemon [_thread_blocked, id=13932, stack(0x0000008223600000,0x0000008223700000)]
  0x0000024abeda4980 JavaThread "Service Thread" daemon [_thread_blocked, id=8260, stack(0x0000008223700000,0x0000008223800000)]
  0x0000024abeda3a50 JavaThread "Monitor Deflation Thread" daemon [_thread_blocked, id=15908, stack(0x0000008223800000,0x0000008223900000)]
=>0x0000024abedae930 JavaThread "C2 CompilerThread0" daemon [_thread_in_native, id=7376, stack(0x0000008223900000,0x0000008223a00000)]
  0x0000024abedaf2f0 JavaThread "C1 CompilerThread0" daemon [_thread_blocked, id=17620, stack(0x0000008223a00000,0x0000008223b00000)]
  0x0000024abeda2610 JavaThread "Sweeper thread" daemon [_thread_blocked, id=9916, stack(0x0000008223b00000,0x0000008223c00000)]
  0x0000024abeda4e90 JavaThread "Notification Thread" daemon [_thread_blocked, id=8612, stack(0x0000008223c00000,0x0000008223d00000)]
  0x0000024abeda3540 JavaThread "Common-Cleaner" daemon [_thread_blocked, id=17504, stack(0x0000008223e00000,0x0000008223f00000)]
  0x0000024abeda53a0 JavaThread "Thread-0" [_thread_blocked, id=2440, stack(0x0000008224200000,0x0000008224300000)]
  0x0000024abeda3f60 JavaThread "restartedMain" [_thread_in_vm, id=17204, stack(0x0000008224300000,0x0000008224400000)]

Other Threads:
  0x0000024abed85c90 VMThread "VM Thread" [stack: 0x0000008223200000,0x0000008223300000] [id=16488]
  0x0000024b040bdb10 WatcherThread [stack: 0x0000008223d00000,0x0000008223e00000] [id=19992]
  0x0000024aa1533ab0 GCTaskThread "GC Thread#0" [stack: 0x0000008222d00000,0x0000008222e00000] [id=21016]
  0x0000024b0447ad90 GCTaskThread "GC Thread#1" [stack: 0x0000008223f00000,0x0000008224000000] [id=3176]
  0x0000024b04b0a1a0 GCTaskThread "GC Thread#2" [stack: 0x0000008224000000,0x0000008224100000] [id=14244]
  0x0000024b04a3e9a0 GCTaskThread "GC Thread#3" [stack: 0x0000008224100000,0x0000008224200000] [id=20584]
  0x0000024aa1546240 ConcurrentGCThread "G1 Main Marker" [stack: 0x0000008222e00000,0x0000008222f00000] [id=16456]
  0x0000024aa1546b60 ConcurrentGCThread "G1 Conc#0" [stack: 0x0000008222f00000,0x0000008223000000] [id=10016]
  0x0000024abec424b0 ConcurrentGCThread "G1 Refine#0" [stack: 0x0000008223000000,0x0000008223100000] [id=1240]
  0x0000024aa159d960 ConcurrentGCThread "G1 Service" [stack: 0x0000008223100000,0x0000008223200000] [id=6024]

Threads with active compile tasks:
C2 CompilerThread0    26391 1784       4       org.springframework.boot.context.config.ConfigDataEnvironmentContributor$ContributorIterator::fetchIfNecessary (153 bytes)

VM state: not at safepoint (normal execution)

VM Mutex/Monitor currently owned by a thread: None

Heap address: 0x0000000081400000, size: 2028 MB, Compressed Oops mode: 32-bit

CDS archive(s) mapped at: [0x0000024abf000000-0x0000024abfbd0000-0x0000024abfbd0000), size 12386304, SharedBaseAddress: 0x0000024abf000000, ArchiveRelocationMode: 1.
Compressed class space mapped at: 0x0000024ac0000000-0x0000024b00000000, reserved size: 1073741824
Narrow klass base: 0x0000024abf000000, Narrow klass shift: 0, Narrow klass range: 0x100000000

GC Precious Log:
 CPUs: 4 total, 4 available
 Memory: 8108M
 Large Page Support: Disabled
 NUMA Support: Disabled
 Compressed Oops: Enabled (32-bit)
 Heap Region Size: 1M
 Heap Min Capacity: 8M
 Heap Initial Capacity: 128M
 Heap Max Capacity: 2028M
 Pre-touch: Disabled
 Parallel Workers: 4
 Concurrent Workers: 1
 Concurrent Refinement Workers: 4
 Periodic GC: Disabled

Heap:
 garbage-first heap   total 131072K, used 37804K [0x0000000081400000, 0x0000000100000000)
  region size 1024K, 25 young (25600K), 2 survivors (2048K)
 Metaspace       used 11001K, committed 11328K, reserved 1114112K
  class space    used 1331K, committed 1472K, reserved 1048576K

Heap Regions: E=young(eden), S=young(survivor), O=old, HS=humongous(starts), HC=humongous(continues), CS=collection set, F=free, OA=open archive, CA=closed archive, TAMS=top-at-mark-start (previous, next)
|   0|0x0000000081400000, 0x0000000081500000, 0x0000000081500000|100%|HS|  |TAMS 0x0000000081400000, 0x0000000081400000| Complete 
|   1|0x0000000081500000, 0x0000000081600000, 0x0000000081600000|100%|HS|  |TAMS 0x0000000081500000, 0x0000000081500000| Complete 
|   2|0x0000000081600000, 0x0000000081700000, 0x0000000081700000|100%|HS|  |TAMS 0x0000000081600000, 0x0000000081600000| Complete 
|   3|0x0000000081700000, 0x0000000081800000, 0x0000000081800000|100%|HS|  |TAMS 0x0000000081700000, 0x0000000081700000| Complete 
|   4|0x0000000081800000, 0x0000000081900000, 0x0000000081900000|100%| O|  |TAMS 0x0000000081800000, 0x0000000081800000| Untracked 
|   5|0x0000000081900000, 0x0000000081a00000, 0x0000000081a00000|100%| O|  |TAMS 0x0000000081900000, 0x0000000081900000| Untracked 
|   6|0x0000000081a00000, 0x0000000081b00000, 0x0000000081b00000|100%| O|  |TAMS 0x0000000081a00000, 0x0000000081a00000| Untracked 
|   7|0x0000000081b00000, 0x0000000081c00000, 0x0000000081c00000|100%| O|  |TAMS 0x0000000081b00000, 0x0000000081b00000| Untracked 
|   8|0x0000000081c00000, 0x0000000081c00000, 0x0000000081d00000|  0%| F|  |TAMS 0x0000000081c00000, 0x0000000081c00000| Untracked 
|   9|0x0000000081d00000, 0x0000000081d00000, 0x0000000081e00000|  0%| F|  |TAMS 0x0000000081d00000, 0x0000000081d00000| Untracked 
|  10|0x0000000081e00000, 0x0000000081e00000, 0x0000000081f00000|  0%| F|  |TAMS 0x0000000081e00000, 0x0000000081e00000| Untracked 
|  11|0x0000000081f00000, 0x0000000082000000, 0x0000000082000000|100%| O|  |TAMS 0x0000000081f00000, 0x0000000081f00000| Untracked 
|  12|0x0000000082000000, 0x0000000082100000, 0x0000000082100000|100%| O|  |TAMS 0x0000000082000000, 0x0000000082000000| Untracked 
|  13|0x0000000082100000, 0x0000000082200000, 0x0000000082200000|100%| O|  |TAMS 0x0000000082100000, 0x0000000082100000| Untracked 
|  14|0x0000000082200000, 0x0000000082300000, 0x0000000082300000|100%| O|  |TAMS 0x0000000082200000, 0x0000000082200000| Untracked 
|  15|0x0000000082300000, 0x0000000082400000, 0x0000000082400000|100%| O|  |TAMS 0x0000000082300000, 0x0000000082300000| Untracked 
|  16|0x0000000082400000, 0x0000000082400000, 0x0000000082500000|  0%| F|  |TAMS 0x0000000082400000, 0x0000000082400000| Untracked 
|  17|0x0000000082500000, 0x0000000082500000, 0x0000000082600000|  0%| F|  |TAMS 0x0000000082500000, 0x0000000082500000| Untracked 
|  18|0x0000000082600000, 0x0000000082600000, 0x0000000082700000|  0%| F|  |TAMS 0x0000000082600000, 0x0000000082600000| Untracked 
|  19|0x0000000082700000, 0x0000000082700000, 0x0000000082800000|  0%| F|  |TAMS 0x0000000082700000, 0x0000000082700000| Untracked 
|  20|0x0000000082800000, 0x0000000082800000, 0x0000000082900000|  0%| F|  |TAMS 0x0000000082800000, 0x0000000082800000| Untracked 
|  21|0x0000000082900000, 0x0000000082900000, 0x0000000082a00000|  0%| F|  |TAMS 0x0000000082900000, 0x0000000082900000| Untracked 
|  22|0x0000000082a00000, 0x0000000082a00000, 0x0000000082b00000|  0%| F|  |TAMS 0x0000000082a00000, 0x0000000082a00000| Untracked 
|  23|0x0000000082b00000, 0x0000000082b00000, 0x0000000082c00000|  0%| F|  |TAMS 0x0000000082b00000, 0x0000000082b00000| Untracked 
|  24|0x0000000082c00000, 0x0000000082c00000, 0x0000000082d00000|  0%| F|  |TAMS 0x0000000082c00000, 0x0000000082c00000| Untracked 
|  25|0x0000000082d00000, 0x0000000082d00000, 0x0000000082e00000|  0%| F|  |TAMS 0x0000000082d00000, 0x0000000082d00000| Untracked 
|  26|0x0000000082e00000, 0x0000000082e00000, 0x0000000082f00000|  0%| F|  |TAMS 0x0000000082e00000, 0x0000000082e00000| Untracked 
|  27|0x0000000082f00000, 0x0000000082f00000, 0x0000000083000000|  0%| F|  |TAMS 0x0000000082f00000, 0x0000000082f00000| Untracked 
|  28|0x0000000083000000, 0x0000000083000000, 0x0000000083100000|  0%| F|  |TAMS 0x0000000083000000, 0x0000000083000000| Untracked 
|  29|0x0000000083100000, 0x0000000083100000, 0x0000000083200000|  0%| F|  |TAMS 0x0000000083100000, 0x0000000083100000| Untracked 
|  30|0x0000000083200000, 0x0000000083200000, 0x0000000083300000|  0%| F|  |TAMS 0x0000000083200000, 0x0000000083200000| Untracked 
|  31|0x0000000083300000, 0x0000000083300000, 0x0000000083400000|  0%| F|  |TAMS 0x0000000083300000, 0x0000000083300000| Untracked 
|  32|0x0000000083400000, 0x0000000083400000, 0x0000000083500000|  0%| F|  |TAMS 0x0000000083400000, 0x0000000083400000| Untracked 
|  33|0x0000000083500000, 0x0000000083500000, 0x0000000083600000|  0%| F|  |TAMS 0x0000000083500000, 0x0000000083500000| Untracked 
|  34|0x0000000083600000, 0x0000000083600000, 0x0000000083700000|  0%| F|  |TAMS 0x0000000083600000, 0x0000000083600000| Untracked 
|  35|0x0000000083700000, 0x0000000083700000, 0x0000000083800000|  0%| F|  |TAMS 0x0000000083700000, 0x0000000083700000| Untracked 
|  36|0x0000000083800000, 0x0000000083800000, 0x0000000083900000|  0%| F|  |TAMS 0x0000000083800000, 0x0000000083800000| Untracked 
|  37|0x0000000083900000, 0x0000000083900000, 0x0000000083a00000|  0%| F|  |TAMS 0x0000000083900000, 0x0000000083900000| Untracked 
|  38|0x0000000083a00000, 0x0000000083a00000, 0x0000000083b00000|  0%| F|  |TAMS 0x0000000083a00000, 0x0000000083a00000| Untracked 
|  39|0x0000000083b00000, 0x0000000083b00000, 0x0000000083c00000|  0%| F|  |TAMS 0x0000000083b00000, 0x0000000083b00000| Untracked 
|  40|0x0000000083c00000, 0x0000000083c00000, 0x0000000083d00000|  0%| F|  |TAMS 0x0000000083c00000, 0x0000000083c00000| Untracked 
|  41|0x0000000083d00000, 0x0000000083d00000, 0x0000000083e00000|  0%| F|  |TAMS 0x0000000083d00000, 0x0000000083d00000| Untracked 
|  42|0x0000000083e00000, 0x0000000083e00000, 0x0000000083f00000|  0%| F|  |TAMS 0x0000000083e00000, 0x0000000083e00000| Untracked 
|  43|0x0000000083f00000, 0x0000000083f00000, 0x0000000084000000|  0%| F|  |TAMS 0x0000000083f00000, 0x0000000083f00000| Untracked 
|  44|0x0000000084000000, 0x0000000084000000, 0x0000000084100000|  0%| F|  |TAMS 0x0000000084000000, 0x0000000084000000| Untracked 
|  45|0x0000000084100000, 0x0000000084100000, 0x0000000084200000|  0%| F|  |TAMS 0x0000000084100000, 0x0000000084100000| Untracked 
|  46|0x0000000084200000, 0x0000000084200000, 0x0000000084300000|  0%| F|  |TAMS 0x0000000084200000, 0x0000000084200000| Untracked 
|  47|0x0000000084300000, 0x0000000084300000, 0x0000000084400000|  0%| F|  |TAMS 0x0000000084300000, 0x0000000084300000| Untracked 
|  48|0x0000000084400000, 0x0000000084400000, 0x0000000084500000|  0%| F|  |TAMS 0x0000000084400000, 0x0000000084400000| Untracked 
|  49|0x0000000084500000, 0x0000000084500000, 0x0000000084600000|  0%| F|  |TAMS 0x0000000084500000, 0x0000000084500000| Untracked 
|  50|0x0000000084600000, 0x0000000084600000, 0x0000000084700000|  0%| F|  |TAMS 0x0000000084600000, 0x0000000084600000| Untracked 
|  51|0x0000000084700000, 0x0000000084700000, 0x0000000084800000|  0%| F|  |TAMS 0x0000000084700000, 0x0000000084700000| Untracked 
|  52|0x0000000084800000, 0x0000000084800000, 0x0000000084900000|  0%| F|  |TAMS 0x0000000084800000, 0x0000000084800000| Untracked 
|  53|0x0000000084900000, 0x0000000084900000, 0x0000000084a00000|  0%| F|  |TAMS 0x0000000084900000, 0x0000000084900000| Untracked 
|  54|0x0000000084a00000, 0x0000000084a00000, 0x0000000084b00000|  0%| F|  |TAMS 0x0000000084a00000, 0x0000000084a00000| Untracked 
|  55|0x0000000084b00000, 0x0000000084b00000, 0x0000000084c00000|  0%| F|  |TAMS 0x0000000084b00000, 0x0000000084b00000| Untracked 
|  56|0x0000000084c00000, 0x0000000084c00000, 0x0000000084d00000|  0%| F|  |TAMS 0x0000000084c00000, 0x0000000084c00000| Untracked 
|  57|0x0000000084d00000, 0x0000000084d00000, 0x0000000084e00000|  0%| F|  |TAMS 0x0000000084d00000, 0x0000000084d00000| Untracked 
|  58|0x0000000084e00000, 0x0000000084e00000, 0x0000000084f00000|  0%| F|  |TAMS 0x0000000084e00000, 0x0000000084e00000| Untracked 
|  59|0x0000000084f00000, 0x0000000084f00000, 0x0000000085000000|  0%| F|  |TAMS 0x0000000084f00000, 0x0000000084f00000| Untracked 
|  60|0x0000000085000000, 0x0000000085000000, 0x0000000085100000|  0%| F|  |TAMS 0x0000000085000000, 0x0000000085000000| Untracked 
|  61|0x0000000085100000, 0x0000000085100000, 0x0000000085200000|  0%| F|  |TAMS 0x0000000085100000, 0x0000000085100000| Untracked 
|  62|0x0000000085200000, 0x0000000085200000, 0x0000000085300000|  0%| F|  |TAMS 0x0000000085200000, 0x0000000085200000| Untracked 
|  63|0x0000000085300000, 0x0000000085300000, 0x0000000085400000|  0%| F|  |TAMS 0x0000000085300000, 0x0000000085300000| Untracked 
|  64|0x0000000085400000, 0x0000000085400000, 0x0000000085500000|  0%| F|  |TAMS 0x0000000085400000, 0x0000000085400000| Untracked 
|  65|0x0000000085500000, 0x0000000085500000, 0x0000000085600000|  0%| F|  |TAMS 0x0000000085500000, 0x0000000085500000| Untracked 
|  66|0x0000000085600000, 0x0000000085600000, 0x0000000085700000|  0%| F|  |TAMS 0x0000000085600000, 0x0000000085600000| Untracked 
|  67|0x0000000085700000, 0x0000000085700000, 0x0000000085800000|  0%| F|  |TAMS 0x0000000085700000, 0x0000000085700000| Untracked 
|  68|0x0000000085800000, 0x0000000085800000, 0x0000000085900000|  0%| F|  |TAMS 0x0000000085800000, 0x0000000085800000| Untracked 
|  69|0x0000000085900000, 0x0000000085900000, 0x0000000085a00000|  0%| F|  |TAMS 0x0000000085900000, 0x0000000085900000| Untracked 
|  70|0x0000000085a00000, 0x0000000085a00000, 0x0000000085b00000|  0%| F|  |TAMS 0x0000000085a00000, 0x0000000085a00000| Untracked 
|  71|0x0000000085b00000, 0x0000000085b00000, 0x0000000085c00000|  0%| F|  |TAMS 0x0000000085b00000, 0x0000000085b00000| Untracked 
|  72|0x0000000085c00000, 0x0000000085c00000, 0x0000000085d00000|  0%| F|  |TAMS 0x0000000085c00000, 0x0000000085c00000| Untracked 
|  73|0x0000000085d00000, 0x0000000085d00000, 0x0000000085e00000|  0%| F|  |TAMS 0x0000000085d00000, 0x0000000085d00000| Untracked 
|  74|0x0000000085e00000, 0x0000000085e00000, 0x0000000085f00000|  0%| F|  |TAMS 0x0000000085e00000, 0x0000000085e00000| Untracked 
|  75|0x0000000085f00000, 0x0000000085f00000, 0x0000000086000000|  0%| F|  |TAMS 0x0000000085f00000, 0x0000000085f00000| Untracked 
|  76|0x0000000086000000, 0x0000000086000000, 0x0000000086100000|  0%| F|  |TAMS 0x0000000086000000, 0x0000000086000000| Untracked 
|  77|0x0000000086100000, 0x0000000086100000, 0x0000000086200000|  0%| F|  |TAMS 0x0000000086100000, 0x0000000086100000| Untracked 
|  78|0x0000000086200000, 0x0000000086200000, 0x0000000086300000|  0%| F|  |TAMS 0x0000000086200000, 0x0000000086200000| Untracked 
|  79|0x0000000086300000, 0x0000000086300000, 0x0000000086400000|  0%| F|  |TAMS 0x0000000086300000, 0x0000000086300000| Untracked 
|  80|0x0000000086400000, 0x0000000086400000, 0x0000000086500000|  0%| F|  |TAMS 0x0000000086400000, 0x0000000086400000| Untracked 
|  81|0x0000000086500000, 0x0000000086500000, 0x0000000086600000|  0%| F|  |TAMS 0x0000000086500000, 0x0000000086500000| Untracked 
|  82|0x0000000086600000, 0x0000000086600000, 0x0000000086700000|  0%| F|  |TAMS 0x0000000086600000, 0x0000000086600000| Untracked 
|  83|0x0000000086700000, 0x0000000086700000, 0x0000000086800000|  0%| F|  |TAMS 0x0000000086700000, 0x0000000086700000| Untracked 
|  84|0x0000000086800000, 0x0000000086800000, 0x0000000086900000|  0%| F|  |TAMS 0x0000000086800000, 0x0000000086800000| Untracked 
|  85|0x0000000086900000, 0x0000000086900000, 0x0000000086a00000|  0%| F|  |TAMS 0x0000000086900000, 0x0000000086900000| Untracked 
|  86|0x0000000086a00000, 0x0000000086a00000, 0x0000000086b00000|  0%| F|  |TAMS 0x0000000086a00000, 0x0000000086a00000| Untracked 
|  87|0x0000000086b00000, 0x0000000086b00000, 0x0000000086c00000|  0%| F|  |TAMS 0x0000000086b00000, 0x0000000086b00000| Untracked 
|  88|0x0000000086c00000, 0x0000000086c00000, 0x0000000086d00000|  0%| F|  |TAMS 0x0000000086c00000, 0x0000000086c00000| Untracked 
|  89|0x0000000086d00000, 0x0000000086d00000, 0x0000000086e00000|  0%| F|  |TAMS 0x0000000086d00000, 0x0000000086d00000| Untracked 
|  90|0x0000000086e00000, 0x0000000086e00000, 0x0000000086f00000|  0%| F|  |TAMS 0x0000000086e00000, 0x0000000086e00000| Untracked 
|  91|0x0000000086f00000, 0x0000000086f00000, 0x0000000087000000|  0%| F|  |TAMS 0x0000000086f00000, 0x0000000086f00000| Untracked 
|  92|0x0000000087000000, 0x0000000087000000, 0x0000000087100000|  0%| F|  |TAMS 0x0000000087000000, 0x0000000087000000| Untracked 
|  93|0x0000000087100000, 0x0000000087100000, 0x0000000087200000|  0%| F|  |TAMS 0x0000000087100000, 0x0000000087100000| Untracked 
|  94|0x0000000087200000, 0x0000000087200000, 0x0000000087300000|  0%| F|  |TAMS 0x0000000087200000, 0x0000000087200000| Untracked 
|  95|0x0000000087300000, 0x0000000087300000, 0x0000000087400000|  0%| F|  |TAMS 0x0000000087300000, 0x0000000087300000| Untracked 
|  96|0x0000000087400000, 0x0000000087400000, 0x0000000087500000|  0%| F|  |TAMS 0x0000000087400000, 0x0000000087400000| Untracked 
|  97|0x0000000087500000, 0x0000000087500000, 0x0000000087600000|  0%| F|  |TAMS 0x0000000087500000, 0x0000000087500000| Untracked 
|  98|0x0000000087600000, 0x0000000087600000, 0x0000000087700000|  0%| F|  |TAMS 0x0000000087600000, 0x0000000087600000| Untracked 
|  99|0x0000000087700000, 0x0000000087700000, 0x0000000087800000|  0%| F|  |TAMS 0x0000000087700000, 0x0000000087700000| Untracked 
| 100|0x0000000087800000, 0x0000000087800000, 0x0000000087900000|  0%| F|  |TAMS 0x0000000087800000, 0x0000000087800000| Untracked 
| 101|0x0000000087900000, 0x0000000087900000, 0x0000000087a00000|  0%| F|  |TAMS 0x0000000087900000, 0x0000000087900000| Untracked 
| 102|0x0000000087a00000, 0x0000000087a5caf8, 0x0000000087b00000| 36%| E|  |TAMS 0x0000000087a00000, 0x0000000087a00000| Complete 
| 103|0x0000000087b00000, 0x0000000087c00000, 0x0000000087c00000|100%| E|CS|TAMS 0x0000000087b00000, 0x0000000087b00000| Complete 
| 104|0x0000000087c00000, 0x0000000087d00000, 0x0000000087d00000|100%| E|CS|TAMS 0x0000000087c00000, 0x0000000087c00000| Complete 
| 105|0x0000000087d00000, 0x0000000087e00000, 0x0000000087e00000|100%| E|CS|TAMS 0x0000000087d00000, 0x0000000087d00000| Complete 
| 106|0x0000000087e00000, 0x0000000087eeb100, 0x0000000087f00000| 91%| S|CS|TAMS 0x0000000087e00000, 0x0000000087e00000| Complete 
| 107|0x0000000087f00000, 0x0000000088000000, 0x0000000088000000|100%| S|CS|TAMS 0x0000000087f00000, 0x0000000087f00000| Complete 
| 108|0x0000000088000000, 0x0000000088100000, 0x0000000088100000|100%| E|CS|TAMS 0x0000000088000000, 0x0000000088000000| Complete 
| 109|0x0000000088100000, 0x0000000088200000, 0x0000000088200000|100%| E|CS|TAMS 0x0000000088100000, 0x0000000088100000| Complete 
| 110|0x0000000088200000, 0x0000000088300000, 0x0000000088300000|100%| E|CS|TAMS 0x0000000088200000, 0x0000000088200000| Complete 
| 111|0x0000000088300000, 0x0000000088400000, 0x0000000088400000|100%| E|CS|TAMS 0x0000000088300000, 0x0000000088300000| Complete 
| 112|0x0000000088400000, 0x0000000088500000, 0x0000000088500000|100%| E|CS|TAMS 0x0000000088400000, 0x0000000088400000| Complete 
| 113|0x0000000088500000, 0x0000000088600000, 0x0000000088600000|100%| E|CS|TAMS 0x0000000088500000, 0x0000000088500000| Complete 
| 114|0x0000000088600000, 0x0000000088700000, 0x0000000088700000|100%| E|CS|TAMS 0x0000000088600000, 0x0000000088600000| Complete 
| 115|0x0000000088700000, 0x0000000088800000, 0x0000000088800000|100%| E|CS|TAMS 0x0000000088700000, 0x0000000088700000| Complete 
| 116|0x0000000088800000, 0x0000000088900000, 0x0000000088900000|100%| E|CS|TAMS 0x0000000088800000, 0x0000000088800000| Complete 
| 117|0x0000000088900000, 0x0000000088a00000, 0x0000000088a00000|100%| E|CS|TAMS 0x0000000088900000, 0x0000000088900000| Complete 
| 118|0x0000000088a00000, 0x0000000088b00000, 0x0000000088b00000|100%| E|CS|TAMS 0x0000000088a00000, 0x0000000088a00000| Complete 
| 119|0x0000000088b00000, 0x0000000088c00000, 0x0000000088c00000|100%| E|CS|TAMS 0x0000000088b00000, 0x0000000088b00000| Complete 
| 120|0x0000000088c00000, 0x0000000088d00000, 0x0000000088d00000|100%| E|CS|TAMS 0x0000000088c00000, 0x0000000088c00000| Complete 
| 121|0x0000000088d00000, 0x0000000088e00000, 0x0000000088e00000|100%| E|CS|TAMS 0x0000000088d00000, 0x0000000088d00000| Complete 
| 122|0x0000000088e00000, 0x0000000088f00000, 0x0000000088f00000|100%| E|CS|TAMS 0x0000000088e00000, 0x0000000088e00000| Complete 
| 123|0x0000000088f00000, 0x0000000089000000, 0x0000000089000000|100%| E|CS|TAMS 0x0000000088f00000, 0x0000000088f00000| Complete 
| 124|0x0000000089000000, 0x0000000089100000, 0x0000000089100000|100%| E|CS|TAMS 0x0000000089000000, 0x0000000089000000| Complete 
| 125|0x0000000089100000, 0x0000000089200000, 0x0000000089200000|100%| E|CS|TAMS 0x0000000089100000, 0x0000000089100000| Complete 
| 126|0x0000000089200000, 0x0000000089300000, 0x0000000089300000|100%| E|CS|TAMS 0x0000000089200000, 0x0000000089200000| Complete 
| 127|0x0000000089300000, 0x0000000089400000, 0x0000000089400000|100%| E|CS|TAMS 0x0000000089300000, 0x0000000089300000| Complete 

Card table byte_map: [0x0000024ab8190000,0x0000024ab8590000] _byte_map_base: 0x0000024ab7d86000

Marking Bits (Prev, Next): (CMBitMap*) 0x0000024aa15353f0, (CMBitMap*) 0x0000024aa1535430
 Prev Bits: [0x0000024ab8990000, 0x0000024aba940000)
 Next Bits: [0x0000024aba940000, 0x0000024abc8f0000)

Polling page: 0x0000024a9f3d0000

Metaspace:

Usage:
  Non-class:      9.60 MB used.
      Class:      1.32 MB used.
       Both:     10.92 MB used.

Virtual space:
  Non-class space:       64.00 MB reserved,       9.75 MB ( 15%) committed,  1 nodes.
      Class space:        1.00 GB reserved,       1.50 MB ( <1%) committed,  1 nodes.
             Both:        1.06 GB reserved,      11.25 MB (  1%) committed. 

Chunk freelists:
   Non-Class:  6.05 MB
       Class:  14.53 MB
        Both:  20.58 MB

MaxMetaspaceSize: unlimited
CompressedClassSpaceSize: 1.00 GB
Initial GC threshold: 21.00 MB
Current GC threshold: 21.00 MB
CDS: on
MetaspaceReclaimPolicy: balanced
 - commit_granule_bytes: 65536.
 - commit_granule_words: 8192.
 - virtual_space_node_default_size: 8388608.
 - enlarge_chunks_in_place: 1.
 - new_chunks_are_fully_committed: 0.
 - uncommit_free_chunks: 1.
 - use_allocation_guard: 0.
 - handle_deallocations: 1.


Internal statistics:

num_allocs_failed_limit: 0.
num_arena_births: 310.
num_arena_deaths: 0.
num_vsnodes_births: 2.
num_vsnodes_deaths: 0.
num_space_committed: 180.
num_space_uncommitted: 0.
num_chunks_returned_to_freelist: 0.
num_chunks_taken_from_freelist: 633.
num_chunk_merges: 0.
num_chunk_splits: 394.
num_chunks_enlarged: 259.
num_inconsistent_stats: 0.

CodeHeap 'non-profiled nmethods': size=120000Kb used=841Kb max_used=841Kb free=119158Kb
 bounds [0x0000024ab0860000, 0x0000024ab0ad0000, 0x0000024ab7d90000]
CodeHeap 'profiled nmethods': size=120000Kb used=3577Kb max_used=3577Kb free=116422Kb
 bounds [0x0000024aa8d90000, 0x0000024aa9110000, 0x0000024ab02c0000]
CodeHeap 'non-nmethods': size=5760Kb used=1171Kb max_used=1215Kb free=4588Kb
 bounds [0x0000024ab02c0000, 0x0000024ab0530000, 0x0000024ab0860000]
 total_blobs=2349 nmethods=1888 adapters=373
 compilation: enabled
              stopped_count=0, restarted_count=0
 full_count=0

Compilation events (20 events):
Event: 25.830 Thread 0x0000024abedaf2f0 1865       3       java.util.stream.ReferencePipeline$3::<init> (20 bytes)
Event: 25.831 Thread 0x0000024abedaf2f0 nmethod 1865 0x0000024aa90f6890 code [0x0000024aa90f6a40, 0x0000024aa90f6d28]
Event: 25.831 Thread 0x0000024abedaf2f0 1866       3       java.util.stream.ReferencePipeline$3::opWrapSink (10 bytes)
Event: 25.831 Thread 0x0000024abedaf2f0 nmethod 1866 0x0000024aa90f6e90 code [0x0000024aa90f7080, 0x0000024aa90f7648]
Event: 25.831 Thread 0x0000024abedaf2f0 1867       3       java.util.stream.ReferencePipeline$3$1::<init> (11 bytes)
Event: 25.832 Thread 0x0000024abedaf2f0 nmethod 1867 0x0000024aa90f7810 code [0x0000024aa90f79e0, 0x0000024aa90f7ee8]
Event: 25.832 Thread 0x0000024abedaf2f0 1868       3       java.util.stream.Sink$ChainedReference::begin (11 bytes)
Event: 25.832 Thread 0x0000024abedaf2f0 nmethod 1868 0x0000024aa90f8090 code [0x0000024aa90f8240, 0x0000024aa90f8408]
Event: 25.832 Thread 0x0000024abedaf2f0 1869       1       org.springframework.core.env.PropertySource$StubPropertySource::getProperty (2 bytes)
Event: 25.832 Thread 0x0000024abedaf2f0 nmethod 1869 0x0000024ab0932190 code [0x0000024ab0932320, 0x0000024ab09323f8]
Event: 25.839 Thread 0x0000024abedaf2f0 1870       3       java.lang.invoke.MemberName::changeReferenceKind (60 bytes)
Event: 25.840 Thread 0x0000024abedaf2f0 nmethod 1870 0x0000024aa90f8510 code [0x0000024aa90f86a0, 0x0000024aa90f87d8]
Event: 25.842 Thread 0x0000024abedaf2f0 1871       3       java.util.stream.ReferencePipeline::wrap (11 bytes)
Event: 25.842 Thread 0x0000024abedaf2f0 nmethod 1871 0x0000024aa90f8890 code [0x0000024aa90f8a40, 0x0000024aa90f8d98]
Event: 25.842 Thread 0x0000024abedaf2f0 1872       3       java.util.stream.AbstractPipeline$$Lambda$162/0x0000024ac00e0f20::get (8 bytes)
Event: 25.843 Thread 0x0000024abedaf2f0 nmethod 1872 0x0000024aa90f8f10 code [0x0000024aa90f90c0, 0x0000024aa90f9268]
Event: 25.843 Thread 0x0000024abedaf2f0 1873       3       java.util.stream.AbstractPipeline::lambda$spliterator$0 (6 bytes)
Event: 25.843 Thread 0x0000024abedaf2f0 nmethod 1873 0x0000024aa90f9390 code [0x0000024aa90f9520, 0x0000024aa90f9668]
Event: 25.843 Thread 0x0000024abedaf2f0 1874       3       java.lang.Module::implIsExportedOrOpen (92 bytes)
Event: 25.844 Thread 0x0000024abedaf2f0 nmethod 1874 0x0000024aa90f9710 code [0x0000024aa90f9940, 0x0000024aa90fa058]

GC Heap History (6 events):
Event: 5.519 GC heap before
{Heap before GC invocations=0 (full 0):
 garbage-first heap   total 131072K, used 16384K [0x0000000081400000, 0x0000000100000000)
  region size 1024K, 13 young (13312K), 0 survivors (0K)
 Metaspace       used 2080K, committed 2304K, reserved 1114112K
  class space    used 198K, committed 320K, reserved 1048576K
}
Event: 5.536 GC heap after
{Heap after GC invocations=1 (full 0):
 garbage-first heap   total 131072K, used 8846K [0x0000000081400000, 0x0000000100000000)
  region size 1024K, 2 young (2048K), 2 survivors (2048K)
 Metaspace       used 2080K, committed 2304K, reserved 1114112K
  class space    used 198K, committed 320K, reserved 1048576K
}
Event: 6.339 GC heap before
{Heap before GC invocations=1 (full 0):
 garbage-first heap   total 131072K, used 22158K [0x0000000081400000, 0x0000000100000000)
  region size 1024K, 11 young (11264K), 2 survivors (2048K)
 Metaspace       used 2550K, committed 2688K, reserved 1114112K
  class space    used 254K, committed 320K, reserved 1048576K
}
Event: 6.347 GC heap after
{Heap after GC invocations=2 (full 0):
 garbage-first heap   total 131072K, used 15806K [0x0000000081400000, 0x0000000100000000)
  region size 1024K, 2 young (2048K), 2 survivors (2048K)
 Metaspace       used 2550K, committed 2688K, reserved 1114112K
  class space    used 254K, committed 320K, reserved 1048576K
}
Event: 20.463 GC heap before
{Heap before GC invocations=2 (full 0):
 garbage-first heap   total 131072K, used 34238K [0x0000000081400000, 0x0000000100000000)
  region size 1024K, 20 young (20480K), 2 survivors (2048K)
 Metaspace       used 6146K, committed 6272K, reserved 1114112K
  class space    used 673K, committed 704K, reserved 1048576K
}
Event: 20.471 GC heap after
{Heap after GC invocations=3 (full 0):
 garbage-first heap   total 131072K, used 15276K [0x0000000081400000, 0x0000000100000000)
  region size 1024K, 2 young (2048K), 2 survivors (2048K)
 Metaspace       used 6146K, committed 6272K, reserved 1114112K
  class space    used 673K, committed 704K, reserved 1048576K
}

Deoptimization events (20 events):
Event: 24.333 Thread 0x0000024abeda3f60 Uncommon trap: trap_request=0xffffffc6 fr.pc=0x0000024ab0907068 relative=0x00000000000009c8
Event: 24.333 Thread 0x0000024abeda3f60 Uncommon trap: reason=bimorphic_or_optimized_type_check action=maybe_recompile pc=0x0000024ab0907068 method=java.util.HashMap.putVal(ILjava/lang/Object;Ljava/lang/Object;ZZ)Ljava/lang/Object; @ 91 c2
Event: 24.333 Thread 0x0000024abeda3f60 DEOPT PACKING pc=0x0000024ab0907068 sp=0x00000082243fd630
Event: 24.333 Thread 0x0000024abeda3f60 DEOPT UNPACKING pc=0x0000024ab03123a3 sp=0x00000082243fd5d0 mode 2
Event: 24.333 Thread 0x0000024abeda3f60 Uncommon trap: trap_request=0xffffffc6 fr.pc=0x0000024ab0907068 relative=0x00000000000009c8
Event: 24.333 Thread 0x0000024abeda3f60 Uncommon trap: reason=bimorphic_or_optimized_type_check action=maybe_recompile pc=0x0000024ab0907068 method=java.util.HashMap.putVal(ILjava/lang/Object;Ljava/lang/Object;ZZ)Ljava/lang/Object; @ 91 c2
Event: 24.334 Thread 0x0000024abeda3f60 DEOPT PACKING pc=0x0000024ab0907068 sp=0x00000082243fd630
Event: 24.334 Thread 0x0000024abeda3f60 DEOPT UNPACKING pc=0x0000024ab03123a3 sp=0x00000082243fd5d0 mode 2
Event: 25.532 Thread 0x0000024abeda3f60 Uncommon trap: trap_request=0xffffffde fr.pc=0x0000024ab088ce20 relative=0x00000000000001a0
Event: 25.532 Thread 0x0000024abeda3f60 Uncommon trap: reason=class_check action=maybe_recompile pc=0x0000024ab088ce20 method=java.lang.String.equals(Ljava/lang/Object;)Z @ 8 c2
Event: 25.532 Thread 0x0000024abeda3f60 DEOPT PACKING pc=0x0000024ab088ce20 sp=0x00000082243fc450
Event: 25.532 Thread 0x0000024abeda3f60 DEOPT UNPACKING pc=0x0000024ab03123a3 sp=0x00000082243fc3f8 mode 2
Event: 25.535 Thread 0x0000024abeda3f60 Uncommon trap: trap_request=0xffffff45 fr.pc=0x0000024ab08eff04 relative=0x0000000000000564
Event: 25.535 Thread 0x0000024abeda3f60 Uncommon trap: reason=unstable_if action=reinterpret pc=0x0000024ab08eff04 method=java.util.ArrayList.grow(I)[Ljava/lang/Object; @ 17 c2
Event: 25.535 Thread 0x0000024abeda3f60 DEOPT PACKING pc=0x0000024ab08eff04 sp=0x00000082243fcce0
Event: 25.535 Thread 0x0000024abeda3f60 DEOPT UNPACKING pc=0x0000024ab03123a3 sp=0x00000082243fcca8 mode 2
Event: 25.770 Thread 0x0000024abeda3f60 Uncommon trap: trap_request=0xffffff45 fr.pc=0x0000024ab08fafec relative=0x00000000000000ec
Event: 25.770 Thread 0x0000024abeda3f60 Uncommon trap: reason=unstable_if action=reinterpret pc=0x0000024ab08fafec method=jdk.internal.org.objectweb.asm.ByteVector.putShort(I)Ljdk/internal/org/objectweb/asm/ByteVector; @ 13 c2
Event: 25.770 Thread 0x0000024abeda3f60 DEOPT PACKING pc=0x0000024ab08fafec sp=0x00000082243fb440
Event: 25.770 Thread 0x0000024abeda3f60 DEOPT UNPACKING pc=0x0000024ab03123a3 sp=0x00000082243fb3d8 mode 2

Classes unloaded (0 events):
No events

Classes redefined (0 events):
No events

Internal exceptions (20 events):
Event: 24.608 Thread 0x0000024abeda3f60 Exception <a 'java/lang/NoSuchMethodError'{0x0000000088482e10}: 'java.lang.Object java.lang.invoke.Invokers$Holder.invoke_MT(java.lang.Object, java.lang.Object, java.lang.Object, java.lang.Object, java.lang.Object, java.lang.Object, java.lang.Object, java.lang.Object, java.lang.Object, java.lang.Object)'> (0x0000000088482e10) 
thrown [s\open\src\hotspot\share\interpreter\linkResolver.cpp, line 759]
Event: 24.659 Thread 0x0000024abeda3f60 Exception <a 'java/lang/NoSuchMethodError'{0x0000000088489338}: 'java.lang.Object java.lang.invoke.DirectMethodHandle$Holder.invokeStatic(java.lang.Object, java.lang.Object, int)'> (0x0000000088489338) 
thrown [s\open\src\hotspot\share\interpreter\linkResolver.cpp, line 759]
Event: 24.662 Thread 0x0000024abeda3f60 Exception <a 'java/lang/NoSuchMethodError'{0x000000008849c980}: 'void java.lang.invoke.DelegatingMethodHandle$Holder.delegate(java.lang.Object, java.lang.Object, int, java.lang.Object)'> (0x000000008849c980) 
thrown [s\open\src\hotspot\share\interpreter\linkResolver.cpp, line 759]
Event: 24.680 Thread 0x0000024abeda3f60 Exception <a 'java/lang/NoSuchMethodError'{0x00000000884bd5e8}: 'int java.lang.invoke.DirectMethodHandle$Holder.invokeVirtual(java.lang.Object, java.lang.Object, java.lang.Object)'> (0x00000000884bd5e8) 
thrown [s\open\src\hotspot\share\interpreter\linkResolver.cpp, line 759]
Event: 24.680 Thread 0x0000024abeda3f60 Exception <a 'java/lang/NoSuchMethodError'{0x00000000884c1da8}: 'int java.lang.invoke.DirectMethodHandle$Holder.invokeStaticInit(java.lang.Object, int, int)'> (0x00000000884c1da8) 
thrown [s\open\src\hotspot\share\interpreter\linkResolver.cpp, line 759]
Event: 24.681 Thread 0x0000024abeda3f60 Exception <a 'java/lang/NoSuchMethodError'{0x00000000884c9938}: 'int java.lang.invoke.DirectMethodHandle$Holder.invokeStaticInit(java.lang.Object, long, long)'> (0x00000000884c9938) 
thrown [s\open\src\hotspot\share\interpreter\linkResolver.cpp, line 759]
Event: 24.682 Thread 0x0000024abeda3f60 Exception <a 'java/lang/NoSuchMethodError'{0x00000000884d0a30}: 'int java.lang.invoke.DirectMethodHandle$Holder.invokeStaticInit(java.lang.Object, float, float)'> (0x00000000884d0a30) 
thrown [s\open\src\hotspot\share\interpreter\linkResolver.cpp, line 759]
Event: 24.683 Thread 0x0000024abeda3f60 Exception <a 'java/lang/NoSuchMethodError'{0x00000000884d7b30}: 'int java.lang.invoke.DirectMethodHandle$Holder.invokeStaticInit(java.lang.Object, double, double)'> (0x00000000884d7b30) 
thrown [s\open\src\hotspot\share\interpreter\linkResolver.cpp, line 759]
Event: 24.683 Thread 0x0000024abeda3f60 Exception <a 'java/lang/NoSuchMethodError'{0x00000000884dc3a8}: 'int java.lang.invoke.DirectMethodHandle$Holder.invokeStatic(java.lang.Object, long)'> (0x00000000884dc3a8) 
thrown [s\open\src\hotspot\share\interpreter\linkResolver.cpp, line 759]
Event: 24.692 Thread 0x0000024abeda3f60 Exception <a 'java/lang/NoSuchMethodError'{0x0000000088300d68}: 'int java.lang.invoke.Invokers$Holder.linkToTargetMethod(java.lang.Object, java.lang.Object)'> (0x0000000088300d68) 
thrown [s\open\src\hotspot\share\interpreter\linkResolver.cpp, line 759]
Event: 25.540 Thread 0x0000024abeda3f60 Exception <a 'java/lang/NoSuchMethodError'{0x00000000882d6098}: 'java.lang.Object java.lang.invoke.DirectMethodHandle$Holder.invokeSpecial(java.lang.Object, java.lang.Object, java.lang.Object, int, java.lang.Object)'> (0x00000000882d6098) 
thrown [s\open\src\hotspot\share\interpreter\linkResolver.cpp, line 759]
Event: 25.541 Thread 0x0000024abeda3f60 Exception <a 'java/lang/NoSuchMethodError'{0x00000000882de600}: 'java.lang.Object java.lang.invoke.DirectMethodHandle$Holder.newInvokeSpecial(java.lang.Object, java.lang.Object, java.lang.Object, int, java.lang.Object)'> (0x00000000882de600) 
thrown [s\open\src\hotspot\share\interpreter\linkResolver.cpp, line 759]
Event: 25.542 Thread 0x0000024abeda3f60 Exception <a 'java/lang/NoSuchMethodError'{0x00000000882e5fd0}: 'java.lang.Object java.lang.invoke.Invokers$Holder.linkToTargetMethod(java.lang.Object, java.lang.Object, int, java.lang.Object, java.lang.Object)'> (0x00000000882e5fd0) 
thrown [s\open\src\hotspot\share\interpreter\linkResolver.cpp, line 759]
Event: 25.544 Thread 0x0000024abeda3f60 Exception <a 'java/lang/NoSuchMethodError'{0x00000000882f24c0}: 'java.lang.Object java.lang.invoke.DirectMethodHandle$Holder.newInvokeSpecial(java.lang.Object, int, java.lang.Object)'> (0x00000000882f24c0) 
thrown [s\open\src\hotspot\share\interpreter\linkResolver.cpp, line 759]
Event: 25.546 Thread 0x0000024abeda3f60 Exception <a 'java/lang/NoSuchMethodError'{0x00000000882f6f90}: 'int java.lang.invoke.DirectMethodHandle$Holder.invokeSpecialIFC(java.lang.Object, java.lang.Object, java.lang.Object, java.lang.Object)'> (0x00000000882f6f90) 
thrown [s\open\src\hotspot\share\interpreter\linkResolver.cpp, line 759]
Event: 25.557 Thread 0x0000024abeda3f60 Exception <a 'java/lang/NoSuchMethodError'{0x00000000881321a8}: 'java.lang.Object java.lang.invoke.DirectMethodHandle$Holder.invokeSpecial(java.lang.Object, java.lang.Object, java.lang.Object, java.lang.Object, java.lang.Object, java.lang.Object, java.lang.Object, java.lang.Object, java.lang.Object)'> (0x00000000881321a8) 
thrown [s\open\src\hotspot\share\interpreter\linkResolver.cpp, line 759]
Event: 25.557 Thread 0x0000024abeda3f60 Exception <a 'java/lang/NoSuchMethodError'{0x0000000088136d78}: 'java.lang.Object java.lang.invoke.Invokers$Holder.invoke_MT(java.lang.Object, java.lang.Object, java.lang.Object, java.lang.Object, java.lang.Object, java.lang.Object, java.lang.Object, java.lang.Object, java.lang.Object)'> (0x0000000088136d78) 
thrown [s\open\src\hotspot\share\interpreter\linkResolver.cpp, line 759]
Event: 25.690 Thread 0x0000024abeda3f60 Exception <a 'java/lang/NoSuchMethodError'{0x00000000881d60c0}: 'java.lang.Object java.lang.invoke.DirectMethodHandle$Holder.invokeSpecial(java.lang.Object, java.lang.Object, int, java.lang.Object, java.lang.Object)'> (0x00000000881d60c0) 
thrown [s\open\src\hotspot\share\interpreter\linkResolver.cpp, line 759]
Event: 25.690 Thread 0x0000024abeda3f60 Exception <a 'java/lang/NoSuchMethodError'{0x00000000881d9d68}: 'java.lang.Object java.lang.invoke.DelegatingMethodHandle$Holder.delegate(java.lang.Object, int, java.lang.Object, java.lang.Object)'> (0x00000000881d9d68) 
thrown [s\open\src\hotspot\share\interpreter\linkResolver.cpp, line 759]
Event: 25.773 Thread 0x0000024abeda3f60 Exception <a 'java/lang/NoSuchMethodError'{0x00000000881eaf18}: 'int java.lang.invoke.Invokers$Holder.linkToTargetMethod(java.lang.Object, java.lang.Object, java.lang.Object)'> (0x00000000881eaf18) 
thrown [s\open\src\hotspot\share\interpreter\linkResolver.cpp, line 759]

VM Operations (20 events):
Event: 17.537 Executing VM operation: Cleanup
Event: 17.553 Executing VM operation: Cleanup done
Event: 18.563 Executing VM operation: Cleanup
Event: 18.749 Executing VM operation: Cleanup done
Event: 19.758 Executing VM operation: Cleanup
Event: 19.788 Executing VM operation: Cleanup done
Event: 20.463 Executing VM operation: G1CollectForAllocation
Event: 20.471 Executing VM operation: G1CollectForAllocation done
Event: 21.482 Executing VM operation: Cleanup
Event: 21.483 Executing VM operation: Cleanup done
Event: 22.088 Executing VM operation: HandshakeAllThreads
Event: 22.088 Executing VM operation: HandshakeAllThreads done
Event: 23.099 Executing VM operation: Cleanup
Event: 23.160 Executing VM operation: Cleanup done
Event: 24.161 Executing VM operation: Cleanup
Event: 24.208 Executing VM operation: Cleanup done
Event: 24.659 Executing VM operation: HandshakeAllThreads
Event: 24.659 Executing VM operation: HandshakeAllThreads done
Event: 25.666 Executing VM operation: Cleanup
Event: 25.682 Executing VM operation: Cleanup done

Events (20 events):
Event: 25.603 loading class jdk/internal/access/JavaBeansAccess
Event: 25.612 loading class jdk/internal/access/JavaBeansAccess done
Event: 25.612 loading class java/beans/Introspector$1 done
Event: 25.629 loading class java/util/AbstractList$RandomAccessSubList
Event: 25.672 loading class java/util/AbstractList$SubList
Event: 25.672 loading class java/util/AbstractList$SubList done
Event: 25.672 loading class java/util/AbstractList$RandomAccessSubList done
Event: 25.682 loading class java/util/AbstractList$ListItr
Event: 25.682 loading class java/util/AbstractList$Itr
Event: 25.689 loading class java/util/AbstractList$Itr done
Event: 25.689 loading class java/util/AbstractList$ListItr done
Event: 25.689 loading class java/util/AbstractList$SubList$1
Event: 25.689 loading class java/util/AbstractList$SubList$1 done
Event: 25.691 loading class java/lang/invoke/MethodHandleImpl$CountingWrapper
Event: 25.768 loading class java/lang/invoke/MethodHandleImpl$CountingWrapper done
Event: 25.800 loading class sun/reflect/generics/scope/MethodScope
Event: 25.800 loading class sun/reflect/generics/scope/MethodScope done
Event: 25.800 loading class sun/reflect/generics/repository/MethodRepository
Event: 25.800 loading class sun/reflect/generics/repository/MethodRepository done
Event: 25.843 loading class java/util/stream/ReferencePipeline$4


Dynamic libraries:
0x00007ff757850000 - 0x00007ff757860000 	C:\Program Files\Java\jdk-17\bin\javaw.exe
0x00007ff9ab310000 - 0x00007ff9ab508000 	C:\WINDOWS\SYSTEM32\ntdll.dll
0x00007ff9a9b40000 - 0x00007ff9a9c02000 	C:\WINDOWS\System32\KERNEL32.DLL
0x00007ff9a8f10000 - 0x00007ff9a9206000 	C:\WINDOWS\System32\KERNELBASE.dll
0x00007ff9a8d20000 - 0x00007ff9a8e20000 	C:\WINDOWS\System32\ucrtbase.dll
0x00007ff98b690000 - 0x00007ff98b6a9000 	C:\Program Files\Java\jdk-17\bin\jli.dll
0x00007ff995200000 - 0x00007ff99521b000 	C:\Program Files\Java\jdk-17\bin\VCRUNTIME140.dll
0x00007ff9aa6a0000 - 0x00007ff9aa751000 	C:\WINDOWS\System32\ADVAPI32.dll
0x00007ff9aa350000 - 0x00007ff9aa3ee000 	C:\WINDOWS\System32\msvcrt.dll
0x00007ff9a9d80000 - 0x00007ff9a9e1f000 	C:\WINDOWS\System32\sechost.dll
0x00007ff9a9f70000 - 0x00007ff9aa090000 	C:\WINDOWS\System32\RPCRT4.dll
0x00007ff9a8e20000 - 0x00007ff9a8e47000 	C:\WINDOWS\System32\bcrypt.dll
0x00007ff9aa140000 - 0x00007ff9aa2e1000 	C:\WINDOWS\System32\USER32.dll
0x00007ff9a8e50000 - 0x00007ff9a8e72000 	C:\WINDOWS\System32\win32u.dll
0x00007ff9a9d40000 - 0x00007ff9a9d6b000 	C:\WINDOWS\System32\GDI32.dll
0x00007ff9a8b50000 - 0x00007ff9a8c69000 	C:\WINDOWS\System32\gdi32full.dll
0x00007ff9a9290000 - 0x00007ff9a932d000 	C:\WINDOWS\System32\msvcp_win.dll
0x00007ff992080000 - 0x00007ff99231b000 	C:\WINDOWS\WinSxS\amd64_microsoft.windows.common-controls_6595b64144ccf1df_6.0.19041.6456_none_60b8a6cb71f64256\COMCTL32.dll
0x00007ff99f1c0000 - 0x00007ff99f1ca000 	C:\WINDOWS\SYSTEM32\VERSION.dll
0x00007ff9aa3f0000 - 0x00007ff9aa41f000 	C:\WINDOWS\System32\IMM32.DLL
0x00007ff9986c0000 - 0x00007ff9986cc000 	C:\Program Files\Java\jdk-17\bin\vcruntime140_1.dll
0x00007ff964240000 - 0x00007ff9642ce000 	C:\Program Files\Java\jdk-17\bin\msvcp140.dll
0x00007ff957ce0000 - 0x00007ff9588c0000 	C:\Program Files\Java\jdk-17\bin\server\jvm.dll
0x00007ff9a9d70000 - 0x00007ff9a9d78000 	C:\WINDOWS\System32\PSAPI.DLL
0x00007ff994990000 - 0x00007ff9949b7000 	C:\WINDOWS\SYSTEM32\WINMM.dll
0x00007ff994a30000 - 0x00007ff994a39000 	C:\WINDOWS\SYSTEM32\WSOCK32.dll
0x00007ff9a9c10000 - 0x00007ff9a9c7b000 	C:\WINDOWS\System32\WS2_32.dll
0x00007ff9a71b0000 - 0x00007ff9a71c2000 	C:\WINDOWS\SYSTEM32\kernel.appcore.dll
0x00007ff9a1280000 - 0x00007ff9a128a000 	C:\Program Files\Java\jdk-17\bin\jimage.dll
0x00007ff9a6e60000 - 0x00007ff9a7061000 	C:\WINDOWS\SYSTEM32\DBGHELP.DLL
0x00007ff9957f0000 - 0x00007ff995824000 	C:\WINDOWS\SYSTEM32\dbgcore.DLL
0x00007ff9a8e80000 - 0x00007ff9a8f02000 	C:\WINDOWS\System32\bcryptPrimitives.dll
0x00007ff971700000 - 0x00007ff971725000 	C:\Program Files\Java\jdk-17\bin\java.dll
0x00007ff9610c0000 - 0x00007ff961197000 	C:\Program Files\Java\jdk-17\bin\jsvml.dll
0x00007ff9a93b0000 - 0x00007ff9a9b20000 	C:\WINDOWS\System32\SHELL32.dll
0x00007ff9a65e0000 - 0x00007ff9a6d85000 	C:\WINDOWS\SYSTEM32\windows.storage.dll
0x00007ff9aaea0000 - 0x00007ff9ab1f4000 	C:\WINDOWS\System32\combase.dll
0x00007ff9a8360000 - 0x00007ff9a838b000 	C:\WINDOWS\SYSTEM32\Wldp.dll
0x00007ff9ab200000 - 0x00007ff9ab2cd000 	C:\WINDOWS\System32\OLEAUT32.dll
0x00007ff9aa420000 - 0x00007ff9aa4cd000 	C:\WINDOWS\System32\SHCORE.dll
0x00007ff9a9f10000 - 0x00007ff9a9f6b000 	C:\WINDOWS\System32\shlwapi.dll
0x00007ff9a88d0000 - 0x00007ff9a88f4000 	C:\WINDOWS\SYSTEM32\profapi.dll
0x00007ff9a1180000 - 0x00007ff9a1199000 	C:\Program Files\Java\jdk-17\bin\net.dll
0x00007ff99e3d0000 - 0x00007ff99e4da000 	C:\WINDOWS\SYSTEM32\WINHTTP.dll
0x00007ff9a8050000 - 0x00007ff9a80ba000 	C:\WINDOWS\system32\mswsock.dll
0x00007ff975940000 - 0x00007ff975956000 	C:\Program Files\Java\jdk-17\bin\nio.dll
0x00007ff971650000 - 0x00007ff971668000 	C:\Program Files\Java\jdk-17\bin\zip.dll
0x00007ff9a4490000 - 0x00007ff9a449a000 	C:\Program Files\Java\jdk-17\bin\management.dll
0x00007ff9a4480000 - 0x00007ff9a448b000 	C:\Program Files\Java\jdk-17\bin\management_ext.dll

dbghelp: loaded successfully - version: 4.0.5 - missing functions: none
symbol engine: initialized successfully - sym options: 0x614 - pdb path: .;C:\Program Files\Java\jdk-17\bin;C:\WINDOWS\SYSTEM32;C:\WINDOWS\WinSxS\amd64_microsoft.windows.common-controls_6595b64144ccf1df_6.0.19041.6456_none_60b8a6cb71f64256;C:\Program Files\Java\jdk-17\bin\server

VM Arguments:
jvm_args: -Dfile.encoding=UTF-8 -Dstdout.encoding=UTF-8 -Dstderr.encoding=UTF-8 -XX:+ShowCodeDetailsInExceptionMessages 
java_command: com.ecommerce.cartservice.CartServiceApplication
java_class_path (initial): G:\Ecommerce-Backend\SpringBootProj01\ecommerc_microservices\cart-service\target\classes;C:\Users\Shree\.m2\repository\org\springframework\boot\spring-boot-starter-web\3.5.6\spring-boot-starter-web-3.5.6.jar;C:\Users\Shree\.m2\repository\org\springframework\boot\spring-boot-starter\3.5.6\spring-boot-starter-3.5.6.jar;C:\Users\Shree\.m2\repository\org\springframework\boot\spring-boot-starter-logging\3.5.6\spring-boot-starter-logging-3.5.6.jar;C:\Users\Shree\.m2\repository\ch\qos\logback\logback-classic\1.5.18\logback-classic-1.5.18.jar;C:\Users\Shree\.m2\repository\ch\qos\logback\logback-core\1.5.18\logback-core-1.5.18.jar;C:\Users\Shree\.m2\repository\org\apache\logging\log4j\log4j-to-slf4j\2.24.3\log4j-to-slf4j-2.24.3.jar;C:\Users\Shree\.m2\repository\org\apache\logging\log4j\log4j-api\2.24.3\log4j-api-2.24.3.jar;C:\Users\Shree\.m2\repository\org\slf4j\jul-to-slf4j\2.0.17\jul-to-slf4j-2.0.17.jar;C:\Users\Shree\.m2\repository\jakarta\annotation\jakarta.annotation-api\2.1.1\jakarta.annotation-api-2.1.1.jar;C:\Users\Shree\.m2\repository\org\yaml\snakeyaml\2.4\snakeyaml-2.4.jar;C:\Users\Shree\.m2\repository\org\springframework\boot\spring-boot-starter-json\3.5.6\spring-boot-starter-json-3.5.6.jar;C:\Users\Shree\.m2\repository\com\fasterxml\jackson\datatype\jackson-datatype-jdk8\2.19.2\jackson-datatype-jdk8-2.19.2.jar;C:\Users\Shree\.m2\repository\com\fasterxml\jackson\datatype\jackson-datatype-jsr310\2.19.2\jackson-datatype-jsr310-2.19.2.jar;C:\Users\Shree\.m2\repository\com\fasterxml\jackson\module\jackson-module-parameter-names\2.19.2\jackson-module-parameter-names-2.19.2.jar;C:\Users\Shree\.m2\repository\org\springframework\boot\spring-boot-starter-tomcat\3.5.6\spring-boot-starter-tomcat-3.5.6.jar;C:\Users\Shree\.m2\repository\org\apache\tomcat\embed\tomcat-embed-core\10.1.46\tomcat-embed-core-10.1.46.jar;C:\Users\Shree\.m2\repository\org\apache\tomcat\embed\tomcat-embed-el\10.1.46\tomcat-embed-el-10.1.46.jar;C:\Users\Shree\.m2\repositor
Launcher Type: SUN_STANDARD

[Global flags]
     intx CICompilerCount                          = 3                                         {product} {ergonomic}
     uint ConcGCThreads                            = 1                                         {product} {ergonomic}
     uint G1ConcRefinementThreads                  = 4                                         {product} {ergonomic}
   size_t G1HeapRegionSize                         = 1048576                                   {product} {ergonomic}
    uintx GCDrainStackTargetSize                   = 64                                        {product} {ergonomic}
   size_t InitialHeapSize                          = 134217728                                 {product} {ergonomic}
   size_t MarkStackSize                            = 4194304                                   {product} {ergonomic}
   size_t MaxHeapSize                              = 2126512128                                {product} {ergonomic}
   size_t MaxNewSize                               = 1275068416                                {product} {ergonomic}
   size_t MinHeapDeltaBytes                        = 1048576                                   {product} {ergonomic}
   size_t MinHeapSize                              = 8388608                                   {product} {ergonomic}
    uintx NonNMethodCodeHeapSize                   = 5832780                                {pd product} {ergonomic}
    uintx NonProfiledCodeHeapSize                  = 122912730                              {pd product} {ergonomic}
    uintx ProfiledCodeHeapSize                     = 122912730                              {pd product} {ergonomic}
    uintx ReservedCodeCacheSize                    = 251658240                              {pd product} {ergonomic}
     bool SegmentedCodeCache                       = true                                      {product} {ergonomic}
     bool ShowCodeDetailsInExceptionMessages       = true                                   {manageable} {command line}
   size_t SoftMaxHeapSize                          = 2126512128                             {manageable} {ergonomic}
     bool UseCompressedClassPointers               = true                           {product lp64_product} {ergonomic}
     bool UseCompressedOops                        = true                           {product lp64_product} {ergonomic}
     bool UseG1GC                                  = true                                      {product} {ergonomic}
     bool UseLargePagesIndividualAllocation        = false                                  {pd product} {ergonomic}

Logging:
Log output configuration:
 #0: stdout all=warning uptime,level,tags
 #1: stderr all=off uptime,level,tags

Environment Variables:
JAVA_HOME=C:\Program Files\Java\jdk-17
PATH=C:/Users/Shree/.p2/pool/plugins/org.eclipse.justj.openjdk.hotspot.jre.full.win32.x86_64_21.0.7.v20250502-0916/jre/bin/server;C:/Users/Shree/.p2/pool/plugins/org.eclipse.justj.openjdk.hotspot.jre.full.win32.x86_64_21.0.7.v20250502-0916/jre/bin;H:\oracle\product\10.2.0\db_3\bin;C:\Program Files (x86)\Intel\iCLS Client\;C:\Program Files\Intel\iCLS Client\;C:\WINDOWS\system32;C:\WINDOWS;C:\WINDOWS\System32\Wbem;C:\WINDOWS\System32\WindowsPowerShell\v1.0\;C:\Windows\IsmFiles;C:\Program Files (x86)\Intel\Intel(R) Management Engine Components\DAL;C:\Program Files\Intel\Intel(R) Management Engine Components\DAL;C:\Program Files (x86)\Intel\Intel(R) Management Engine Components\IPT;C:\Program Files\Intel\Intel(R) Management Engine Components\IPT;C:\WINDOWS\System32\OpenSSH\;C:\Users\Shree\AppData\Local\Programs\Python\Python38-32;C:\Users\Shree\AppData\Local\Programs\Python\Python38-32\Scripts;C:\MinGW\bin;C:\xampp\php;C:\ProgramData\ComposerSetup\bin;C:\ProgramData\chocolatey\bin;C:\xampp1\php;C:\Users\Shree\.vscode\extensions\ms-dotnettools.csharp-1.23.8\.omnisharp\1.37.5;F:\Git\cmd;C:\Program Files\nodejs\;C:\Program Files\MySQL\MySQL Server 8.0\bin;C:\Program Files\Java\jdk-17\bin;C:\Program Files\Java\jdk-17\bin;C:\Program Files\apache-maven-3.9.11\bin;C:\Users\Shree\.local\bin;C:\Program Files\MySQL\MySQL Shell 8.0\bin\;C:\Users\Shree\AppData\Local\Microsoft\WindowsApps;C:\Users\Shree\.dotnet\tools;C:\Users\Shree\AppData\Local\JetBrains\PyCharm Community Edition 2019.3.4\bin;;C:\Users\Shree\AppData\Local\Programs\Microsoft VS Code\bin;C:\Users\Shree\AppData\Roaming\Composer\vendor\bin;C:\Users\Shree\AppData\Local\GitHubDesktop\bin;C:\Users\Shree\AppData\Roaming\npm;C:\Windows\System32\wbem;C:\Windows\System32;C:\Users\Shree\.local\bin;C:\Program Files\Java\jdk-17\bin;C:\Program Files\Java\jdk-17\bin;C:\Program Files\apache-maven-3.9.11\bin;;C:\WINDOWS\System32;
USERNAME=Shree
OS=Windows_NT
PROCESSOR_IDENTIFIER=Intel64 Family 6 Model 78 Stepping 3, GenuineIntel



---------------  S Y S T E M  ---------------

OS:
 Windows 10 , 64 bit Build 19041 (10.0.19041.5915)
OS uptime: 4 days 23:33 hours

CPU: total 4 (initial active 4) (2 cores per cpu, 2 threads per core) family 6 model 78 stepping 3 microcode 0xcc, cx8, cmov, fxsr, ht, mmx, 3dnowpref, sse, sse2, sse3, ssse3, sse4.1, sse4.2, popcnt, lzcnt, tsc, tscinvbit, avx, avx2, aes, erms, clmul, bmi1, bmi2, adx, fma, vzeroupper, clflush, clflushopt

Memory: 4k page, system-wide physical 8108M (290M free)
TotalPageFile size 14252M (AvailPageFile size 4M)
current process WorkingSet (physical memory assigned to process): 114M, peak: 114M
current process commit charge ("private bytes"): 239M, peak: 239M

vm_info: Java HotSpot(TM) 64-Bit Server VM (17.0.12+8-LTS-286) for windows-amd64 JRE (17.0.12+8-LTS-286), built on Jun  5 2024 06:46:59 by "mach5one" with MS VC++ 17.6 (VS2022)

END.
