#
# There is insufficient memory for the Java Runtime Environment to continue.
# Native memory allocation (malloc) failed to allocate 1048576 bytes. Error detail: AllocateHeap
# Possible reasons:
#   The system is out of physical RAM or swap space
#   This process is running with CompressedOops enabled, and the Java Heap may be blocking the growth of the native heap
# Possible solutions:
#   Reduce memory load on the system
#   Increase physical memory or swap space
#   Check if swap backing store is full
#   Decrease Java heap size (-Xmx/-Xms)
#   Decrease number of Java threads
#   Decrease Java thread stack sizes (-Xss)
#   Set larger code cache with -XX:ReservedCodeCacheSize=
#   JVM is running with Unscaled Compressed Oops mode in which the Java heap is
#     placed in the first 4GB address space. The Java Heap base address is the
#     maximum limit for the native heap growth. Please use -XX:HeapBaseMinAddress
#     to set the Java Heap base and to place the Java Heap above 4GB virtual address.
# This output file may be truncated or incomplete.
#
#  Out of Memory Error (allocation.cpp:44), pid=14752, tid=10600
#
# JRE version: OpenJDK Runtime Environment Temurin-21.0.7+6 (21.0.7+6) (build 21.0.7+6-LTS)
# Java VM: OpenJDK 64-Bit Server VM Temurin-21.0.7+6 (21.0.7+6-LTS, mixed mode, sharing, tiered, compressed oops, compressed class ptrs, g1 gc, windows-amd64)
# No core dump will be written. Minidumps are not enabled by default on client versions of Windows
#

---------------  S U M M A R Y ------------

Command Line: -Dfile.encoding=UTF-8 -Dstdout.encoding=UTF-8 -Dstderr.encoding=UTF-8 -XX:+ShowCodeDetailsInExceptionMessages com.ecommerce.orderservice.OrderServiceApplication

Host: Intel(R) Core(TM) i3-6006U CPU @ 2.00GHz, 4 cores, 7G,  Windows 10 , 64 bit Build 19041 (10.0.19041.5915)
Time: Thu Nov 13 23:17:24 2025 India Standard Time elapsed time: 1944.826237 seconds (0d 0h 32m 24s)

---------------  T H R E A D  ---------------

Current thread (0x00000170f57a4b90):  VMThread "VM Thread"          [id=10600, stack(0x000000281d500000,0x000000281d600000) (1024K)]

Stack: [0x000000281d500000,0x000000281d600000]
Native frames: (J=compiled Java code, j=interpreted, Vv=VM code, C=native code)
V  [jvm.dll+0x6ce119]
V  [jvm.dll+0x8a84a1]
V  [jvm.dll+0x8aa9ce]
V  [jvm.dll+0x8ab0b3]
V  [jvm.dll+0x27f8a6]
V  [jvm.dll+0xbfba7]
V  [jvm.dll+0x346802]
V  [jvm.dll+0x34127e]
V  [jvm.dll+0x329b78]
V  [jvm.dll+0x36be04]
V  [jvm.dll+0x8b0dcf]
V  [jvm.dll+0x8b2154]
V  [jvm.dll+0x8b2690]
V  [jvm.dll+0x8b2933]
V  [jvm.dll+0x851f6b]
V  [jvm.dll+0x6cc7dd]
C  [ucrtbase.dll+0x21bb2]
C  [KERNEL32.DLL+0x17374]
C  [ntdll.dll+0x4cc91]

VM_Operation (0x000000281e6ff480): G1CollectFull, mode: safepoint, requested by thread 0x00000170fc0cf530


---------------  P R O C E S S  ---------------

Threads class SMR info:
_java_thread_list=0x00000170fae86f70, length=14, elements={
0x00000170f57c58c0, 0x00000170f57c6570, 0x00000170f57c9340, 0x00000170f57cc120,
0x00000170f57d4b80, 0x00000170f57d9190, 0x00000170f57dd600, 0x00000170f57de090,
0x00000170f57d9820, 0x00000170f57d8b00, 0x00000170fc6b79f0, 0x00000170fc6b7360,
0x00000170fd2327f0, 0x00000170fc0cf530
}

Java Threads: ( => current thread )
  0x00000170f57c58c0 JavaThread "Reference Handler"          daemon [_thread_blocked, id=4016, stack(0x000000281d600000,0x000000281d700000) (1024K)]
  0x00000170f57c6570 JavaThread "Finalizer"                  daemon [_thread_blocked, id=5736, stack(0x000000281d700000,0x000000281d800000) (1024K)]
  0x00000170f57c9340 JavaThread "Signal Dispatcher"          daemon [_thread_blocked, id=5276, stack(0x000000281d800000,0x000000281d900000) (1024K)]
  0x00000170f57cc120 JavaThread "Attach Listener"            daemon [_thread_blocked, id=11576, stack(0x000000281d900000,0x000000281da00000) (1024K)]
  0x00000170f57d4b80 JavaThread "Service Thread"             daemon [_thread_blocked, id=13328, stack(0x000000281da00000,0x000000281db00000) (1024K)]
  0x00000170f57d9190 JavaThread "Monitor Deflation Thread"   daemon [_thread_blocked, id=10620, stack(0x000000281db00000,0x000000281dc00000) (1024K)]
  0x00000170f57dd600 JavaThread "C2 CompilerThread0"         daemon [_thread_blocked, id=8676, stack(0x000000281dc00000,0x000000281dd00000) (1024K)]
  0x00000170f57de090 JavaThread "C1 CompilerThread0"         daemon [_thread_blocked, id=14836, stack(0x000000281dd00000,0x000000281de00000) (1024K)]
  0x00000170f57d9820 JavaThread "Notification Thread"        daemon [_thread_blocked, id=12948, stack(0x000000281de00000,0x000000281df00000) (1024K)]
  0x00000170f57d8b00 JavaThread "Common-Cleaner"             daemon [_thread_blocked, id=2380, stack(0x000000281df00000,0x000000281e000000) (1024K)]
  0x00000170fc6b79f0 JavaThread "mysql-cj-abandoned-connection-cleanup" daemon [_thread_blocked, id=16244, stack(0x000000281ea00000,0x000000281eb00000) (1024K)]
  0x00000170fc6b7360 JavaThread "spectator-gauge-polling-0"  daemon [_thread_blocked, id=8064, stack(0x000000281ee00000,0x000000281ef00000) (1024K)]
  0x00000170fd2327f0 JavaThread "DestroyJavaVM"                     [_thread_blocked, id=16308, stack(0x000000281ce00000,0x000000281cf00000) (1024K)]
  0x00000170fc0cf530 JavaThread "Thread-1"                          [_thread_blocked, id=8892, stack(0x000000281e600000,0x000000281e700000) (1024K)]
Total: 14

Other Threads:
=>0x00000170f57a4b90 VMThread "VM Thread"                           [id=10600, stack(0x000000281d500000,0x000000281d600000) (1024K)]
  0x00000170f57974f0 WatcherThread "VM Periodic Task Thread"        [id=7540, stack(0x000000281d400000,0x000000281d500000) (1024K)]
  0x00000170de3de2f0 WorkerThread "GC Thread#0"                     [id=6904, stack(0x000000281cf00000,0x000000281d000000) (1024K)]
  0x00000170fa192650 WorkerThread "GC Thread#1"                     [id=15764, stack(0x000000281e000000,0x000000281e100000) (1024K)]
  0x00000170fa1929f0 WorkerThread "GC Thread#2"                     [id=5256, stack(0x000000281e100000,0x000000281e200000) (1024K)]
  0x00000170fa952fb0 WorkerThread "GC Thread#3"                     [id=8668, stack(0x000000281e200000,0x000000281e300000) (1024K)]
  0x00000170de3ef9a0 ConcurrentGCThread "G1 Main Marker"            [id=3000, stack(0x000000281d000000,0x000000281d100000) (1024K)]
  0x00000170de3f04a0 WorkerThread "G1 Conc#0"                       [id=12932, stack(0x000000281d100000,0x000000281d200000) (1024K)]
  0x00000170de43e3f0 ConcurrentGCThread "G1 Refine#0"               [id=5592, stack(0x000000281d200000,0x000000281d300000) (1024K)]
  0x00000170f5657de0 ConcurrentGCThread "G1 Service"                [id=15628, stack(0x000000281d300000,0x000000281d400000) (1024K)]
Total: 10

Threads with active compile tasks:
C1 CompilerThread0  1944904 11459       3       org.apache.juli.logging.DirectJDKLog::isDebugEnabled (11 bytes)
Total: 1

VM state: at safepoint (normal execution)

VM Mutex/Monitor currently owned by a thread:  ([mutex/lock_event])
[0x00007ff81edae308] Threads_lock - owner thread: 0x00000170f57a4b90
[0x00007ff81edae408] Heap_lock - owner thread: 0x00000170fc0cf530

Heap address: 0x0000000081400000, size: 2028 MB, Compressed Oops mode: 32-bit

CDS archive(s) mapped at: [0x0000017080000000-0x0000017080c80000-0x0000017080c80000), size 13107200, SharedBaseAddress: 0x0000017080000000, ArchiveRelocationMode: 1.
Compressed class space mapped at: 0x0000017081000000-0x00000170c1000000, reserved size: 1073741824
Narrow klass base: 0x0000017080000000, Narrow klass shift: 0, Narrow klass range: 0x100000000

GC Precious Log:
 CardTable entry size: 512
 Card Set container configuration: InlinePtr #cards 5 size 8 Array Of Cards #cards 12 size 40 Howl #buckets 4 coarsen threshold 1843 Howl Bitmap #cards 512 size 80 coarsen threshold 460 Card regions per heap region 1 cards per card region 2048
 CPUs: 4 total, 4 available
 Memory: 8108M
 Large Page Support: Disabled
 NUMA Support: Disabled
 Compressed Oops: Enabled (32-bit)
 Heap Region Size: 1M
 Heap Min Capacity: 8M
 Heap Initial Capacity: 128M
 Heap Max Capacity: 2028M
 Pre-touch: Disabled
 Parallel Workers: 4
 Concurrent Workers: 1
 Concurrent Refinement Workers: 4
 Periodic GC: Disabled

Heap:
 garbage-first heap   total 103424K, used 60618K [0x0000000081400000, 0x0000000100000000)
  region size 1024K, 6 young (6144K), 3 survivors (3072K)
 Metaspace       used 99851K, committed 100928K, reserved 1179648K
  class space    used 12935K, committed 13440K, reserved 1048576K

Heap Regions: E=young(eden), S=young(survivor), O=old, HS=humongous(starts), HC=humongous(continues), CS=collection set, F=free, TAMS=top-at-mark-start, PB=parsable bottom
|   0|0x0000000081400000, 0x0000000081500000, 0x0000000081500000|100%|HS|  |TAMS 0x0000000081400000| PB 0x0000000081400000| Complete 
|   1|0x0000000081500000, 0x0000000081600000, 0x0000000081600000|100%|HS|  |TAMS 0x0000000081500000| PB 0x0000000081500000| Complete 
|   2|0x0000000081600000, 0x0000000081700000, 0x0000000081700000|100%|HS|  |TAMS 0x0000000081600000| PB 0x0000000081600000| Complete 
|   3|0x0000000081700000, 0x0000000081800000, 0x0000000081800000|100%| O|  |TAMS 0x0000000081700000| PB 0x0000000081700000| Untracked 
|   4|0x0000000081800000, 0x0000000081900000, 0x0000000081900000|100%| O|  |TAMS 0x0000000081800000| PB 0x0000000081800000| Untracked 
|   5|0x0000000081900000, 0x0000000081a00000, 0x0000000081a00000|100%| O|  |TAMS 0x0000000081900000| PB 0x0000000081900000| Untracked 
|   6|0x0000000081a00000, 0x0000000081b00000, 0x0000000081b00000|100%| O|  |TAMS 0x0000000081a00000| PB 0x0000000081a00000| Untracked 
|   7|0x0000000081b00000, 0x0000000081c00000, 0x0000000081c00000|100%| O|  |TAMS 0x0000000081b00000| PB 0x0000000081b00000| Untracked 
|   8|0x0000000081c00000, 0x0000000081d00000, 0x0000000081d00000|100%| O|  |TAMS 0x0000000081c00000| PB 0x0000000081c00000| Untracked 
|   9|0x0000000081d00000, 0x0000000081e00000, 0x0000000081e00000|100%| O|  |TAMS 0x0000000081d00000| PB 0x0000000081d00000| Untracked 
|  10|0x0000000081e00000, 0x0000000081f00000, 0x0000000081f00000|100%| O|  |TAMS 0x0000000081e00000| PB 0x0000000081e00000| Untracked 
|  11|0x0000000081f00000, 0x0000000082000000, 0x0000000082000000|100%| O|  |TAMS 0x0000000081f00000| PB 0x0000000081f00000| Untracked 
|  12|0x0000000082000000, 0x0000000082100000, 0x0000000082100000|100%| O|  |TAMS 0x0000000082000000| PB 0x0000000082000000| Untracked 
|  13|0x0000000082100000, 0x0000000082200000, 0x0000000082200000|100%| O|  |TAMS 0x0000000082100000| PB 0x0000000082100000| Untracked 
|  14|0x0000000082200000, 0x0000000082300000, 0x0000000082300000|100%| O|  |TAMS 0x0000000082200000| PB 0x0000000082200000| Untracked 
|  15|0x0000000082300000, 0x0000000082400000, 0x0000000082400000|100%| O|  |TAMS 0x0000000082300000| PB 0x0000000082300000| Untracked 
|  16|0x0000000082400000, 0x0000000082500000, 0x0000000082500000|100%| O|  |TAMS 0x0000000082400000| PB 0x0000000082400000| Untracked 
|  17|0x0000000082500000, 0x0000000082600000, 0x0000000082600000|100%| O|  |TAMS 0x0000000082500000| PB 0x0000000082500000| Untracked 
|  18|0x0000000082600000, 0x0000000082700000, 0x0000000082700000|100%| O|  |TAMS 0x0000000082600000| PB 0x0000000082600000| Untracked 
|  19|0x0000000082700000, 0x0000000082800000, 0x0000000082800000|100%| O|  |TAMS 0x0000000082700000| PB 0x0000000082700000| Untracked 
|  20|0x0000000082800000, 0x0000000082900000, 0x0000000082900000|100%| O|  |TAMS 0x0000000082800000| PB 0x0000000082800000| Untracked 
|  21|0x0000000082900000, 0x0000000082a00000, 0x0000000082a00000|100%| O|  |TAMS 0x0000000082900000| PB 0x0000000082900000| Untracked 
|  22|0x0000000082a00000, 0x0000000082b00000, 0x0000000082b00000|100%| O|  |TAMS 0x0000000082a00000| PB 0x0000000082a00000| Untracked 
|  23|0x0000000082b00000, 0x0000000082c00000, 0x0000000082c00000|100%| O|Cm|TAMS 0x0000000082b00000| PB 0x0000000082b00000| Complete 
|  24|0x0000000082c00000, 0x0000000082d00000, 0x0000000082d00000|100%| O|  |TAMS 0x0000000082c00000| PB 0x0000000082c00000| Untracked 
|  25|0x0000000082d00000, 0x0000000082e00000, 0x0000000082e00000|100%| O|  |TAMS 0x0000000082d00000| PB 0x0000000082d00000| Untracked 
|  26|0x0000000082e00000, 0x0000000082f00000, 0x0000000082f00000|100%| O|  |TAMS 0x0000000082e00000| PB 0x0000000082e00000| Untracked 
|  27|0x0000000082f00000, 0x0000000083000000, 0x0000000083000000|100%| O|  |TAMS 0x0000000082f00000| PB 0x0000000082f00000| Untracked 
|  28|0x0000000083000000, 0x0000000083100000, 0x0000000083100000|100%| O|  |TAMS 0x0000000083000000| PB 0x0000000083000000| Untracked 
|  29|0x0000000083100000, 0x0000000083200000, 0x0000000083200000|100%| O|  |TAMS 0x0000000083100000| PB 0x0000000083100000| Untracked 
|  30|0x0000000083200000, 0x0000000083300000, 0x0000000083300000|100%| O|  |TAMS 0x0000000083200000| PB 0x0000000083200000| Untracked 
|  31|0x0000000083300000, 0x0000000083400000, 0x0000000083400000|100%| O|  |TAMS 0x0000000083300000| PB 0x0000000083300000| Untracked 
|  32|0x0000000083400000, 0x0000000083500000, 0x0000000083500000|100%| O|  |TAMS 0x0000000083400000| PB 0x0000000083400000| Untracked 
|  33|0x0000000083500000, 0x0000000083600000, 0x0000000083600000|100%| O|  |TAMS 0x0000000083500000| PB 0x0000000083500000| Untracked 
|  34|0x0000000083600000, 0x0000000083700000, 0x0000000083700000|100%| O|  |TAMS 0x0000000083600000| PB 0x0000000083600000| Untracked 
|  35|0x0000000083700000, 0x0000000083770e50, 0x0000000083800000| 44%| O|  |TAMS 0x0000000083700000| PB 0x0000000083700000| Untracked 
|  36|0x0000000083800000, 0x0000000083900000, 0x0000000083900000|100%| O|  |TAMS 0x0000000083800000| PB 0x0000000083800000| Untracked 
|  37|0x0000000083900000, 0x0000000083a00000, 0x0000000083a00000|100%| O|Cm|TAMS 0x0000000083900000| PB 0x0000000083900000| Complete 
|  38|0x0000000083a00000, 0x0000000083b00000, 0x0000000083b00000|100%| O|  |TAMS 0x0000000083a00000| PB 0x0000000083a00000| Untracked 
|  39|0x0000000083b00000, 0x0000000083c00000, 0x0000000083c00000|100%| O|  |TAMS 0x0000000083b00000| PB 0x0000000083b00000| Untracked 
|  40|0x0000000083c00000, 0x0000000083d00000, 0x0000000083d00000|100%| O|  |TAMS 0x0000000083c00000| PB 0x0000000083c00000| Untracked 
|  41|0x0000000083d00000, 0x0000000083e00000, 0x0000000083e00000|100%| O|  |TAMS 0x0000000083d00000| PB 0x0000000083d00000| Untracked 
|  42|0x0000000083e00000, 0x0000000083f00000, 0x0000000083f00000|100%| O|  |TAMS 0x0000000083e00000| PB 0x0000000083e00000| Untracked 
|  43|0x0000000083f00000, 0x0000000084000000, 0x0000000084000000|100%| O|  |TAMS 0x0000000083f00000| PB 0x0000000083f00000| Untracked 
|  44|0x0000000084000000, 0x0000000084100000, 0x0000000084100000|100%| O|  |TAMS 0x0000000084000000| PB 0x0000000084000000| Untracked 
|  45|0x0000000084100000, 0x0000000084100000, 0x0000000084200000|  0%| F|  |TAMS 0x0000000084100000| PB 0x0000000084100000| Untracked 
|  46|0x0000000084200000, 0x0000000084300000, 0x0000000084300000|100%| O|  |TAMS 0x0000000084200000| PB 0x0000000084200000| Untracked 
|  47|0x0000000084300000, 0x0000000084400000, 0x0000000084400000|100%| O|  |TAMS 0x0000000084300000| PB 0x0000000084300000| Untracked 
|  48|0x0000000084400000, 0x0000000084500000, 0x0000000084500000|100%| O|  |TAMS 0x0000000084400000| PB 0x0000000084400000| Untracked 
|  49|0x0000000084500000, 0x0000000084600000, 0x0000000084600000|100%| O|  |TAMS 0x0000000084500000| PB 0x0000000084500000| Untracked 
|  50|0x0000000084600000, 0x0000000084700000, 0x0000000084700000|100%| O|  |TAMS 0x0000000084600000| PB 0x0000000084600000| Untracked 
|  51|0x0000000084700000, 0x0000000084800000, 0x0000000084800000|100%| O|  |TAMS 0x0000000084700000| PB 0x0000000084700000| Untracked 
|  52|0x0000000084800000, 0x0000000084900000, 0x0000000084900000|100%| O|  |TAMS 0x0000000084800000| PB 0x0000000084800000| Untracked 
|  53|0x0000000084900000, 0x0000000084a00000, 0x0000000084a00000|100%| O|  |TAMS 0x0000000084900000| PB 0x0000000084900000| Untracked 
|  54|0x0000000084a00000, 0x0000000084b00000, 0x0000000084b00000|100%| O|  |TAMS 0x0000000084a00000| PB 0x0000000084a00000| Untracked 
|  55|0x0000000084b00000, 0x0000000084c00000, 0x0000000084c00000|100%| O|  |TAMS 0x0000000084b00000| PB 0x0000000084b00000| Untracked 
|  56|0x0000000084c00000, 0x0000000084c00000, 0x0000000084d00000|  0%| F|  |TAMS 0x0000000084c00000| PB 0x0000000084c00000| Untracked 
|  57|0x0000000084d00000, 0x0000000084d00000, 0x0000000084e00000|  0%| F|  |TAMS 0x0000000084d00000| PB 0x0000000084d00000| Untracked 
|  58|0x0000000084e00000, 0x0000000084e00000, 0x0000000084f00000|  0%| F|  |TAMS 0x0000000084e00000| PB 0x0000000084e00000| Untracked 
|  59|0x0000000084f00000, 0x0000000084f00000, 0x0000000085000000|  0%| F|  |TAMS 0x0000000084f00000| PB 0x0000000084f00000| Untracked 
|  60|0x0000000085000000, 0x0000000085000000, 0x0000000085100000|  0%| F|  |TAMS 0x0000000085000000| PB 0x0000000085000000| Untracked 
|  61|0x0000000085100000, 0x0000000085100000, 0x0000000085200000|  0%| F|  |TAMS 0x0000000085100000| PB 0x0000000085100000| Untracked 
|  62|0x0000000085200000, 0x0000000085200000, 0x0000000085300000|  0%| F|  |TAMS 0x0000000085200000| PB 0x0000000085200000| Untracked 
|  63|0x0000000085300000, 0x00000000853c1b60, 0x0000000085400000| 75%| S|CS|TAMS 0x0000000085300000| PB 0x0000000085300000| Complete 
|  64|0x0000000085400000, 0x0000000085500000, 0x0000000085500000|100%| S|CS|TAMS 0x0000000085400000| PB 0x0000000085400000| Complete 
|  65|0x0000000085500000, 0x0000000085500000, 0x0000000085600000|  0%| F|  |TAMS 0x0000000085500000| PB 0x0000000085500000| Untracked 
|  66|0x0000000085600000, 0x0000000085600000, 0x0000000085700000|  0%| F|  |TAMS 0x0000000085600000| PB 0x0000000085600000| Untracked 
|  67|0x0000000085700000, 0x0000000085800000, 0x0000000085800000|100%| S|CS|TAMS 0x0000000085700000| PB 0x0000000085700000| Complete 
|  68|0x0000000085800000, 0x0000000085800000, 0x0000000085900000|  0%| F|  |TAMS 0x0000000085800000| PB 0x0000000085800000| Untracked 
|  69|0x0000000085900000, 0x0000000085900000, 0x0000000085a00000|  0%| F|  |TAMS 0x0000000085900000| PB 0x0000000085900000| Untracked 
|  70|0x0000000085a00000, 0x0000000085a00000, 0x0000000085b00000|  0%| F|  |TAMS 0x0000000085a00000| PB 0x0000000085a00000| Untracked 
|  71|0x0000000085b00000, 0x0000000085b00000, 0x0000000085c00000|  0%| F|  |TAMS 0x0000000085b00000| PB 0x0000000085b00000| Untracked 
|  72|0x0000000085c00000, 0x0000000085c00000, 0x0000000085d00000|  0%| F|  |TAMS 0x0000000085c00000| PB 0x0000000085c00000| Untracked 
|  73|0x0000000085d00000, 0x0000000085d00000, 0x0000000085e00000|  0%| F|  |TAMS 0x0000000085d00000| PB 0x0000000085d00000| Untracked 
|  74|0x0000000085e00000, 0x0000000085e00000, 0x0000000085f00000|  0%| F|  |TAMS 0x0000000085e00000| PB 0x0000000085e00000| Untracked 
|  75|0x0000000085f00000, 0x0000000085f00000, 0x0000000086000000|  0%| F|  |TAMS 0x0000000085f00000| PB 0x0000000085f00000| Untracked 
|  76|0x0000000086000000, 0x0000000086000000, 0x0000000086100000|  0%| F|  |TAMS 0x0000000086000000| PB 0x0000000086000000| Untracked 
|  77|0x0000000086100000, 0x0000000086100000, 0x0000000086200000|  0%| F|  |TAMS 0x0000000086100000| PB 0x0000000086100000| Untracked 
|  78|0x0000000086200000, 0x0000000086200000, 0x0000000086300000|  0%| F|  |TAMS 0x0000000086200000| PB 0x0000000086200000| Untracked 
|  79|0x0000000086300000, 0x0000000086300000, 0x0000000086400000|  0%| F|  |TAMS 0x0000000086300000| PB 0x0000000086300000| Untracked 
|  80|0x0000000086400000, 0x0000000086400000, 0x0000000086500000|  0%| F|  |TAMS 0x0000000086400000| PB 0x0000000086400000| Untracked 
|  81|0x0000000086500000, 0x0000000086500000, 0x0000000086600000|  0%| F|  |TAMS 0x0000000086500000| PB 0x0000000086500000| Untracked 
|  82|0x0000000086600000, 0x0000000086600000, 0x0000000086700000|  0%| F|  |TAMS 0x0000000086600000| PB 0x0000000086600000| Untracked 
|  83|0x0000000086700000, 0x0000000086700000, 0x0000000086800000|  0%| F|  |TAMS 0x0000000086700000| PB 0x0000000086700000| Untracked 
|  84|0x0000000086800000, 0x0000000086800000, 0x0000000086900000|  0%| F|  |TAMS 0x0000000086800000| PB 0x0000000086800000| Untracked 
|  85|0x0000000086900000, 0x0000000086900000, 0x0000000086a00000|  0%| F|  |TAMS 0x0000000086900000| PB 0x0000000086900000| Untracked 
|  86|0x0000000086a00000, 0x0000000086a00000, 0x0000000086b00000|  0%| F|  |TAMS 0x0000000086a00000| PB 0x0000000086a00000| Untracked 
|  87|0x0000000086b00000, 0x0000000086b00000, 0x0000000086c00000|  0%| F|  |TAMS 0x0000000086b00000| PB 0x0000000086b00000| Untracked 
|  88|0x0000000086c00000, 0x0000000086c00000, 0x0000000086d00000|  0%| F|  |TAMS 0x0000000086c00000| PB 0x0000000086c00000| Untracked 
|  89|0x0000000086d00000, 0x0000000086d00000, 0x0000000086e00000|  0%| F|  |TAMS 0x0000000086d00000| PB 0x0000000086d00000| Untracked 
|  90|0x0000000086e00000, 0x0000000086e00000, 0x0000000086f00000|  0%| F|  |TAMS 0x0000000086e00000| PB 0x0000000086e00000| Untracked 
|  91|0x0000000086f00000, 0x0000000086f00000, 0x0000000087000000|  0%| F|  |TAMS 0x0000000086f00000| PB 0x0000000086f00000| Untracked 
|  92|0x0000000087000000, 0x0000000087000000, 0x0000000087100000|  0%| F|  |TAMS 0x0000000087000000| PB 0x0000000087000000| Untracked 
|  93|0x0000000087100000, 0x0000000087100000, 0x0000000087200000|  0%| F|  |TAMS 0x0000000087100000| PB 0x0000000087100000| Untracked 
|  94|0x0000000087200000, 0x0000000087200000, 0x0000000087300000|  0%| F|  |TAMS 0x0000000087200000| PB 0x0000000087200000| Untracked 
|  95|0x0000000087300000, 0x0000000087300000, 0x0000000087400000|  0%| F|  |TAMS 0x0000000087300000| PB 0x0000000087300000| Untracked 
|  96|0x0000000087400000, 0x0000000087400000, 0x0000000087500000|  0%| F|  |TAMS 0x0000000087400000| PB 0x0000000087400000| Untracked 
|  97|0x0000000087500000, 0x0000000087500000, 0x0000000087600000|  0%| F|  |TAMS 0x0000000087500000| PB 0x0000000087500000| Untracked 
|  98|0x0000000087600000, 0x00000000876e8d00, 0x0000000087700000| 90%| E|  |TAMS 0x0000000087600000| PB 0x0000000087600000| Complete 
| 126|0x0000000089200000, 0x0000000089300000, 0x0000000089300000|100%| E|CS|TAMS 0x0000000089200000| PB 0x0000000089200000| Complete 
| 127|0x0000000089300000, 0x0000000089400000, 0x0000000089400000|100%| E|CS|TAMS 0x0000000089300000| PB 0x0000000089300000| Complete 

Card table byte_map: [0x00000170f1120000,0x00000170f1520000] _byte_map_base: 0x00000170f0d16000

Marking Bits: (CMBitMap*) 0x00000170de3de9f0
 Bits: [0x00000170f1520000, 0x00000170f34d0000)

Polling page: 0x00000170dc0d0000

Metaspace:

Usage:
  Non-class:     84.88 MB used.
      Class:     12.63 MB used.
       Both:     97.51 MB used.

Virtual space:
  Non-class space:      128.00 MB reserved,      85.44 MB ( 67%) committed,  2 nodes.
      Class space:        1.00 GB reserved,      13.12 MB (  1%) committed,  1 nodes.
             Both:        1.12 GB reserved,      98.56 MB (  9%) committed. 

Chunk freelists:
   Non-Class:  9.79 MB
       Class:  2.81 MB
        Both:  12.60 MB

MaxMetaspaceSize: unlimited
CompressedClassSpaceSize: 1.00 GB
Initial GC threshold: 21.00 MB
Current GC threshold: 164.06 MB
CDS: on
 - commit_granule_bytes: 65536.
 - commit_granule_words: 8192.
 - virtual_space_node_default_size: 8388608.
 - enlarge_chunks_in_place: 1.
 - use_allocation_guard: 0.


Internal statistics:

num_allocs_failed_limit: 12.
num_arena_births: 1558.
num_arena_deaths: 0.
num_vsnodes_births: 3.
num_vsnodes_deaths: 0.
num_space_committed: 1577.
num_space_uncommitted: 0.
num_chunks_returned_to_freelist: 12.
num_chunks_taken_from_freelist: 5226.
num_chunk_merges: 9.
num_chunk_splits: 3738.
num_chunks_enlarged: 2890.
num_inconsistent_stats: 0.

CodeHeap 'non-profiled nmethods': size=120000Kb used=5343Kb max_used=5538Kb free=114656Kb
 bounds [0x00000170e97f0000, 0x00000170e9d60000, 0x00000170f0d20000]
CodeHeap 'profiled nmethods': size=120000Kb used=12293Kb max_used=16545Kb free=107706Kb
 bounds [0x00000170e1d20000, 0x00000170e2d50000, 0x00000170e9250000]
CodeHeap 'non-nmethods': size=5760Kb used=1890Kb max_used=1937Kb free=3869Kb
 bounds [0x00000170e9250000, 0x00000170e94c0000, 0x00000170e97f0000]
 total_blobs=7885 nmethods=7004 adapters=785
 compilation: enabled
              stopped_count=0, restarted_count=0
 full_count=0

Compilation events (20 events):
Event: 1944.404 Thread 0x00000170f57de090 nmethod 11449 0x00000170e9d16410 code [0x00000170e9d165a0, 0x00000170e9d16668]
Event: 1944.457 Thread 0x00000170f57de090 11450       1       org.apache.hc.core5.http.message.StatusLine::getReasonPhrase (5 bytes)
Event: 1944.458 Thread 0x00000170f57de090 nmethod 11450 0x00000170e9d16110 code [0x00000170e9d162a0, 0x00000170e9d16368]
Event: 1944.458 Thread 0x00000170f57de090 11452       3       org.apache.hc.core5.http.message.HeaderGroup::setHeaders (19 bytes)
Event: 1944.458 Thread 0x00000170f57de090 nmethod 11452 0x00000170e25ff210 code [0x00000170e25ff3e0, 0x00000170e25ff738]
Event: 1944.458 Thread 0x00000170f57de090 11454       3       org.apache.hc.core5.http.message.HeaderGroup::headerIterator (13 bytes)
Event: 1944.458 Thread 0x00000170f57de090 nmethod 11454 0x00000170e2171990 code [0x00000170e2171b40, 0x00000170e2171cf8]
Event: 1944.458 Thread 0x00000170f57de090 11451       1       org.apache.hc.core5.http.message.StatusLine::getProtocolVersion (5 bytes)
Event: 1944.459 Thread 0x00000170f57de090 nmethod 11451 0x00000170e9d15c90 code [0x00000170e9d15e20, 0x00000170e9d15ee8]
Event: 1944.459 Thread 0x00000170f57de090 11453       1       org.apache.hc.core5.http.protocol.HttpCoreContext::setResponse (6 bytes)
Event: 1944.459 Thread 0x00000170f57de090 nmethod 11453 0x00000170e9c6d710 code [0x00000170e9c6d8a0, 0x00000170e9c6d9b0]
Event: 1944.459 Thread 0x00000170f57de090 11455       1       org.apache.hc.core5.http.impl.io.IncomingHttpEntity::getContent (5 bytes)
Event: 1944.459 Thread 0x00000170f57de090 nmethod 11455 0x00000170e9c6d410 code [0x00000170e9c6d5a0, 0x00000170e9c6d668]
Event: 1944.460 Thread 0x00000170f57dd600 11456   !   4       java.util.concurrent.ConcurrentHashMap::clear (176 bytes)
Event: 1944.469 Thread 0x00000170f57dd600 nmethod 11456 0x00000170e9c6cc10 code [0x00000170e9c6cdc0, 0x00000170e9c6d1e8]
Event: 1944.469 Thread 0x00000170f57dd600 11457       4       java.lang.invoke.SimpleMethodHandle::speciesData (4 bytes)
Event: 1944.469 Thread 0x00000170f57dd600 nmethod 11457 0x00000170e9c6c690 code [0x00000170e9c6c820, 0x00000170e9c6c8b0]
Event: 1944.534 Thread 0x00000170f57dd600 11458       4       java.security.SecureClassLoader$CodeSourceKey::equals (60 bytes)
Event: 1944.578 Thread 0x00000170f57dd600 nmethod 11458 0x00000170e9c23110 code [0x00000170e9c232e0, 0x00000170e9c23528]
Event: 1944.818 Thread 0x00000170f57de090 11459       3       org.apache.juli.logging.DirectJDKLog::isDebugEnabled (11 bytes)

GC Heap History (20 events):
Event: 24.510 GC heap after
{Heap after GC invocations=22 (full 0):
 garbage-first heap   total 103424K, used 56988K [0x0000000081400000, 0x0000000100000000)
  region size 1024K, 2 young (2048K), 2 survivors (2048K)
 Metaspace       used 91166K, committed 92160K, reserved 1179648K
  class space    used 11891K, committed 12352K, reserved 1048576K
}
Event: 126.539 GC heap before
{Heap before GC invocations=23 (full 0):
 garbage-first heap   total 103424K, used 89756K [0x0000000081400000, 0x0000000100000000)
  region size 1024K, 35 young (35840K), 2 survivors (2048K)
 Metaspace       used 95369K, committed 96320K, reserved 1179648K
  class space    used 12419K, committed 12864K, reserved 1048576K
}
Event: 126.546 GC heap after
{Heap after GC invocations=24 (full 0):
 garbage-first heap   total 103424K, used 58145K [0x0000000081400000, 0x0000000100000000)
  region size 1024K, 3 young (3072K), 3 survivors (3072K)
 Metaspace       used 95369K, committed 96320K, reserved 1179648K
  class space    used 12419K, committed 12864K, reserved 1048576K
}
Event: 370.588 GC heap before
{Heap before GC invocations=24 (full 0):
 garbage-first heap   total 103424K, used 92961K [0x0000000081400000, 0x0000000100000000)
  region size 1024K, 37 young (37888K), 3 survivors (3072K)
 Metaspace       used 95550K, committed 96576K, reserved 1179648K
  class space    used 12419K, committed 12864K, reserved 1048576K
}
Event: 370.597 GC heap after
{Heap after GC invocations=25 (full 0):
 garbage-first heap   total 103424K, used 57336K [0x0000000081400000, 0x0000000100000000)
  region size 1024K, 3 young (3072K), 3 survivors (3072K)
 Metaspace       used 95550K, committed 96576K, reserved 1179648K
  class space    used 12419K, committed 12864K, reserved 1048576K
}
Event: 563.327 GC heap before
{Heap before GC invocations=25 (full 0):
 garbage-first heap   total 103424K, used 93176K [0x0000000081400000, 0x0000000100000000)
  region size 1024K, 38 young (38912K), 3 survivors (3072K)
 Metaspace       used 95607K, committed 96576K, reserved 1179648K
  class space    used 12420K, committed 12864K, reserved 1048576K
}
Event: 563.335 GC heap after
{Heap after GC invocations=26 (full 0):
 garbage-first heap   total 103424K, used 57239K [0x0000000081400000, 0x0000000100000000)
  region size 1024K, 3 young (3072K), 3 survivors (3072K)
 Metaspace       used 95607K, committed 96576K, reserved 1179648K
  class space    used 12420K, committed 12864K, reserved 1048576K
}
Event: 818.338 GC heap before
{Heap before GC invocations=27 (full 0):
 garbage-first heap   total 103424K, used 93079K [0x0000000081400000, 0x0000000100000000)
  region size 1024K, 38 young (38912K), 3 survivors (3072K)
 Metaspace       used 95738K, committed 96768K, reserved 1179648K
  class space    used 12424K, committed 12864K, reserved 1048576K
}
Event: 818.345 GC heap after
{Heap after GC invocations=28 (full 0):
 garbage-first heap   total 103424K, used 57268K [0x0000000081400000, 0x0000000100000000)
  region size 1024K, 3 young (3072K), 3 survivors (3072K)
 Metaspace       used 95738K, committed 96768K, reserved 1179648K
  class space    used 12424K, committed 12864K, reserved 1048576K
}
Event: 1085.745 GC heap before
{Heap before GC invocations=28 (full 0):
 garbage-first heap   total 103424K, used 93108K [0x0000000081400000, 0x0000000100000000)
  region size 1024K, 38 young (38912K), 3 survivors (3072K)
 Metaspace       used 95859K, committed 96832K, reserved 1179648K
  class space    used 12424K, committed 12864K, reserved 1048576K
}
Event: 1085.784 GC heap after
{Heap after GC invocations=29 (full 0):
 garbage-first heap   total 103424K, used 56779K [0x0000000081400000, 0x0000000100000000)
  region size 1024K, 3 young (3072K), 3 survivors (3072K)
 Metaspace       used 95859K, committed 96832K, reserved 1179648K
  class space    used 12424K, committed 12864K, reserved 1048576K
}
Event: 1372.824 GC heap before
{Heap before GC invocations=29 (full 0):
 garbage-first heap   total 103424K, used 93643K [0x0000000081400000, 0x0000000100000000)
  region size 1024K, 39 young (39936K), 3 survivors (3072K)
 Metaspace       used 95938K, committed 96960K, reserved 1179648K
  class space    used 12424K, committed 12864K, reserved 1048576K
}
Event: 1372.937 GC heap after
{Heap after GC invocations=30 (full 0):
 garbage-first heap   total 103424K, used 56943K [0x0000000081400000, 0x0000000100000000)
  region size 1024K, 2 young (2048K), 2 survivors (2048K)
 Metaspace       used 95938K, committed 96960K, reserved 1179648K
  class space    used 12424K, committed 12864K, reserved 1048576K
}
Event: 1485.239 GC heap before
{Heap before GC invocations=31 (full 0):
 garbage-first heap   total 103424K, used 92783K [0x0000000081400000, 0x0000000100000000)
  region size 1024K, 38 young (38912K), 2 survivors (2048K)
 Metaspace       used 98272K, committed 99264K, reserved 1179648K
  class space    used 12739K, committed 13184K, reserved 1048576K
}
Event: 1485.245 GC heap after
{Heap after GC invocations=32 (full 0):
 garbage-first heap   total 103424K, used 57564K [0x0000000081400000, 0x0000000100000000)
  region size 1024K, 3 young (3072K), 3 survivors (3072K)
 Metaspace       used 98272K, committed 99264K, reserved 1179648K
  class space    used 12739K, committed 13184K, reserved 1048576K
}
Event: 1693.523 GC heap before
{Heap before GC invocations=32 (full 0):
 garbage-first heap   total 103424K, used 92380K [0x0000000081400000, 0x0000000100000000)
  region size 1024K, 37 young (37888K), 3 survivors (3072K)
 Metaspace       used 99553K, committed 100672K, reserved 1179648K
  class space    used 12883K, committed 13376K, reserved 1048576K
}
Event: 1693.628 GC heap after
{Heap after GC invocations=33 (full 0):
 garbage-first heap   total 103424K, used 58121K [0x0000000081400000, 0x0000000100000000)
  region size 1024K, 4 young (4096K), 4 survivors (4096K)
 Metaspace       used 99553K, committed 100672K, reserved 1179648K
  class space    used 12883K, committed 13376K, reserved 1048576K
}
Event: 1939.738 GC heap before
{Heap before GC invocations=33 (full 0):
 garbage-first heap   total 103424K, used 91913K [0x0000000081400000, 0x0000000100000000)
  region size 1024K, 37 young (37888K), 4 survivors (4096K)
 Metaspace       used 99774K, committed 100800K, reserved 1179648K
  class space    used 12918K, committed 13376K, reserved 1048576K
}
Event: 1939.779 GC heap after
{Heap after GC invocations=34 (full 0):
 garbage-first heap   total 103424K, used 58570K [0x0000000081400000, 0x0000000100000000)
  region size 1024K, 3 young (3072K), 3 survivors (3072K)
 Metaspace       used 99774K, committed 100800K, reserved 1179648K
  class space    used 12918K, committed 13376K, reserved 1048576K
}
Event: 1944.818 GC heap before
{Heap before GC invocations=35 (full 0):
 garbage-first heap   total 103424K, used 60618K [0x0000000081400000, 0x0000000100000000)
  region size 1024K, 6 young (6144K), 3 survivors (3072K)
 Metaspace       used 99851K, committed 100928K, reserved 1179648K
  class space    used 12935K, committed 13440K, reserved 1048576K
}

Dll operation events (11 events):
Event: 0.011 Loaded shared library C:\Users\Shree\.p2\pool\plugins\org.eclipse.justj.openjdk.hotspot.jre.full.win32.x86_64_21.0.7.v20250502-0916\jre\bin\java.dll
Event: 0.054 Loaded shared library C:\Users\Shree\.p2\pool\plugins\org.eclipse.justj.openjdk.hotspot.jre.full.win32.x86_64_21.0.7.v20250502-0916\jre\bin\zip.dll
Event: 0.252 Loaded shared library C:\Users\Shree\.p2\pool\plugins\org.eclipse.justj.openjdk.hotspot.jre.full.win32.x86_64_21.0.7.v20250502-0916\jre\bin\net.dll
Event: 0.255 Loaded shared library C:\Users\Shree\.p2\pool\plugins\org.eclipse.justj.openjdk.hotspot.jre.full.win32.x86_64_21.0.7.v20250502-0916\jre\bin\nio.dll
Event: 0.259 Loaded shared library C:\Users\Shree\.p2\pool\plugins\org.eclipse.justj.openjdk.hotspot.jre.full.win32.x86_64_21.0.7.v20250502-0916\jre\bin\zip.dll
Event: 0.402 Loaded shared library C:\Users\Shree\.p2\pool\plugins\org.eclipse.justj.openjdk.hotspot.jre.full.win32.x86_64_21.0.7.v20250502-0916\jre\bin\jimage.dll
Event: 1.755 Loaded shared library C:\Users\Shree\.p2\pool\plugins\org.eclipse.justj.openjdk.hotspot.jre.full.win32.x86_64_21.0.7.v20250502-0916\jre\bin\management.dll
Event: 1.792 Loaded shared library C:\Users\Shree\.p2\pool\plugins\org.eclipse.justj.openjdk.hotspot.jre.full.win32.x86_64_21.0.7.v20250502-0916\jre\bin\management_ext.dll
Event: 3.680 Loaded shared library C:\Users\Shree\.p2\pool\plugins\org.eclipse.justj.openjdk.hotspot.jre.full.win32.x86_64_21.0.7.v20250502-0916\jre\bin\extnet.dll
Event: 6.262 Loaded shared library C:\Users\Shree\.p2\pool\plugins\org.eclipse.justj.openjdk.hotspot.jre.full.win32.x86_64_21.0.7.v20250502-0916\jre\bin\sunmscapi.dll
Event: 14.449 Loaded shared library C:\Users\Shree\.p2\pool\plugins\org.eclipse.justj.openjdk.hotspot.jre.full.win32.x86_64_21.0.7.v20250502-0916\jre\bin\verify.dll

Deoptimization events (20 events):
Event: 1941.298 Thread 0x00000170fd230090 DEOPT PACKING pc=0x00000170e9c1c980 sp=0x000000281f2ff060
Event: 1941.298 Thread 0x00000170fd230090 DEOPT UNPACKING pc=0x00000170e92a46a2 sp=0x000000281f2feeb8 mode 2
Event: 1944.308 Thread 0x00000170fc0cf530 Uncommon trap: trap_request=0xffffff45 fr.pc=0x00000170e9c8afec relative=0x000000000000004c
Event: 1944.308 Thread 0x00000170fc0cf530 Uncommon trap: reason=unstable_if action=reinterpret pc=0x00000170e9c8afec method=java.util.concurrent.ThreadPoolExecutor.runStateAtLeast(II)Z @ 2 c2
Event: 1944.308 Thread 0x00000170fc0cf530 DEOPT PACKING pc=0x00000170e9c8afec sp=0x000000281e6fe7c0
Event: 1944.309 Thread 0x00000170fc0cf530 DEOPT UNPACKING pc=0x00000170e92a46a2 sp=0x000000281e6fe758 mode 2
Event: 1944.309 Thread 0x00000170fc6b8710 Uncommon trap: trap_request=0xffffff45 fr.pc=0x00000170e9c1b680 relative=0x0000000000001100
Event: 1944.309 Thread 0x00000170fc6b8710 Uncommon trap: reason=unstable_if action=reinterpret pc=0x00000170e9c1b680 method=java.util.concurrent.locks.AbstractQueuedSynchronizer$ConditionNode.isReleasable()Z @ 14 c2
Event: 1944.309 Thread 0x00000170fc6b8710 DEOPT PACKING pc=0x00000170e9c1b680 sp=0x000000281f0fee90
Event: 1944.309 Thread 0x00000170fc6b8710 DEOPT UNPACKING pc=0x00000170e92a46a2 sp=0x000000281f0fec50 mode 2
Event: 1944.309 Thread 0x00000170fc6b8da0 Uncommon trap: trap_request=0xffffff45 fr.pc=0x00000170e9c1c980 relative=0x0000000000002400
Event: 1944.309 Thread 0x00000170fc6b8da0 Uncommon trap: reason=unstable_if action=reinterpret pc=0x00000170e9c1c980 method=java.lang.Thread.getAndClearInterrupt()Z @ 6 c2
Event: 1944.309 Thread 0x00000170fc6b8da0 DEOPT PACKING pc=0x00000170e9c1c980 sp=0x000000281f1feda0
Event: 1944.309 Thread 0x00000170fc6b8da0 DEOPT UNPACKING pc=0x00000170e92a46a2 sp=0x000000281f1febf8 mode 2
Event: 1944.460 Thread 0x00000170fc6b8080 Uncommon trap: trap_request=0xffffff45 fr.pc=0x00000170e9c1c980 relative=0x0000000000002400
Event: 1944.460 Thread 0x00000170fc6b8080 Uncommon trap: reason=unstable_if action=reinterpret pc=0x00000170e9c1c980 method=java.lang.Thread.getAndClearInterrupt()Z @ 6 c2
Event: 1944.460 Thread 0x00000170fc6b8080 DEOPT PACKING pc=0x00000170e9c1c980 sp=0x000000281effefa0
Event: 1944.460 Thread 0x00000170fc6b8080 DEOPT UNPACKING pc=0x00000170e92a46a2 sp=0x000000281effedf8 mode 2
Event: 1944.460 Thread 0x00000170fc0cf530 DEOPT PACKING pc=0x00000170e23c561d sp=0x000000281e6ff270
Event: 1944.460 Thread 0x00000170fc0cf530 DEOPT UNPACKING pc=0x00000170e92a4e42 sp=0x000000281e6fe720 mode 0

Classes loaded (20 events):
Event: 1466.115 Loading class java/util/concurrent/Semaphore
Event: 1466.160 Loading class java/util/concurrent/Semaphore done
Event: 1466.160 Loading class java/util/concurrent/Semaphore$NonfairSync
Event: 1466.160 Loading class java/util/concurrent/Semaphore$Sync
Event: 1466.160 Loading class java/util/concurrent/Semaphore$Sync done
Event: 1466.160 Loading class java/util/concurrent/Semaphore$NonfairSync done
Event: 1500.642 Loading class java/util/PriorityQueue
Event: 1500.976 Loading class java/util/PriorityQueue done
Event: 1508.479 Loading class java/io/DataOutputStream
Event: 1508.662 Loading class java/io/DataOutputStream done
Event: 1509.180 Loading class java/util/concurrent/locks/ReentrantReadWriteLock$Sync$HoldCounter
Event: 1509.180 Loading class java/util/concurrent/locks/ReentrantReadWriteLock$Sync$HoldCounter done
Event: 1525.935 Loading class java/util/zip/CRC32C
Event: 1526.058 Loading class java/util/zip/CRC32C done
Event: 1938.337 Loading class java/util/concurrent/CompletableFuture$UniWhenComplete
Event: 1938.337 Loading class java/util/concurrent/CompletableFuture$UniCompletion
Event: 1938.372 Loading class java/util/concurrent/CompletableFuture$UniCompletion done
Event: 1938.372 Loading class java/util/concurrent/CompletableFuture$UniWhenComplete done
Event: 1940.214 Loading class javax/management/NotificationBroadcasterSupport$WildcardListenerInfo
Event: 1940.214 Loading class javax/management/NotificationBroadcasterSupport$WildcardListenerInfo done

Classes unloaded (0 events):
No events

Classes redefined (0 events):
No events

Internal exceptions (20 events):
Event: 1468.379 Thread 0x00000170fd237020 Exception <a 'java/lang/NoSuchMethodError'{0x0000000085d1b7a0}: 'java.lang.Object java.lang.invoke.DirectMethodHandle$Holder.invokeSpecial(java.lang.Object, java.lang.Object, java.lang.Object, java.lang.Object, java.lang.Object, long)'> (0x0000000085d1b7a0) 
thrown [s\src\hotspot\share\interpreter\linkResolver.cpp, line 773]
Event: 1468.379 Thread 0x00000170fd237020 Exception <a 'java/lang/NoSuchMethodError'{0x0000000085d1ef38}: 'java.lang.Object java.lang.invoke.Invokers$Holder.linkToTargetMethod(java.lang.Object, java.lang.Object, java.lang.Object, long, java.lang.Object)'> (0x0000000085d1ef38) 
thrown [s\src\hotspot\share\interpreter\linkResolver.cpp, line 773]
Event: 1475.654 Thread 0x00000170fd237020 Exception <a 'java/lang/NoSuchMethodError'{0x000000008570fa68}: 'int java.lang.invoke.DirectMethodHandle$Holder.invokeStatic(java.lang.Object, java.lang.Object, int, int)'> (0x000000008570fa68) 
thrown [s\src\hotspot\share\interpreter\linkResolver.cpp, line 773]
Event: 1479.355 Thread 0x00000170fd237020 Exception <a 'java/lang/NoSuchMethodError'{0x000000008563ba30}: 'java.lang.Object java.lang.invoke.DirectMethodHandle$Holder.invokeInterface(java.lang.Object, java.lang.Object, java.lang.Object, java.lang.Object)'> (0x000000008563ba30) 
thrown [s\src\hotspot\share\interpreter\linkResolver.cpp, line 773]
Event: 1479.648 Thread 0x00000170fd237020 Implicit null exception at 0x00000170e9b63ec4 to 0x00000170e9b64040
Event: 1485.248 Thread 0x00000170fd237020 Exception <a 'java/lang/NoSuchMethodError'{0x000000008931cf98}: 'java.lang.Object java.lang.invoke.DirectMethodHandle$Holder.newInvokeSpecial(java.lang.Object, java.lang.Object, java.lang.Object, long)'> (0x000000008931cf98) 
thrown [s\src\hotspot\share\interpreter\linkResolver.cpp, line 773]
Event: 1485.248 Thread 0x00000170fd237020 Exception <a 'java/lang/NoSuchMethodError'{0x00000000893212d0}: 'java.lang.Object java.lang.invoke.DirectMethodHandle$Holder.invokeSpecial(java.lang.Object, java.lang.Object, java.lang.Object, java.lang.Object, long)'> (0x00000000893212d0) 
thrown [s\src\hotspot\share\interpreter\linkResolver.cpp, line 773]
Event: 1485.249 Thread 0x00000170fd237020 Exception <a 'java/lang/NoSuchMethodError'{0x0000000089324f58}: 'java.lang.Object java.lang.invoke.Invokers$Holder.linkToTargetMethod(java.lang.Object, java.lang.Object, long, java.lang.Object)'> (0x0000000089324f58) 
thrown [s\src\hotspot\share\interpreter\linkResolver.cpp, line 773]
Event: 1487.527 Thread 0x00000170fd237020 Exception <a 'java/lang/IncompatibleClassChangeError'{0x0000000089242738}: Found class java.lang.Object, but interface was expected> (0x0000000089242738) 
thrown [s\src\hotspot\share\interpreter\linkResolver.cpp, line 840]
Event: 1497.370 Thread 0x00000170fd237020 Implicit null exception at 0x00000170e9d3476f to 0x00000170e9d3480c
Event: 1503.743 Thread 0x00000170fd237020 Exception <a 'java/lang/NoSuchMethodError'{0x0000000087207228}: 'double java.lang.invoke.DirectMethodHandle$Holder.invokeStatic(java.lang.Object, java.lang.Object, java.lang.Object, long)'> (0x0000000087207228) 
thrown [s\src\hotspot\share\interpreter\linkResolver.cpp, line 773]
Event: 1503.967 Thread 0x00000170fc0cc740 Implicit null exception at 0x00000170e9a57ee8 to 0x00000170e9a57f9a
Event: 1505.424 Thread 0x00000170fd237020 Exception <a 'java/lang/NoSuchMethodError'{0x00000000871141f0}: 'void java.lang.invoke.DirectMethodHandle$Holder.invokeSpecial(java.lang.Object, java.lang.Object, java.lang.Object, java.lang.Object, java.lang.Object, java.lang.Object, java.lang.Object, java.lang.Object, java.lang.Object)'> (0x00000000871141f0) 
thrown [s\src\hotspot\share\interpreter\linkResolver.cpp, line 773]
Event: 1505.424 Thread 0x00000170fd233510 Exception <a 'java/lang/NoSuchMethodError'{0x000000008746e648}: 'void java.lang.invoke.DirectMethodHandle$Holder.invokeSpecial(java.lang.Object, java.lang.Object, java.lang.Object, java.lang.Object, java.lang.Object, java.lang.Object, java.lang.Object, java.lang.Object, java.lang.Object)'> (0x000000008746e648) 
thrown [s\src\hotspot\share\interpreter\linkResolver.cpp, line 773]
Event: 1508.378 Thread 0x00000170fd233510 Implicit null exception at 0x00000170e99fe3a0 to 0x00000170e99fe698
Event: 1525.811 Thread 0x00000170fc0cc740 Implicit null exception at 0x00000170e9c11460 to 0x00000170e9c11477
Event: 1526.065 Thread 0x00000170fc0cc740 Exception <a 'java/lang/IncompatibleClassChangeError'{0x0000000086dff3b0}: Found class java.lang.Object, but interface was expected> (0x0000000086dff3b0) 
thrown [s\src\hotspot\share\interpreter\linkResolver.cpp, line 840]
Event: 1528.788 Thread 0x00000170fc0cc740 Exception <a 'java/lang/NoSuchMethodError'{0x0000000086c7d7d8}: 'java.lang.Object java.lang.invoke.DirectMethodHandle$Holder.newInvokeSpecial(java.lang.Object, java.lang.Object, java.lang.Object, java.lang.Object, int, long, java.lang.Object)'> (0x0000000086c7d7d8) 
thrown [s\src\hotspot\share\interpreter\linkResolver.cpp, line 773]
Event: 1939.133 Thread 0x00000170fd232160 Exception <a 'java/lang/NoSuchMethodError'{0x0000000085ae6560}: 'void java.lang.invoke.DirectMethodHandle$Holder.invokeVirtual(java.lang.Object, java.lang.Object, java.lang.Object, java.lang.Object, java.lang.Object)'> (0x0000000085ae6560) 
thrown [s\src\hotspot\share\interpreter\linkResolver.cpp, line 773]
Event: 1944.817 Thread 0x00000170fc6b6cd0 Exception <a 'java/lang/InterruptedException'{0x00000000876bd4e0}: sleep interrupted> (0x00000000876bd4e0) 
thrown [s\src\hotspot\share\prims\jvm.cpp, line 3074]

ZGC Phase Switch (0 events):
No events

VM Operations (20 events):
Event: 1861.891 Executing VM operation: Cleanup done
Event: 1891.176 Executing VM operation: Cleanup
Event: 1891.176 Executing VM operation: Cleanup done
Event: 1921.502 Executing VM operation: Cleanup
Event: 1921.502 Executing VM operation: Cleanup done
Event: 1938.670 Executing VM operation: Cleanup
Event: 1938.670 Executing VM operation: Cleanup done
Event: 1939.679 Executing VM operation: Cleanup
Event: 1939.679 Executing VM operation: Cleanup done
Event: 1939.738 Executing VM operation: G1CollectForAllocation (G1 Evacuation Pause)
Event: 1939.779 Executing VM operation: G1CollectForAllocation (G1 Evacuation Pause) done
Event: 1939.910 Executing VM operation: G1PauseRemark
Event: 1939.972 Executing VM operation: G1PauseRemark done
Event: 1940.122 Executing VM operation: G1PauseCleanup
Event: 1940.175 Executing VM operation: G1PauseCleanup done
Event: 1941.187 Executing VM operation: Cleanup
Event: 1941.218 Executing VM operation: Cleanup done
Event: 1942.225 Executing VM operation: Cleanup
Event: 1942.226 Executing VM operation: Cleanup done
Event: 1944.818 Executing VM operation: G1CollectFull (System.gc())

Memory protections (0 events):
No events

Nmethod flushes (20 events):
Event: 1939.971 Thread 0x00000170f57a4b90 flushing  nmethod 0x00000170e2abc590
Event: 1939.971 Thread 0x00000170f57a4b90 flushing  nmethod 0x00000170e2abe590
Event: 1939.971 Thread 0x00000170f57a4b90 flushing  nmethod 0x00000170e2abe990
Event: 1939.971 Thread 0x00000170f57a4b90 flushing  nmethod 0x00000170e2ac2490
Event: 1939.971 Thread 0x00000170f57a4b90 flushing  nmethod 0x00000170e2ac3210
Event: 1939.971 Thread 0x00000170f57a4b90 flushing  nmethod 0x00000170e2ac3f10
Event: 1939.971 Thread 0x00000170f57a4b90 flushing  nmethod 0x00000170e2b00690
Event: 1939.971 Thread 0x00000170f57a4b90 flushing  nmethod 0x00000170e2b02890
Event: 1939.971 Thread 0x00000170f57a4b90 flushing  nmethod 0x00000170e2b03290
Event: 1939.971 Thread 0x00000170f57a4b90 flushing  nmethod 0x00000170e2b05090
Event: 1939.971 Thread 0x00000170f57a4b90 flushing  nmethod 0x00000170e2b07490
Event: 1939.971 Thread 0x00000170f57a4b90 flushing  nmethod 0x00000170e2b28110
Event: 1939.971 Thread 0x00000170f57a4b90 flushing  nmethod 0x00000170e2b2e010
Event: 1939.971 Thread 0x00000170f57a4b90 flushing  nmethod 0x00000170e2b46890
Event: 1939.971 Thread 0x00000170f57a4b90 flushing  nmethod 0x00000170e2b50490
Event: 1939.971 Thread 0x00000170f57a4b90 flushing  nmethod 0x00000170e2b76790
Event: 1939.971 Thread 0x00000170f57a4b90 flushing  nmethod 0x00000170e2bea910
Event: 1939.971 Thread 0x00000170f57a4b90 flushing  nmethod 0x00000170e2c08510
Event: 1939.971 Thread 0x00000170f57a4b90 flushing  nmethod 0x00000170e2c25e10
Event: 1939.971 Thread 0x00000170f57a4b90 flushing  nmethod 0x00000170e2d1f910

Events (20 events):
Event: 1939.990 Thread 0x00000170fd231440 Thread exited: 0x00000170fd231440
Event: 1939.990 Thread 0x00000170fd237020 Thread exited: 0x00000170fd237020
Event: 1939.991 Thread 0x00000170fd233510 Thread exited: 0x00000170fd233510
Event: 1939.991 Thread 0x00000170fd234f50 Thread exited: 0x00000170fd234f50
Event: 1939.991 Thread 0x00000170fd2355e0 Thread exited: 0x00000170fd2355e0
Event: 1940.063 Thread 0x00000170fc0cc740 Thread exited: 0x00000170fc0cc740
Event: 1940.074 Thread 0x00000170fc0cc0b0 Thread exited: 0x00000170fc0cc0b0
Event: 1941.260 Thread 0x00000170fc0cf530 Thread added: 0x00000170fc0ca670
Event: 1941.261 Thread 0x00000170fc6b9430 Thread exited: 0x00000170fc6b9430
Event: 1941.265 Thread 0x00000170fc0ca670 Thread exited: 0x00000170fc0ca670
Event: 1944.308 Thread 0x00000170fd230090 Thread exited: 0x00000170fd230090
Event: 1944.309 Thread 0x00000170f57d7de0 Thread exited: 0x00000170f57d7de0
Event: 1944.309 Thread 0x00000170fc0cfbc0 Thread exited: 0x00000170fc0cfbc0
Event: 1944.310 Thread 0x00000170fc6b8710 Thread exited: 0x00000170fc6b8710
Event: 1944.310 Thread 0x00000170fc6b8da0 Thread exited: 0x00000170fc6b8da0
Event: 1944.460 Thread 0x00000170fc6b8080 Thread exited: 0x00000170fc6b8080
Event: 1944.470 Thread 0x00000170fc0cdaf0 Thread exited: 0x00000170fc0cdaf0
Event: 1944.817 Thread 0x00000170f57da540 Thread exited: 0x00000170f57da540
Event: 1944.817 Thread 0x00000170f57db260 Thread exited: 0x00000170f57db260
Event: 1944.818 Thread 0x00000170fc6b6cd0 Thread exited: 0x00000170fc6b6cd0


Dynamic libraries:
0x00007ff655010000 - 0x00007ff65501e000 	C:\Users\Shree\.p2\pool\plugins\org.eclipse.justj.openjdk.hotspot.jre.full.win32.x86_64_21.0.7.v20250502-0916\jre\bin\javaw.exe
0x00007ff866630000 - 0x00007ff866828000 	C:\WINDOWS\SYSTEM32\ntdll.dll
0x00007ff865670000 - 0x00007ff865732000 	C:\WINDOWS\System32\KERNEL32.DLL
0x00007ff863ea0000 - 0x00007ff864196000 	C:\WINDOWS\System32\KERNELBASE.dll
0x00007ff863d10000 - 0x00007ff863e10000 	C:\WINDOWS\System32\ucrtbase.dll
0x00007ff858140000 - 0x00007ff858158000 	C:\Users\Shree\.p2\pool\plugins\org.eclipse.justj.openjdk.hotspot.jre.full.win32.x86_64_21.0.7.v20250502-0916\jre\bin\jli.dll
0x00007ff848f80000 - 0x00007ff848f9e000 	C:\Users\Shree\.p2\pool\plugins\org.eclipse.justj.openjdk.hotspot.jre.full.win32.x86_64_21.0.7.v20250502-0916\jre\bin\VCRUNTIME140.dll
0x00007ff865740000 - 0x00007ff8658e1000 	C:\WINDOWS\System32\USER32.dll
0x00007ff850960000 - 0x00007ff850bfb000 	C:\WINDOWS\WinSxS\amd64_microsoft.windows.common-controls_6595b64144ccf1df_6.0.19041.6456_none_60b8a6cb71f64256\COMCTL32.dll
0x00007ff864220000 - 0x00007ff864242000 	C:\WINDOWS\System32\win32u.dll
0x00007ff864d30000 - 0x00007ff864d5b000 	C:\WINDOWS\System32\GDI32.dll
0x00007ff864830000 - 0x00007ff8648ce000 	C:\WINDOWS\System32\msvcrt.dll
0x00007ff864530000 - 0x00007ff864649000 	C:\WINDOWS\System32\gdi32full.dll
0x00007ff864490000 - 0x00007ff86452d000 	C:\WINDOWS\System32\msvcp_win.dll
0x00007ff865db0000 - 0x00007ff865ddf000 	C:\WINDOWS\System32\IMM32.DLL
0x00007ff857cf0000 - 0x00007ff857cfc000 	C:\Users\Shree\.p2\pool\plugins\org.eclipse.justj.openjdk.hotspot.jre.full.win32.x86_64_21.0.7.v20250502-0916\jre\bin\vcruntime140_1.dll
0x00007ff840d40000 - 0x00007ff840dcd000 	C:\Users\Shree\.p2\pool\plugins\org.eclipse.justj.openjdk.hotspot.jre.full.win32.x86_64_21.0.7.v20250502-0916\jre\bin\msvcp140.dll
0x00007ff81e100000 - 0x00007ff81ee90000 	C:\Users\Shree\.p2\pool\plugins\org.eclipse.justj.openjdk.hotspot.jre.full.win32.x86_64_21.0.7.v20250502-0916\jre\bin\server\jvm.dll
0x00007ff865f10000 - 0x00007ff865fc1000 	C:\WINDOWS\System32\ADVAPI32.dll
0x00007ff865990000 - 0x00007ff865a2f000 	C:\WINDOWS\System32\sechost.dll
0x00007ff865c90000 - 0x00007ff865db0000 	C:\WINDOWS\System32\RPCRT4.dll
0x00007ff864460000 - 0x00007ff864487000 	C:\WINDOWS\System32\bcrypt.dll
0x00007ff865a30000 - 0x00007ff865a9b000 	C:\WINDOWS\System32\WS2_32.dll
0x00007ff863a70000 - 0x00007ff863abb000 	C:\WINDOWS\SYSTEM32\POWRPROF.dll
0x00007ff850c00000 - 0x00007ff850c27000 	C:\WINDOWS\SYSTEM32\WINMM.dll
0x00007ff853770000 - 0x00007ff85377a000 	C:\WINDOWS\SYSTEM32\VERSION.dll
0x00007ff863a50000 - 0x00007ff863a62000 	C:\WINDOWS\SYSTEM32\UMPDC.dll
0x00007ff8624d0000 - 0x00007ff8624e2000 	C:\WINDOWS\SYSTEM32\kernel.appcore.dll
0x00007ff85ce50000 - 0x00007ff85ce5a000 	C:\Users\Shree\.p2\pool\plugins\org.eclipse.justj.openjdk.hotspot.jre.full.win32.x86_64_21.0.7.v20250502-0916\jre\bin\jimage.dll
0x00007ff8619c0000 - 0x00007ff861bc1000 	C:\WINDOWS\SYSTEM32\DBGHELP.DLL
0x00007ff8508b0000 - 0x00007ff8508e4000 	C:\WINDOWS\SYSTEM32\dbgcore.DLL
0x00007ff863e10000 - 0x00007ff863e92000 	C:\WINDOWS\System32\bcryptPrimitives.dll
0x00007ff858120000 - 0x00007ff85813f000 	C:\Users\Shree\.p2\pool\plugins\org.eclipse.justj.openjdk.hotspot.jre.full.win32.x86_64_21.0.7.v20250502-0916\jre\bin\java.dll
0x00007ff864f00000 - 0x00007ff865670000 	C:\WINDOWS\System32\SHELL32.dll
0x00007ff861d10000 - 0x00007ff8624b5000 	C:\WINDOWS\SYSTEM32\windows.storage.dll
0x00007ff8649d0000 - 0x00007ff864d24000 	C:\WINDOWS\System32\combase.dll
0x00007ff863680000 - 0x00007ff8636ab000 	C:\WINDOWS\SYSTEM32\Wldp.dll
0x00007ff8648e0000 - 0x00007ff8649ad000 	C:\WINDOWS\System32\OLEAUT32.dll
0x00007ff8646c0000 - 0x00007ff86476d000 	C:\WINDOWS\System32\SHCORE.dll
0x00007ff864770000 - 0x00007ff8647cb000 	C:\WINDOWS\System32\shlwapi.dll
0x00007ff863bf0000 - 0x00007ff863c14000 	C:\WINDOWS\SYSTEM32\profapi.dll
0x00007ff858100000 - 0x00007ff858118000 	C:\Users\Shree\.p2\pool\plugins\org.eclipse.justj.openjdk.hotspot.jre.full.win32.x86_64_21.0.7.v20250502-0916\jre\bin\zip.dll
0x00007ff85ce30000 - 0x00007ff85ce40000 	C:\Users\Shree\.p2\pool\plugins\org.eclipse.justj.openjdk.hotspot.jre.full.win32.x86_64_21.0.7.v20250502-0916\jre\bin\net.dll
0x00007ff8533a0000 - 0x00007ff8534aa000 	C:\WINDOWS\SYSTEM32\WINHTTP.dll
0x00007ff863370000 - 0x00007ff8633da000 	C:\WINDOWS\system32\mswsock.dll
0x00007ff8580e0000 - 0x00007ff8580f6000 	C:\Users\Shree\.p2\pool\plugins\org.eclipse.justj.openjdk.hotspot.jre.full.win32.x86_64_21.0.7.v20250502-0916\jre\bin\nio.dll
0x00007ff851f00000 - 0x00007ff851f0a000 	C:\Users\Shree\.p2\pool\plugins\org.eclipse.justj.openjdk.hotspot.jre.full.win32.x86_64_21.0.7.v20250502-0916\jre\bin\management.dll
0x00007ff84bc80000 - 0x00007ff84bc8b000 	C:\Users\Shree\.p2\pool\plugins\org.eclipse.justj.openjdk.hotspot.jre.full.win32.x86_64_21.0.7.v20250502-0916\jre\bin\management_ext.dll
0x00007ff865980000 - 0x00007ff865988000 	C:\WINDOWS\System32\PSAPI.DLL
0x00007ff863090000 - 0x00007ff86315a000 	C:\WINDOWS\SYSTEM32\DNSAPI.dll
0x00007ff863050000 - 0x00007ff86308b000 	C:\WINDOWS\SYSTEM32\IPHLPAPI.DLL
0x00007ff8648d0000 - 0x00007ff8648d8000 	C:\WINDOWS\System32\NSI.dll
0x00007ff856460000 - 0x00007ff85646a000 	C:\Windows\System32\rasadhlp.dll
0x00007ff851fc0000 - 0x00007ff852040000 	C:\WINDOWS\System32\fwpuclnt.dll
0x00007ff851f10000 - 0x00007ff851f19000 	C:\Users\Shree\.p2\pool\plugins\org.eclipse.justj.openjdk.hotspot.jre.full.win32.x86_64_21.0.7.v20250502-0916\jre\bin\extnet.dll
0x00007ff858090000 - 0x00007ff85809e000 	C:\Users\Shree\.p2\pool\plugins\org.eclipse.justj.openjdk.hotspot.jre.full.win32.x86_64_21.0.7.v20250502-0916\jre\bin\sunmscapi.dll
0x00007ff864300000 - 0x00007ff86445d000 	C:\WINDOWS\System32\CRYPT32.dll
0x00007ff8636f0000 - 0x00007ff863717000 	C:\WINDOWS\SYSTEM32\ncrypt.dll
0x00007ff8636b0000 - 0x00007ff8636eb000 	C:\WINDOWS\SYSTEM32\NTASN1.dll
0x00007ff863560000 - 0x00007ff863578000 	C:\WINDOWS\SYSTEM32\CRYPTSP.dll
0x00007ff862c90000 - 0x00007ff862cc8000 	C:\WINDOWS\system32\rsaenh.dll
0x00007ff863b70000 - 0x00007ff863b9e000 	C:\WINDOWS\SYSTEM32\USERENV.dll
0x00007ff863580000 - 0x00007ff86358c000 	C:\WINDOWS\SYSTEM32\CRYPTBASE.dll
0x00007ff85c030000 - 0x00007ff85c040000 	C:\Users\Shree\.p2\pool\plugins\org.eclipse.justj.openjdk.hotspot.jre.full.win32.x86_64_21.0.7.v20250502-0916\jre\bin\verify.dll
0x00007ff84acf0000 - 0x00007ff84acf7000 	C:\WINDOWS\system32\wshunix.dll

dbghelp: loaded successfully - version: 4.0.5 - missing functions: none
symbol engine: initialized successfully - sym options: 0x614 - pdb path: .;C:\Users\Shree\.p2\pool\plugins\org.eclipse.justj.openjdk.hotspot.jre.full.win32.x86_64_21.0.7.v20250502-0916\jre\bin;C:\WINDOWS\SYSTEM32;C:\WINDOWS\WinSxS\amd64_microsoft.windows.common-controls_6595b64144ccf1df_6.0.19041.6456_none_60b8a6cb71f64256;C:\Users\Shree\.p2\pool\plugins\org.eclipse.justj.openjdk.hotspot.jre.full.win32.x86_64_21.0.7.v20250502-0916\jre\bin\server

VM Arguments:
jvm_args: -Dfile.encoding=UTF-8 -Dstdout.encoding=UTF-8 -Dstderr.encoding=UTF-8 -XX:+ShowCodeDetailsInExceptionMessages 
java_command: com.ecommerce.orderservice.OrderServiceApplication
java_class_path (initial): G:\Ecommerce-Backend\SpringBootProj01\ecommerc_microservices\OrderService\target\classes;G:\Ecommerce-Backend\SpringBootProj01\ecommerc_microservices\common_modules\target\classes;C:\Users\Shree\.m2\repository\org\springframework\boot\spring-boot-starter\3.5.6\spring-boot-starter-3.5.6.jar;C:\Users\Shree\.m2\repository\org\springframework\boot\spring-boot\3.5.6\spring-boot-3.5.6.jar;C:\Users\Shree\.m2\repository\org\springframework\spring-context\6.2.11\spring-context-6.2.11.jar;C:\Users\Shree\.m2\repository\org\springframework\spring-aop\6.2.11\spring-aop-6.2.11.jar;C:\Users\Shree\.m2\repository\org\springframework\spring-beans\6.2.11\spring-beans-6.2.11.jar;C:\Users\Shree\.m2\repository\org\springframework\spring-expression\6.2.11\spring-expression-6.2.11.jar;C:\Users\Shree\.m2\repository\io\micrometer\micrometer-observation\1.15.4\micrometer-observation-1.15.4.jar;C:\Users\Shree\.m2\repository\io\micrometer\micrometer-commons\1.15.4\micrometer-commons-1.15.4.jar;C:\Users\Shree\.m2\repository\org\springframework\boot\spring-boot-autoconfigure\3.5.6\spring-boot-autoconfigure-3.5.6.jar;C:\Users\Shree\.m2\repository\org\springframework\boot\spring-boot-starter-logging\3.5.6\spring-boot-starter-logging-3.5.6.jar;C:\Users\Shree\.m2\repository\ch\qos\logback\logback-classic\1.5.18\logback-classic-1.5.18.jar;C:\Users\Shree\.m2\repository\ch\qos\logback\logback-core\1.5.18\logback-core-1.5.18.jar;C:\Users\Shree\.m2\repository\org\apache\logging\log4j\log4j-to-slf4j\2.24.3\log4j-to-slf4j-2.24.3.jar;C:\Users\Shree\.m2\repository\org\apache\logging\log4j\log4j-api\2.24.3\log4j-api-2.24.3.jar;C:\Users\Shree\.m2\repository\org\slf4j\jul-to-slf4j\2.0.17\jul-to-slf4j-2.0.17.jar;C:\Users\Shree\.m2\repository\jakarta\annotation\jakarta.annotation-api\2.1.1\jakarta.annotation-api-2.1.1.jar;C:\Users\Shree\.m2\repository\org\springframework\spring-core\6.2.11\spring-core-6.2.11.jar;C:\Users\Shree\.m2\repository\org\springframework\spring-jcl\6.2.11\spring-jcl-6.2.11.jar;C:\Users\Shree\.m2\repository\org\yaml\snakeyaml\2.4\snakeyaml-2.4.jar;C:\Users\Shree\.m2\repository\org\projectlombok\lombok\1.18.40\lombok-1.18.40.jar;C:\Users\Shree\.m2\repository\org\springframework\boot\spring-boot-starter-test\3.5.6\spring-boot-starter-test-3.5.6.jar;C:\Users\Shree\.m2\repository\org\springframework\boot\spring-boot-test\3.5.6\spring-boot-test-3.5.6.jar;C:\Users\Shree\.m2\repository\org\springframework\boot\spring-boot-test-autoconfigure\3.5.6\spring-boot-test-autoconfigure-3.5.6.jar;C:\Users\Shree\.m2\repository\com\jayway\jsonpath\json-path\2.9.0\json-path-2.9.0.jar;C:\Users\Shree\.m2\repository\org\slf4j\slf4j-api\2.0.17\slf4j-api-2.0.17.jar;C:\Users\Shree\.m2\repository\jakarta\xml\bind\jakarta.xml.bind-api\4.0.2\jakarta.xml.bind-api-4.0.2.jar;C:\Users\Shree\.m2\repository\jakarta\activation\jakarta.activation-api\2.1.4\jakarta.activation-api-2.1.4.jar;C:\Users\Shree\.m2\repository\net\minidev\json-smart\2.5.2\json-smart-2.5.2.jar;C:\Users\Shree\.m2\repository\net\minidev\accessors-smart\2.5.2\accessors-smart-2.5.2.jar;C:\Users\Shree\.m2\repository\org\ow2\asm\asm\9.7.1\asm-9.7.1.jar;C:\Users\Shree\.m2\repository\org\assertj\assertj-core\3.27.4\assertj-core-3.27.4.jar;C:\Users\Shree\.m2\repository\net\bytebuddy\byte-buddy\1.17.7\byte-buddy-1.17.7.jar;C:\Users\Shree\.m2\repository\org\awaitility\awaitility\4.2.2\awaitility-4.2.2.jar;C:\Users\Shree\.m2\repository\org\hamcrest\hamcrest\3.0\hamcrest-3.0.jar;C:\Users\Shree\.m2\repository\org\junit\jupiter\junit-jupiter\5.12.2\junit-jupiter-5.12.2.jar;C:\Users\Shree\.m2\repository\org\junit\jupiter\junit-jupiter-api\5.12.2\junit-jupiter-api-5.12.2.jar;C:\Users\Shree\.m2\repository\org\opentest4j\opentest4j\1.3.0\opentest4j-1.3.0.jar;C:\Users\Shree\.m2\repository\org\junit\platform\junit-platform-commons\1.12.2\junit-platform-commons-1.12.2.jar;C:\Users\Shree\.m2\repository\org\apiguardian\apiguardian-api\1.1.2\apiguardian-api-1.1.2.jar;C:\Users\Shree\.m2\repository\org\junit\jupiter\junit-jupiter-params\5.12.2\junit-jupiter-params-5.12.2.jar;C:\Users\Shree\.m2\repository\org\junit\jupiter\junit-jupiter-engine\5.12.2\junit-jupiter-engine-5.12.2.jar;C:\Users\Shree\.m2\repository\org\junit\platform\junit-platform-engine\1.12.2\junit-platform-engine-1.12.2.jar;C:\Users\Shree\.m2\repository\org\mockito\mockito-core\5.17.0\mockito-core-5.17.0.jar;C:\Users\Shree\.m2\repository\net\bytebuddy\byte-buddy-agent\1.17.7\byte-buddy-agent-1.17.7.jar;C:\Users\Shree\.m2\repository\org\objenesis\objenesis\3.3\objenesis-3.3.jar;C:\Users\Shree\.m2\repository\org\mockito\mockito-junit-jupiter\5.17.0\mockito-junit-jupiter-5.17.0.jar;C:\Users\Shree\.m2\repository\org\skyscreamer\jsonassert\1.5.3\jsonassert-1.5.3.jar;C:\Users\Shree\.m2\repository\com\vaadin\external\google\android-json\0.0.20131108.vaadin1\android-json-0.0.20131108.vaadin1.jar;C:\Users\Shree\.m2\repository\org\springframework\spring-test\6.2.11\spring-test-6.2.11.jar;C:\Users\Shree\.m2\repository\org\xmlunit\xmlunit-core\2.10.4\xmlunit-core-2.10.4.jar;C:\Users\Shree\.m2\repository\org\springframework\boot\spring-boot-starter-web\3.5.6\spring-boot-starter-web-3.5.6.jar;C:\Users\Shree\.m2\repository\org\springframework\boot\spring-boot-starter-json\3.5.6\spring-boot-starter-json-3.5.6.jar;C:\Users\Shree\.m2\repository\com\fasterxml\jackson\datatype\jackson-datatype-jdk8\2.19.2\jackson-datatype-jdk8-2.19.2.jar;C:\Users\Shree\.m2\repository\com\fasterxml\jackson\datatype\jackson-datatype-jsr310\2.19.2\jackson-datatype-jsr310-2.19.2.jar;C:\Users\Shree\.m2\repository\com\fasterxml\jackson\module\jackson-module-parameter-names\2.19.2\jackson-module-parameter-names-2.19.2.jar;C:\Users\Shree\.m2\repository\org\springframework\boot\spring-boot-starter-tomcat\3.5.6\spring-boot-starter-tomcat-3.5.6.jar;C:\Users\Shree\.m2\repository\org\apache\tomcat\embed\tomcat-embed-core\10.1.46\tomcat-embed-core-10.1.46.jar;C:\Users\Shree\.m2\repository\org\apache\tomcat\embed\tomcat-embed-el\10.1.46\tomcat-embed-el-10.1.46.jar;C:\Users\Shree\.m2\repository\org\apache\tomcat\embed\tomcat-embed-websocket\10.1.46\tomcat-embed-websocket-10.1.46.jar;C:\Users\Shree\.m2\repository\org\springframework\spring-web\6.2.11\spring-web-6.2.11.jar;C:\Users\Shree\.m2\repository\org\springframework\spring-webmvc\6.2.11\spring-webmvc-6.2.11.jar;C:\Users\Shree\.m2\repository\org\springframework\boot\spring-boot-starter-actuator\3.5.6\spring-boot-starter-actuator-3.5.6.jar;C:\Users\Shree\.m2\repository\org\springframework\boot\spring-boot-actuator-autoconfigure\3.5.6\spring-boot-actuator-autoconfigure-3.5.6.jar;C:\Users\Shree\.m2\repository\org\springframework\boot\spring-boot-actuator\3.5.6\spring-boot-actuator-3.5.6.jar;C:\Users\Shree\.m2\repository\io\micrometer\micrometer-jakarta9\1.15.4\micrometer-jakarta9-1.15.4.jar;C:\Users\Shree\.m2\repository\io\micrometer\micrometer-core\1.15.4\micrometer-core-1.15.4.jar;C:\Users\Shree\.m2\repository\org\hdrhistogram\HdrHistogram\2.2.2\HdrHistogram-2.2.2.jar;C:\Users\Shree\.m2\repository\org\latencyutils\LatencyUtils\2.0.3\LatencyUtils-2.0.3.jar;C:\Users\Shree\.m2\repository\org\springframework\kafka\spring-kafka\3.3.10\spring-kafka-3.3.10.jar;C:\Users\Shree\.m2\repository\org\springframework\spring-messaging\6.2.11\spring-messaging-6.2.11.jar;C:\Users\Shree\.m2\repository\org\springframework\spring-tx\6.2.11\spring-tx-6.2.11.jar;C:\Users\Shree\.m2\repository\org\springframework\retry\spring-retry\2.0.10\spring-retry-2.0.10.jar;C:\Users\Shree\.m2\repository\org\apache\kafka\kafka-clients\3.9.1\kafka-clients-3.9.1.jar;C:\Users\Shree\.m2\repository\com\github\luben\zstd-jni\1.5.6-4\zstd-jni-1.5.6-4.jar;C:\Users\Shree\.m2\repository\org\lz4\lz4-java\1.8.0\lz4-java-1.8.0.jar;C:\Users\Shree\.m2\repository\org\xerial\snappy\snappy-java\1.1.10.5\snappy-java-1.1.10.5.jar;C:\Users\Shree\.m2\repository\org\springframework\boot\spring-boot-starter-data-jpa\3.5.6\spring-boot-starter-data-jpa-3.5.6.jar;C:\Users\Shree\.m2\repository\org\springframework\boot\spring-boot-starter-jdbc\3.5.6\spring-boot-starter-jdbc-3.5.6.jar;C:\Users\Shree\.m2\repository\com\zaxxer\HikariCP\6.3.3\HikariCP-6.3.3.jar;C:\Users\Shree\.m2\repository\org\springframework\spring-jdbc\6.2.11\spring-jdbc-6.2.11.jar;C:\Users\Shree\.m2\repository\org\hibernate\orm\hibernate-core\6.6.29.Final\hibernate-core-6.6.29.Final.jar;C:\Users\Shree\.m2\repository\jakarta\persistence\jakarta.persistence-api\3.1.0\jakarta.persistence-api-3.1.0.jar;C:\Users\Shree\.m2\repository\jakarta\transaction\jakarta.transaction-api\2.0.1\jakarta.transaction-api-2.0.1.jar;C:\Users\Shree\.m2\repository\org\jboss\logging\jboss-logging\3.6.1.Final\jboss-logging-3.6.1.Final.jar;C:\Users\Shree\.m2\repository\org\hibernate\common\hibernate-commons-annotations\7.0.3.Final\hibernate-commons-annotations-7.0.3.Final.jar;C:\Users\Shree\.m2\repository\io\smallrye\jandex\3.2.0\jandex-3.2.0.jar;C:\Users\Shree\.m2\repository\com\fasterxml\classmate\1.7.0\classmate-1.7.0.jar;C:\Users\Shree\.m2\repository\org\glassfish\jaxb\jaxb-runtime\4.0.5\jaxb-runtime-4.0.5.jar;C:\Users\Shree\.m2\repository\org\glassfish\jaxb\jaxb-core\4.0.5\jaxb-core-4.0.5.jar;C:\Users\Shree\.m2\repository\org\eclipse\angus\angus-activation\2.0.2\angus-activation-2.0.2.jar;C:\Users\Shree\.m2\repository\org\glassfish\jaxb\txw2\4.0.5\txw2-4.0.5.jar;C:\Users\Shree\.m2\repository\com\sun\istack\istack-commons-runtime\4.1.2\istack-commons-runtime-4.1.2.jar;C:\Users\Shree\.m2\repository\jakarta\inject\jakarta.inject-api\2.0.1\jakarta.inject-api-2.0.1.jar;C:\Users\Shree\.m2\repository\org\antlr\antlr4-runtime\4.13.0\antlr4-runtime-4.13.0.jar;C:\Users\Shree\.m2\repository\org\springframework\data\spring-data-jpa\3.5.4\spring-data-jpa-3.5.4.jar;C:\Users\Shree\.m2\repository\org\springframework\data\spring-data-commons\3.5.4\spring-data-commons-3.5.4.jar;C:\Users\Shree\.m2\repository\org\springframework\spring-orm\6.2.11\spring-orm-6.2.11.jar;C:\Users\Shree\.m2\repository\org\springframework\spring-aspects\6.2.11\spring-aspects-6.2.11.jar;C:\Users\Shree\.m2\repository\org\aspectj\aspectjweaver\1.9.24\aspectjweaver-1.9.24.jar;C:\Users\Shree\.m2\repository\com\mysql\mysql-connector-j\9.4.0\mysql-connector-j-9.4.0.jar;C:\Users\Shree\.m2\repository\org\springframework\cloud\spring-cloud-starter-netflix-eureka-client\4.3.0\spring-cloud-starter-netflix-eureka-client-4.3.0.jar;C:\Users\Shree\.m2\repository\org\springframework\cloud\spring-cloud-starter\4.3.0\spring-cloud-starter-4.3.0.jar;C:\Users\Shree\.m2\repository\org\springframework\cloud\spring-cloud-context\4.3.0\spring-cloud-context-4.3.0.jar;C:\Users\Shree\.m2\repository\org\bouncycastle\bcprov-jdk18on\1.80\bcprov-jdk18on-1.80.jar;C:\Users\Shree\.m2\repository\org\springframework\cloud\spring-cloud-netflix-eureka-client\4.3.0\spring-cloud-netflix-eureka-client-4.3.0.jar;C:\Users\Shree\.m2\repository\org\apache\httpcomponents\client5\httpclient5\5.5\httpclient5-5.5.jar;C:\Users\Shree\.m2\repository\org\apache\httpcomponents\core5\httpcore5\5.3.5\httpcore5-5.3.5.jar;C:\Users\Shree\.m2\repository\org\apache\httpcomponents\core5\httpcore5-h2\5.3.5\httpcore5-h2-5.3.5.jar;C:\Users\Shree\.m2\repository\com\netflix\eureka\eureka-client\2.0.4\eureka-client-2.0.4.jar;C:\Users\Shree\.m2\repository\com\thoughtworks\xstream\xstream\1.4.20\xstream-1.4.20.jar;C:\Users\Shree\.m2\repository\io\github\x-stream\mxparser\1.2.2\mxparser-1.2.2.jar;C:\Users\Shree\.m2\repository\xmlpull\xmlpull\1.1.3.1\xmlpull-1.1.3.1.jar;C:\Users\Shree\.m2\repository\jakarta\ws\rs\jakarta.ws.rs-api\3.1.0\jakarta.ws.rs-api-3.1.0.jar;C:\Users\Shree\.m2\repository\com\netflix\spectator\spectator-api\1.7.3\spectator-api-1.7.3.jar;C:\Users\Shree\.m2\repository\org\apache\httpcomponents\httpclient\4.5.3\httpclient-4.5.3.jar;C:\Users\Shree\.m2\repository\org\apache\httpcomponents\httpcore\4.4.16\httpcore-4.4.16.jar;C:\Users\Shree\.m2\repository\commons-codec\commons-codec\1.18.0\commons-codec-1.18.0.jar;C:\Users\Shree\.m2\repository\commons-configuration\commons-configuration\1.10\commons-configuration-1.10.jar;C:\Users\Shree\.m2\repository\commons-lang\commons-lang\2.6\commons-lang-2.6.jar;C:\Users\Shree\.m2\repository\com\fasterxml\jackson\core\jackson-annotations\2.19.2\jackson-annotations-2.19.2.jar;C:\Users\Shree\.m2\repository\com\fasterxml\jackson\core\jackson-core\2.19.2\jackson-core-2.19.2.jar;C:\Users\Shree\.m2\repository\com\netflix\netflix-commons\netflix-eventbus\0.3.0\netflix-eventbus-0.3.0.jar;C:\Users\Shree\.m2\repository\com\netflix\netflix-commons\netflix-infix\0.3.0\netflix-infix-0.3.0.jar;C:\Users\Shree\.m2\repository\commons-jxpath\commons-jxpath\1.3\commons-jxpath-1.3.jar;C:\Users\Shree\.m2\repository\joda-time\joda-time\2.3\joda-time-2.3.jar;C:\Users\Shree\.m2\repository\org\antlr\antlr-runtime\3.4\antlr-runtime-3.4.jar;C:\Users\Shree\.m2\repository\org\antlr\stringtemplate\3.2.1\stringtemplate-3.2.1.jar;C:\Users\Shree\.m2\repository\antlr\antlr\2.7.7\antlr-2.7.7.jar;C:\Users\Shree\.m2\repository\com\google\guava\guava\14.0.1\guava-14.0.1.jar;C:\Users\Shree\.m2\repository\com\google\code\gson\gson\2.13.2\gson-2.13.2.jar;C:\Users\Shree\.m2\repository\com\netflix\servo\servo-core\0.5.3\servo-core-0.5.3.jar;C:\Users\Shree\.m2\repository\org\apache\commons\commons-math\2.2\commons-math-2.2.jar;C:\Users\Shree\.m2\repository\javax\annotation\javax.annotation-api\1.2\javax.annotation-api-1.2.jar;C:\Users\Shree\.m2\repository\org\codehaus\jettison\jettison\1.5.4\jettison-1.5.4.jar;C:\Users\Shree\.m2\repository\org\springframework\cloud\spring-cloud-starter-loadbalancer\4.3.0\spring-cloud-starter-loadbalancer-4.3.0.jar;C:\Users\Shree\.m2\repository\org\springframework\cloud\spring-cloud-loadbalancer\4.3.0\spring-cloud-loadbalancer-4.3.0.jar;C:\Users\Shree\.m2\repository\io\projectreactor\reactor-core\3.7.11\reactor-core-3.7.11.jar;C:\Users\Shree\.m2\repository\org\reactivestreams\reactive-streams\1.0.4\reactive-streams-1.0.4.jar;C:\Users\Shree\.m2\repository\io\projectreactor\addons\reactor-extra\3.5.3\reactor-extra-3.5.3.jar;C:\Users\Shree\.m2\repository\org\springframework\boot\spring-boot-starter-cache\3.5.6\spring-boot-starter-cache-3.5.6.jar;C:\Users\Shree\.m2\repository\org\springframework\spring-context-support\6.2.11\spring-context-support-6.2.11.jar;C:\Users\Shree\.m2\repository\com\stoyanr\evictor\1.0.0\evictor-1.0.0.jar;C:\Users\Shree\.m2\repository\org\springframework\cloud\spring-cloud-starter-config\4.3.0\spring-cloud-starter-config-4.3.0.jar;C:\Users\Shree\.m2\repository\org\springframework\cloud\spring-cloud-config-client\4.3.0\spring-cloud-config-client-4.3.0.jar;C:\Users\Shree\.m2\repository\com\fasterxml\jackson\core\jackson-databind\2.19.2\jackson-databind-2.19.2.jar;C:\Users\Shree\.m2\repository\com\google\errorprone\error_prone_annotations\2.40.0\error_prone_annotations-2.40.0.jar;C:\Users\Shree\.m2\repository\org\springframework\cloud\spring-cloud-starter-openfeign\4.3.0\spring-cloud-starter-openfeign-4.3.0.jar;C:\Users\Shree\.m2\repository\org\springframework\cloud\spring-cloud-openfeign-core\4.3.0\spring-cloud-openfeign-core-4.3.0.jar;C:\Users\Shree\.m2\repository\io\github\openfeign\feign-form-spring\13.6\feign-form-spring-13.6.jar;C:\Users\Shree\.m2\repository\org\apache\commons\commons-text\1.13.0\commons-text-1.13.0.jar;C:\Users\Shree\.m2\repository\org\apache\commons\commons-lang3\3.17.0\commons-lang3-3.17.0.jar;C:\Users\Shree\.m2\repository\io\github\openfeign\feign-form\13.6\feign-form-13.6.jar;C:\Users\Shree\.m2\repository\commons-fileupload\commons-fileupload\1.5\commons-fileupload-1.5.jar;C:\Users\Shree\.m2\repository\org\springframework\cloud\spring-cloud-commons\4.3.0\spring-cloud-commons-4.3.0.jar;C:\Users\Shree\.m2\repository\org\springframework\security\spring-security-crypto\6.5.5\spring-security-crypto-6.5.5.jar;C:\Users\Shree\.m2\repository\io\github\openfeign\feign-core\13.6\feign-core-13.6.jar;C:\Users\Shree\.m2\repository\io\github\openfeign\feign-slf4j\13.6\feign-slf4j-13.6.jar;C:\Users\Shree\.m2\repository\org\springframework\boot\spring-boot-devtools\3.5.6\spring-boot-devtools-3.5.6.jar
Launcher Type: SUN_STANDARD

[Global flags]
     intx CICompilerCount                          = 3                                         {product} {ergonomic}
     uint ConcGCThreads                            = 1                                         {product} {ergonomic}
     uint G1ConcRefinementThreads                  = 4                                         {product} {ergonomic}
   size_t G1HeapRegionSize                         = 1048576                                   {product} {ergonomic}
    uintx GCDrainStackTargetSize                   = 64                                        {product} {ergonomic}
   size_t InitialHeapSize                          = 134217728                                 {product} {ergonomic}
   size_t MarkStackSize                            = 4194304                                   {product} {ergonomic}
   size_t MaxHeapSize                              = 2126512128                                {product} {ergonomic}
   size_t MaxNewSize                               = 1275068416                                {product} {ergonomic}
   size_t MinHeapDeltaBytes                        = 1048576                                   {product} {ergonomic}
   size_t MinHeapSize                              = 8388608                                   {product} {ergonomic}
    uintx NonNMethodCodeHeapSize                   = 5832780                                {pd product} {ergonomic}
    uintx NonProfiledCodeHeapSize                  = 122912730                              {pd product} {ergonomic}
    uintx ProfiledCodeHeapSize                     = 122912730                              {pd product} {ergonomic}
    uintx ReservedCodeCacheSize                    = 251658240                              {pd product} {ergonomic}
     bool SegmentedCodeCache                       = true                                      {product} {ergonomic}
     bool ShowCodeDetailsInExceptionMessages       = true                                   {manageable} {command line}
   size_t SoftMaxHeapSize                          = 2126512128                             {manageable} {ergonomic}
     bool UseCompressedOops                        = true                           {product lp64_product} {ergonomic}
     bool UseG1GC                                  = true                                      {product} {ergonomic}
     bool UseLargePagesIndividualAllocation        = false                                  {pd product} {ergonomic}

Logging:
Log output configuration:
 #0: stdout all=warning uptime,level,tags foldmultilines=false
 #1: stderr all=off uptime,level,tags foldmultilines=false

Environment Variables:
JAVA_HOME=C:\Program Files\Java\jdk-17
PATH=C:/Users/Shree/.p2/pool/plugins/org.eclipse.justj.openjdk.hotspot.jre.full.win32.x86_64_21.0.7.v20250502-0916/jre/bin/server;C:/Users/Shree/.p2/pool/plugins/org.eclipse.justj.openjdk.hotspot.jre.full.win32.x86_64_21.0.7.v20250502-0916/jre/bin;H:\oracle\product\10.2.0\db_3\bin;C:\Program Files (x86)\Intel\iCLS Client\;C:\Program Files\Intel\iCLS Client\;C:\WINDOWS\system32;C:\WINDOWS;C:\WINDOWS\System32\Wbem;C:\WINDOWS\System32\WindowsPowerShell\v1.0\;C:\Windows\IsmFiles;C:\Program Files (x86)\Intel\Intel(R) Management Engine Components\DAL;C:\Program Files\Intel\Intel(R) Management Engine Components\DAL;C:\Program Files (x86)\Intel\Intel(R) Management Engine Components\IPT;C:\Program Files\Intel\Intel(R) Management Engine Components\IPT;C:\WINDOWS\System32\OpenSSH\;C:\Users\Shree\AppData\Local\Programs\Python\Python38-32;C:\Users\Shree\AppData\Local\Programs\Python\Python38-32\Scripts;C:\MinGW\bin;C:\xampp\php;C:\ProgramData\ComposerSetup\bin;C:\ProgramData\chocolatey\bin;C:\xampp1\php;C:\Users\Shree\.vscode\extensions\ms-dotnettools.csharp-1.23.8\.omnisharp\1.37.5;F:\Git\cmd;C:\Program Files\nodejs\;C:\Program Files\MySQL\MySQL Server 8.0\bin;C:\Program Files\Java\jdk-17\bin;C:\Program Files\Java\jdk-17\bin;C:\Program Files\apache-maven-3.9.11\bin;C:\Users\Shree\.local\bin;C:\Program Files\MySQL\MySQL Shell 8.0\bin\;C:\Users\Shree\AppData\Local\Microsoft\WindowsApps;C:\Users\Shree\.dotnet\tools;C:\Users\Shree\AppData\Local\JetBrains\PyCharm Community Edition 2019.3.4\bin;;C:\Users\Shree\AppData\Local\Programs\Microsoft VS Code\bin;C:\Users\Shree\AppData\Roaming\Composer\vendor\bin;C:\Users\Shree\AppData\Local\GitHubDesktop\bin;C:\Users\Shree\AppData\Roaming\npm;C:\Windows\System32\wbem;C:\Windows\System32;C:\Users\Shree\.local\bin;C:\Program Files\Java\jdk-17\bin;C:\Program Files\Java\jdk-17\bin;C:\Program Files\apache-maven-3.9.11\bin;;C:\WINDOWS\system32;
USERNAME=Shree
OS=Windows_NT
PROCESSOR_IDENTIFIER=Intel64 Family 6 Model 78 Stepping 3, GenuineIntel
TMP=C:\Users\Shree\AppData\Local\Temp
TEMP=C:\Users\Shree\AppData\Local\Temp




Periodic native trim disabled

---------------  S Y S T E M  ---------------

OS:
 Windows 10 , 64 bit Build 19041 (10.0.19041.5915)
OS uptime: 0 days 2:34 hours

CPU: total 4 (initial active 4) (2 cores per cpu, 2 threads per core) family 6 model 78 stepping 3 microcode 0xcc, cx8, cmov, fxsr, ht, mmx, 3dnowpref, sse, sse2, sse3, ssse3, sse4.1, sse4.2, popcnt, lzcnt, tsc, tscinvbit, avx, avx2, aes, erms, clmul, bmi1, bmi2, adx, fma, vzeroupper, clflush, clflushopt, rdtscp, f16c
Processor Information for the first 4 processors :
  Max Mhz: 2000, Current Mhz: 2000, Mhz Limit: 2000

Memory: 4k page, system-wide physical 8108M (997M free)
TotalPageFile size 14252M (AvailPageFile size 2M)
current process WorkingSet (physical memory assigned to process): 259M, peak: 349M
current process commit charge ("private bytes"): 372M, peak: 381M

vm_info: OpenJDK 64-Bit Server VM (21.0.7+6-LTS) for windows-amd64 JRE (21.0.7+6-LTS), built on 2025-04-15T00:00:00Z by "admin" with MS VC++ 17.7 (VS2022)

END.
