#
# There is insufficient memory for the Java Runtime Environment to continue.
# Native memory allocation (malloc) failed to allocate 708976 bytes. Error detail: Chunk::new
# Possible reasons:
#   The system is out of physical RAM or swap space
#   This process is running with CompressedOops enabled, and the Java Heap may be blocking the growth of the native heap
# Possible solutions:
#   Reduce memory load on the system
#   Increase physical memory or swap space
#   Check if swap backing store is full
#   Decrease Java heap size (-Xmx/-Xms)
#   Decrease number of Java threads
#   Decrease Java thread stack sizes (-Xss)
#   Set larger code cache with -XX:ReservedCodeCacheSize=
#   JVM is running with Unscaled Compressed Oops mode in which the Java heap is
#     placed in the first 4GB address space. The Java Heap base address is the
#     maximum limit for the native heap growth. Please use -XX:HeapBaseMinAddress
#     to set the Java Heap base and to place the Java Heap above 4GB virtual address.
# This output file may be truncated or incomplete.
#
#  Out of Memory Error (arena.cpp:168), pid=14264, tid=11072
#
# JRE version: OpenJDK Runtime Environment Temurin-21.0.7+6 (21.0.7+6) (build 21.0.7+6-LTS)
# Java VM: OpenJDK 64-Bit Server VM Temurin-21.0.7+6 (21.0.7+6-LTS, mixed mode, sharing, tiered, compressed oops, compressed class ptrs, g1 gc, windows-amd64)
# No core dump will be written. Minidumps are not enabled by default on client versions of Windows
#

---------------  S U M M A R Y ------------

Command Line: -Dfile.encoding=UTF-8 -Dstdout.encoding=UTF-8 -Dstderr.encoding=UTF-8 -XX:+ShowCodeDetailsInExceptionMessages com.ecommerce.serviceregister.ServiceRegisterApplication

Host: Intel(R) Core(TM) i3-6006U CPU @ 2.00GHz, 4 cores, 7G,  Windows 10 , 64 bit Build 19041 (10.0.19041.5915)
Time: Thu Nov 13 23:17:23 2025 India Standard Time elapsed time: 2294.102017 seconds (0d 0h 38m 14s)

---------------  T H R E A D  ---------------

Current thread (0x000001d2ff4952b0):  JavaThread "C2 CompilerThread0" daemon [_thread_in_native, id=11072, stack(0x00000052f2e00000,0x00000052f2f00000) (1024K)]


Current CompileTask:
C2:2294102 11155 % !   4       java.util.jar.Attributes::read @ 214 (494 bytes)

Stack: [0x00000052f2e00000,0x00000052f2f00000]
Native frames: (J=compiled Java code, j=interpreted, Vv=VM code, C=native code)
V  [jvm.dll+0x6ce119]
V  [jvm.dll+0x8a84a1]
V  [jvm.dll+0x8aa9ce]
V  [jvm.dll+0x8ab0b3]
V  [jvm.dll+0x27f8a6]
V  [jvm.dll+0xc507d]
V  [jvm.dll+0xc55b3]
V  [jvm.dll+0x3b68f2]
V  [jvm.dll+0x382aa5]
V  [jvm.dll+0x381f0a]
V  [jvm.dll+0x247af0]
V  [jvm.dll+0x2470cf]
V  [jvm.dll+0x1c760e]
V  [jvm.dll+0x25695a]
V  [jvm.dll+0x254efa]
V  [jvm.dll+0x3f03f6]
V  [jvm.dll+0x851f6b]
V  [jvm.dll+0x6cc7dd]
C  [ucrtbase.dll+0x21bb2]
C  [KERNEL32.DLL+0x17374]
C  [ntdll.dll+0x4cc91]


---------------  P R O C E S S  ---------------

Threads class SMR info:
_java_thread_list=0x000001d2ca6a68e0, length=58, elements={
0x000001d2ff4859f0, 0x000001d2ff487250, 0x000001d2ff48a970, 0x000001d2ff48d650,
0x000001d2ff48e9f0, 0x000001d2ff4906e0, 0x000001d2ff4952b0, 0x000001d2ff4986a0,
0x000001d2ff5eed40, 0x000001d2ff5fc550, 0x000001d2ca8b6730, 0x000001d2cab398a0,
0x000001d2c8aa9b10, 0x000001d2c8b6dde0, 0x000001d2c8b6c3a0, 0x000001d2c8b6b680,
0x000001d2c8b6e470, 0x000001d2c8b6ca30, 0x000001d2c8b6eb00, 0x000001d2c8b6d0c0,
0x000001d2c8b6d750, 0x000001d2c8b6bd10, 0x000001d2c8b64a10, 0x000001d2c8b65dc0,
0x000001d2c8b69240, 0x000001d2c8b650a0, 0x000001d2c8b65730, 0x000001d2c8b66ae0,
0x000001d2c8b66450, 0x000001d2c8b6a5f0, 0x000001d2c8b63660, 0x000001d2c8b6ac80,
0x000001d2c8b67170, 0x000001d2c8b67800, 0x000001d2c8b63cf0, 0x000001d2c8b67e90,
0x000001d2c8b69f60, 0x000001d2c8b68520, 0x000001d2c8b68bb0, 0x000001d2c8b698d0,
0x000001d2c8b64380, 0x000001d2c88d85c0, 0x000001d2c88d6b80, 0x000001d2c88d7f30,
0x000001d2c88d4420, 0x000001d2c88d7210, 0x000001d2c88d4ab0, 0x000001d2c88d57d0,
0x000001d2c88d3d90, 0x000001d2c88d92e0, 0x000001d2c88d9970, 0x000001d2c88d5140,
0x000001d2c88d78a0, 0x000001d2c88d64f0, 0x000001d2c88da000, 0x000001d2c88d5e60,
0x000001d2c88dad20, 0x000001d2c88d8c50
}

Java Threads: ( => current thread )
  0x000001d2ff4859f0 JavaThread "Reference Handler"          daemon [_thread_blocked, id=3368, stack(0x00000052f2800000,0x00000052f2900000) (1024K)]
  0x000001d2ff487250 JavaThread "Finalizer"                  daemon [_thread_blocked, id=2176, stack(0x00000052f2900000,0x00000052f2a00000) (1024K)]
  0x000001d2ff48a970 JavaThread "Signal Dispatcher"          daemon [_thread_blocked, id=16240, stack(0x00000052f2a00000,0x00000052f2b00000) (1024K)]
  0x000001d2ff48d650 JavaThread "Attach Listener"            daemon [_thread_blocked, id=15840, stack(0x00000052f2b00000,0x00000052f2c00000) (1024K)]
  0x000001d2ff48e9f0 JavaThread "Service Thread"             daemon [_thread_blocked, id=15944, stack(0x00000052f2c00000,0x00000052f2d00000) (1024K)]
  0x000001d2ff4906e0 JavaThread "Monitor Deflation Thread"   daemon [_thread_blocked, id=8728, stack(0x00000052f2d00000,0x00000052f2e00000) (1024K)]
=>0x000001d2ff4952b0 JavaThread "C2 CompilerThread0"         daemon [_thread_in_native, id=11072, stack(0x00000052f2e00000,0x00000052f2f00000) (1024K)]
  0x000001d2ff4986a0 JavaThread "C1 CompilerThread0"         daemon [_thread_blocked, id=11784, stack(0x00000052f2f00000,0x00000052f3000000) (1024K)]
  0x000001d2ff5eed40 JavaThread "Notification Thread"        daemon [_thread_blocked, id=11128, stack(0x00000052f3000000,0x00000052f3100000) (1024K)]
  0x000001d2ff5fc550 JavaThread "Common-Cleaner"             daemon [_thread_blocked, id=13632, stack(0x00000052f3100000,0x00000052f3200000) (1024K)]
  0x000001d2ca8b6730 JavaThread "Catalina-utility-1"                [_thread_blocked, id=3116, stack(0x00000052f3600000,0x00000052f3700000) (1024K)]
  0x000001d2cab398a0 JavaThread "Catalina-utility-2"                [_thread_blocked, id=13784, stack(0x00000052f3700000,0x00000052f3800000) (1024K)]
  0x000001d2c8aa9b10 JavaThread "container-0"                       [_thread_blocked, id=5520, stack(0x00000052f3800000,0x00000052f3900000) (1024K)]
  0x000001d2c8b6dde0 JavaThread "spectator-gauge-polling-0"  daemon [_thread_blocked, id=15916, stack(0x00000052f3a00000,0x00000052f3b00000) (1024K)]
  0x000001d2c8b6c3a0 JavaThread "Eureka-DeltaRetentionTimer" daemon [_thread_blocked, id=8884, stack(0x00000052f3b00000,0x00000052f3c00000) (1024K)]
  0x000001d2c8b6b680 JavaThread "Eureka-EvictionTimer"       daemon [_thread_blocked, id=13188, stack(0x00000052f3c00000,0x00000052f3d00000) (1024K)]
  0x000001d2c8b6e470 JavaThread "Eureka-MeasureRateTimer"    daemon [_thread_blocked, id=5272, stack(0x00000052f3d00000,0x00000052f3e00000) (1024K)]
  0x000001d2c8b6ca30 JavaThread "ReplicaAwareInstanceRegistry - RenewalThresholdUpdater" daemon [_thread_blocked, id=3296, stack(0x00000052f3e00000,0x00000052f3f00000) (1024K)]
  0x000001d2c8b6eb00 JavaThread "Eureka-MeasureRateTimer"    daemon [_thread_blocked, id=9928, stack(0x00000052f3f00000,0x00000052f4000000) (1024K)]
  0x000001d2c8b6d0c0 JavaThread "Eureka-Jersey3Client-Conn-Cleaner2" daemon [_thread_blocked, id=11840, stack(0x00000052f4000000,0x00000052f4100000) (1024K)]
  0x000001d2c8b6d750 JavaThread "TaskAcceptor-target_localhost" daemon [_thread_blocked, id=8140, stack(0x00000052f4100000,0x00000052f4200000) (1024K)]
  0x000001d2c8b6bd10 JavaThread "TaskBatchingWorker-target_localhost-0" daemon [_thread_blocked, id=7348, stack(0x00000052f4200000,0x00000052f4300000) (1024K)]
  0x000001d2c8b64a10 JavaThread "TaskBatchingWorker-target_localhost-1" daemon [_thread_blocked, id=11764, stack(0x00000052f4300000,0x00000052f4400000) (1024K)]
  0x000001d2c8b65dc0 JavaThread "TaskBatchingWorker-target_localhost-2" daemon [_thread_blocked, id=12964, stack(0x00000052f4400000,0x00000052f4500000) (1024K)]
  0x000001d2c8b69240 JavaThread "TaskBatchingWorker-target_localhost-3" daemon [_thread_blocked, id=3012, stack(0x00000052f4500000,0x00000052f4600000) (1024K)]
  0x000001d2c8b650a0 JavaThread "TaskBatchingWorker-target_localhost-4" daemon [_thread_blocked, id=972, stack(0x00000052f4600000,0x00000052f4700000) (1024K)]
  0x000001d2c8b65730 JavaThread "TaskBatchingWorker-target_localhost-5" daemon [_thread_blocked, id=6952, stack(0x00000052f4700000,0x00000052f4800000) (1024K)]
  0x000001d2c8b66ae0 JavaThread "TaskBatchingWorker-target_localhost-6" daemon [_thread_blocked, id=7900, stack(0x00000052f4800000,0x00000052f4900000) (1024K)]
  0x000001d2c8b66450 JavaThread "TaskBatchingWorker-target_localhost-7" daemon [_thread_blocked, id=7580, stack(0x00000052f4900000,0x00000052f4a00000) (1024K)]
  0x000001d2c8b6a5f0 JavaThread "TaskBatchingWorker-target_localhost-8" daemon [_thread_blocked, id=6276, stack(0x00000052f4a00000,0x00000052f4b00000) (1024K)]
  0x000001d2c8b63660 JavaThread "TaskBatchingWorker-target_localhost-9" daemon [_thread_blocked, id=12028, stack(0x00000052f4b00000,0x00000052f4c00000) (1024K)]
  0x000001d2c8b6ac80 JavaThread "TaskBatchingWorker-target_localhost-10" daemon [_thread_blocked, id=6396, stack(0x00000052f4c00000,0x00000052f4d00000) (1024K)]
  0x000001d2c8b67170 JavaThread "TaskBatchingWorker-target_localhost-11" daemon [_thread_blocked, id=13480, stack(0x00000052f4d00000,0x00000052f4e00000) (1024K)]
  0x000001d2c8b67800 JavaThread "TaskBatchingWorker-target_localhost-12" daemon [_thread_blocked, id=11304, stack(0x00000052f4e00000,0x00000052f4f00000) (1024K)]
  0x000001d2c8b63cf0 JavaThread "TaskBatchingWorker-target_localhost-13" daemon [_thread_blocked, id=6200, stack(0x00000052f4f00000,0x00000052f5000000) (1024K)]
  0x000001d2c8b67e90 JavaThread "TaskBatchingWorker-target_localhost-14" daemon [_thread_blocked, id=3184, stack(0x00000052f5000000,0x00000052f5100000) (1024K)]
  0x000001d2c8b69f60 JavaThread "TaskBatchingWorker-target_localhost-15" daemon [_thread_blocked, id=11092, stack(0x00000052f5100000,0x00000052f5200000) (1024K)]
  0x000001d2c8b68520 JavaThread "TaskBatchingWorker-target_localhost-16" daemon [_thread_blocked, id=6380, stack(0x00000052f5200000,0x00000052f5300000) (1024K)]
  0x000001d2c8b68bb0 JavaThread "TaskBatchingWorker-target_localhost-17" daemon [_thread_blocked, id=11980, stack(0x00000052f5300000,0x00000052f5400000) (1024K)]
  0x000001d2c8b698d0 JavaThread "TaskBatchingWorker-target_localhost-18" daemon [_thread_blocked, id=4500, stack(0x00000052f5400000,0x00000052f5500000) (1024K)]
  0x000001d2c8b64380 JavaThread "TaskBatchingWorker-target_localhost-19" daemon [_thread_blocked, id=3004, stack(0x00000052f5500000,0x00000052f5600000) (1024K)]
  0x000001d2c88d85c0 JavaThread "TaskAcceptor-localhost"     daemon [_thread_blocked, id=16144, stack(0x00000052f5600000,0x00000052f5700000) (1024K)]
  0x000001d2c88d6b80 JavaThread "TaskNonBatchingWorker-localhost-0" daemon [_thread_blocked, id=2216, stack(0x00000052f5700000,0x00000052f5800000) (1024K)]
  0x000001d2c88d7f30 JavaThread "Eureka-PeerNodesUpdater"    daemon [_thread_blocked, id=15292, stack(0x00000052f5800000,0x00000052f5900000) (1024K)]
  0x000001d2c88d4420 JavaThread "Eureka-CacheFillTimer"      daemon [_thread_blocked, id=14580, stack(0x00000052f5900000,0x00000052f5a00000) (1024K)]
  0x000001d2c88d7210 JavaThread "http-nio-8761-exec-1"       daemon [_thread_blocked, id=15896, stack(0x00000052f5b00000,0x00000052f5c00000) (1024K)]
  0x000001d2c88d4ab0 JavaThread "http-nio-8761-exec-2"       daemon [_thread_blocked, id=280, stack(0x00000052f5c00000,0x00000052f5d00000) (1024K)]
  0x000001d2c88d57d0 JavaThread "http-nio-8761-exec-3"       daemon [_thread_blocked, id=12544, stack(0x00000052f5d00000,0x00000052f5e00000) (1024K)]
  0x000001d2c88d3d90 JavaThread "http-nio-8761-exec-4"       daemon [_thread_blocked, id=2884, stack(0x00000052f5e00000,0x00000052f5f00000) (1024K)]
  0x000001d2c88d92e0 JavaThread "http-nio-8761-exec-5"       daemon [_thread_blocked, id=2892, stack(0x00000052f5f00000,0x00000052f6000000) (1024K)]
  0x000001d2c88d9970 JavaThread "http-nio-8761-exec-6"       daemon [_thread_blocked, id=10108, stack(0x00000052f6000000,0x00000052f6100000) (1024K)]
  0x000001d2c88d5140 JavaThread "http-nio-8761-exec-7"       daemon [_thread_blocked, id=1720, stack(0x00000052f6100000,0x00000052f6200000) (1024K)]
  0x000001d2c88d78a0 JavaThread "http-nio-8761-exec-8"       daemon [_thread_blocked, id=13020, stack(0x00000052f6200000,0x00000052f6300000) (1024K)]
  0x000001d2c88d64f0 JavaThread "http-nio-8761-exec-9"       daemon [_thread_blocked, id=14508, stack(0x00000052f6300000,0x00000052f6400000) (1024K)]
  0x000001d2c88da000 JavaThread "http-nio-8761-exec-10"      daemon [_thread_blocked, id=5556, stack(0x00000052f6400000,0x00000052f6500000) (1024K)]
  0x000001d2c88d5e60 JavaThread "http-nio-8761-Poller"       daemon [_thread_in_native, id=10384, stack(0x00000052f5a00000,0x00000052f5b00000) (1024K)]
  0x000001d2c88dad20 JavaThread "http-nio-8761-Acceptor"     daemon [_thread_in_native, id=11164, stack(0x00000052f6500000,0x00000052f6600000) (1024K)]
  0x000001d2c88d8c50 JavaThread "DestroyJavaVM"                     [_thread_blocked, id=1796, stack(0x00000052f2000000,0x00000052f2100000) (1024K)]
Total: 58

Other Threads:
  0x000001d2ff4677f0 VMThread "VM Thread"                           [id=4664, stack(0x00000052f2700000,0x00000052f2800000) (1024K)]
  0x000001d2ff456810 WatcherThread "VM Periodic Task Thread"        [id=13408, stack(0x00000052f2600000,0x00000052f2700000) (1024K)]
  0x000001d2e9ebb380 WorkerThread "GC Thread#0"                     [id=15168, stack(0x00000052f2100000,0x00000052f2200000) (1024K)]
  0x000001d2c74cb3f0 WorkerThread "GC Thread#1"                     [id=7320, stack(0x00000052f3300000,0x00000052f3400000) (1024K)]
  0x000001d2c7390ed0 WorkerThread "GC Thread#2"                     [id=5184, stack(0x00000052f3400000,0x00000052f3500000) (1024K)]
  0x000001d2c752c8a0 WorkerThread "GC Thread#3"                     [id=8944, stack(0x00000052f3500000,0x00000052f3600000) (1024K)]
  0x000001d2e9ecc0e0 ConcurrentGCThread "G1 Main Marker"            [id=13456, stack(0x00000052f2200000,0x00000052f2300000) (1024K)]
  0x000001d2e9ecd530 WorkerThread "G1 Conc#0"                       [id=15220, stack(0x00000052f2300000,0x00000052f2400000) (1024K)]
  0x000001d2e9f1ea80 ConcurrentGCThread "G1 Refine#0"               [id=1960, stack(0x00000052f2400000,0x00000052f2500000) (1024K)]
  0x000001d2ff3170a0 ConcurrentGCThread "G1 Service"                [id=3448, stack(0x00000052f2500000,0x00000052f2600000) (1024K)]
Total: 10

Threads with active compile tasks:
C2 CompilerThread0  2294263 11155 % !   4       java.util.jar.Attributes::read @ 214 (494 bytes)
Total: 1

VM state: not at safepoint (normal execution)

VM Mutex/Monitor currently owned by a thread: None

Heap address: 0x0000000081400000, size: 2028 MB, Compressed Oops mode: 32-bit

CDS archive(s) mapped at: [0x000001d282000000-0x000001d282c80000-0x000001d282c80000), size 13107200, SharedBaseAddress: 0x000001d282000000, ArchiveRelocationMode: 1.
Compressed class space mapped at: 0x000001d283000000-0x000001d2c3000000, reserved size: 1073741824
Narrow klass base: 0x000001d282000000, Narrow klass shift: 0, Narrow klass range: 0x100000000

GC Precious Log:
 CardTable entry size: 512
 Card Set container configuration: InlinePtr #cards 5 size 8 Array Of Cards #cards 12 size 40 Howl #buckets 4 coarsen threshold 1843 Howl Bitmap #cards 512 size 80 coarsen threshold 460 Card regions per heap region 1 cards per card region 2048
 CPUs: 4 total, 4 available
 Memory: 8108M
 Large Page Support: Disabled
 NUMA Support: Disabled
 Compressed Oops: Enabled (32-bit)
 Heap Region Size: 1M
 Heap Min Capacity: 8M
 Heap Initial Capacity: 128M
 Heap Max Capacity: 2028M
 Pre-touch: Disabled
 Parallel Workers: 4
 Concurrent Workers: 1
 Concurrent Refinement Workers: 4
 Periodic GC: Disabled

Heap:
 garbage-first heap   total 86016K, used 51494K [0x0000000081400000, 0x0000000100000000)
  region size 1024K, 11 young (11264K), 3 survivors (3072K)
 Metaspace       used 65375K, committed 66624K, reserved 1114112K
  class space    used 8192K, committed 8704K, reserved 1048576K

Heap Regions: E=young(eden), S=young(survivor), O=old, HS=humongous(starts), HC=humongous(continues), CS=collection set, F=free, TAMS=top-at-mark-start, PB=parsable bottom
|   0|0x0000000081400000, 0x0000000081500000, 0x0000000081500000|100%|HS|  |TAMS 0x0000000081400000| PB 0x0000000081400000| Complete 
|   1|0x0000000081500000, 0x0000000081600000, 0x0000000081600000|100%| O|  |TAMS 0x0000000081500000| PB 0x0000000081500000| Untracked 
|   2|0x0000000081600000, 0x0000000081700000, 0x0000000081700000|100%| O|  |TAMS 0x0000000081600000| PB 0x0000000081600000| Untracked 
|   3|0x0000000081700000, 0x0000000081800000, 0x0000000081800000|100%| O|  |TAMS 0x0000000081700000| PB 0x0000000081700000| Untracked 
|   4|0x0000000081800000, 0x0000000081900000, 0x0000000081900000|100%| O|  |TAMS 0x0000000081800000| PB 0x0000000081800000| Untracked 
|   5|0x0000000081900000, 0x0000000081a00000, 0x0000000081a00000|100%| O|  |TAMS 0x0000000081900000| PB 0x0000000081900000| Untracked 
|   6|0x0000000081a00000, 0x0000000081b00000, 0x0000000081b00000|100%| O|Cm|TAMS 0x0000000081a00000| PB 0x0000000081a00000| Complete 
|   7|0x0000000081b00000, 0x0000000081c00000, 0x0000000081c00000|100%| O|  |TAMS 0x0000000081b00000| PB 0x0000000081b00000| Untracked 
|   8|0x0000000081c00000, 0x0000000081d00000, 0x0000000081d00000|100%| O|Cm|TAMS 0x0000000081c00000| PB 0x0000000081c00000| Complete 
|   9|0x0000000081d00000, 0x0000000081e00000, 0x0000000081e00000|100%| O|  |TAMS 0x0000000081d00000| PB 0x0000000081d00000| Untracked 
|  10|0x0000000081e00000, 0x0000000081f00000, 0x0000000081f00000|100%| O|Cm|TAMS 0x0000000081e00000| PB 0x0000000081e00000| Complete 
|  11|0x0000000081f00000, 0x0000000082000000, 0x0000000082000000|100%| O|Cm|TAMS 0x0000000081f00000| PB 0x0000000081f00000| Complete 
|  12|0x0000000082000000, 0x0000000082100000, 0x0000000082100000|100%| O|Cm|TAMS 0x0000000082000000| PB 0x0000000082000000| Complete 
|  13|0x0000000082100000, 0x0000000082200000, 0x0000000082200000|100%| O|  |TAMS 0x0000000082100000| PB 0x0000000082100000| Untracked 
|  14|0x0000000082200000, 0x0000000082300000, 0x0000000082300000|100%| O|  |TAMS 0x0000000082200000| PB 0x0000000082200000| Untracked 
|  15|0x0000000082300000, 0x0000000082400000, 0x0000000082400000|100%| O|  |TAMS 0x0000000082300000| PB 0x0000000082300000| Untracked 
|  16|0x0000000082400000, 0x0000000082500000, 0x0000000082500000|100%| O|  |TAMS 0x0000000082400000| PB 0x0000000082400000| Untracked 
|  17|0x0000000082500000, 0x0000000082600000, 0x0000000082600000|100%| O|  |TAMS 0x0000000082500000| PB 0x0000000082500000| Untracked 
|  18|0x0000000082600000, 0x0000000082700000, 0x0000000082700000|100%| O|  |TAMS 0x0000000082600000| PB 0x0000000082600000| Untracked 
|  19|0x0000000082700000, 0x0000000082800000, 0x0000000082800000|100%| O|  |TAMS 0x0000000082700000| PB 0x0000000082700000| Untracked 
|  20|0x0000000082800000, 0x0000000082900000, 0x0000000082900000|100%| O|  |TAMS 0x0000000082800000| PB 0x0000000082800000| Untracked 
|  21|0x0000000082900000, 0x0000000082a00000, 0x0000000082a00000|100%| O|Cm|TAMS 0x0000000082900000| PB 0x0000000082900000| Complete 
|  22|0x0000000082a00000, 0x0000000082a00000, 0x0000000082b00000|  0%| F|  |TAMS 0x0000000082a00000| PB 0x0000000082a00000| Untracked 
|  23|0x0000000082b00000, 0x0000000082b00000, 0x0000000082c00000|  0%| F|  |TAMS 0x0000000082b00000| PB 0x0000000082b00000| Untracked 
|  24|0x0000000082c00000, 0x0000000082d00000, 0x0000000082d00000|100%| O|  |TAMS 0x0000000082c00000| PB 0x0000000082c00000| Untracked 
|  25|0x0000000082d00000, 0x0000000082e00000, 0x0000000082e00000|100%| O|  |TAMS 0x0000000082d00000| PB 0x0000000082d00000| Untracked 
|  26|0x0000000082e00000, 0x0000000082f00000, 0x0000000082f00000|100%| O|  |TAMS 0x0000000082e00000| PB 0x0000000082e00000| Untracked 
|  27|0x0000000082f00000, 0x0000000083000000, 0x0000000083000000|100%| O|  |TAMS 0x0000000082f00000| PB 0x0000000082f00000| Untracked 
|  28|0x0000000083000000, 0x0000000083100000, 0x0000000083100000|100%| O|  |TAMS 0x0000000083000000| PB 0x0000000083000000| Untracked 
|  29|0x0000000083100000, 0x0000000083200000, 0x0000000083200000|100%| O|  |TAMS 0x0000000083100000| PB 0x0000000083100000| Untracked 
|  30|0x0000000083200000, 0x0000000083300000, 0x0000000083300000|100%| O|Cm|TAMS 0x0000000083200000| PB 0x0000000083200000| Complete 
|  31|0x0000000083300000, 0x0000000083400000, 0x0000000083400000|100%| O|Cm|TAMS 0x0000000083300000| PB 0x0000000083300000| Complete 
|  32|0x0000000083400000, 0x0000000083500000, 0x0000000083500000|100%| O|  |TAMS 0x0000000083400000| PB 0x0000000083400000| Untracked 
|  33|0x0000000083500000, 0x0000000083600000, 0x0000000083600000|100%| O|  |TAMS 0x0000000083500000| PB 0x0000000083500000| Untracked 
|  34|0x0000000083600000, 0x0000000083700000, 0x0000000083700000|100%| O|  |TAMS 0x0000000083600000| PB 0x0000000083600000| Untracked 
|  35|0x0000000083700000, 0x0000000083800000, 0x0000000083800000|100%| O|  |TAMS 0x0000000083700000| PB 0x0000000083700000| Untracked 
|  36|0x0000000083800000, 0x0000000083900000, 0x0000000083900000|100%| O|  |TAMS 0x0000000083800000| PB 0x0000000083800000| Untracked 
|  37|0x0000000083900000, 0x0000000083a00000, 0x0000000083a00000|100%| O|  |TAMS 0x0000000083900000| PB 0x0000000083900000| Untracked 
|  38|0x0000000083a00000, 0x0000000083b00000, 0x0000000083b00000|100%| O|Cm|TAMS 0x0000000083a00000| PB 0x0000000083a00000| Complete 
|  39|0x0000000083b00000, 0x0000000083c00000, 0x0000000083c00000|100%| O|Cm|TAMS 0x0000000083b00000| PB 0x0000000083b00000| Complete 
|  40|0x0000000083c00000, 0x0000000083d00000, 0x0000000083d00000|100%| O|  |TAMS 0x0000000083c00000| PB 0x0000000083c00000| Untracked 
|  41|0x0000000083d00000, 0x0000000083e00000, 0x0000000083e00000|100%| O|  |TAMS 0x0000000083d00000| PB 0x0000000083d00000| Untracked 
|  42|0x0000000083e00000, 0x0000000083ec44f0, 0x0000000083f00000| 76%| O|  |TAMS 0x0000000083e00000| PB 0x0000000083e00000| Untracked 
|  43|0x0000000083f00000, 0x0000000083f00000, 0x0000000084000000|  0%| F|  |TAMS 0x0000000083f00000| PB 0x0000000083f00000| Untracked 
|  44|0x0000000084000000, 0x0000000084000000, 0x0000000084100000|  0%| F|  |TAMS 0x0000000084000000| PB 0x0000000084000000| Untracked 
|  45|0x0000000084100000, 0x0000000084100000, 0x0000000084200000|  0%| F|  |TAMS 0x0000000084100000| PB 0x0000000084100000| Untracked 
|  46|0x0000000084200000, 0x00000000842855c0, 0x0000000084300000| 52%| S|CS|TAMS 0x0000000084200000| PB 0x0000000084200000| Complete 
|  47|0x0000000084300000, 0x0000000084400000, 0x0000000084400000|100%| S|CS|TAMS 0x0000000084300000| PB 0x0000000084300000| Complete 
|  48|0x0000000084400000, 0x0000000084500000, 0x0000000084500000|100%| S|CS|TAMS 0x0000000084400000| PB 0x0000000084400000| Complete 
|  49|0x0000000084500000, 0x0000000084500000, 0x0000000084600000|  0%| F|  |TAMS 0x0000000084500000| PB 0x0000000084500000| Untracked 
|  50|0x0000000084600000, 0x0000000084600000, 0x0000000084700000|  0%| F|  |TAMS 0x0000000084600000| PB 0x0000000084600000| Untracked 
|  51|0x0000000084700000, 0x0000000084700000, 0x0000000084800000|  0%| F|  |TAMS 0x0000000084700000| PB 0x0000000084700000| Untracked 
|  52|0x0000000084800000, 0x0000000084800000, 0x0000000084900000|  0%| F|  |TAMS 0x0000000084800000| PB 0x0000000084800000| Untracked 
|  53|0x0000000084900000, 0x0000000084900000, 0x0000000084a00000|  0%| F|  |TAMS 0x0000000084900000| PB 0x0000000084900000| Untracked 
|  54|0x0000000084a00000, 0x0000000084a00000, 0x0000000084b00000|  0%| F|  |TAMS 0x0000000084a00000| PB 0x0000000084a00000| Untracked 
|  55|0x0000000084b00000, 0x0000000084b00000, 0x0000000084c00000|  0%| F|  |TAMS 0x0000000084b00000| PB 0x0000000084b00000| Untracked 
|  56|0x0000000084c00000, 0x0000000084c00000, 0x0000000084d00000|  0%| F|  |TAMS 0x0000000084c00000| PB 0x0000000084c00000| Untracked 
|  57|0x0000000084d00000, 0x0000000084d00000, 0x0000000084e00000|  0%| F|  |TAMS 0x0000000084d00000| PB 0x0000000084d00000| Untracked 
|  58|0x0000000084e00000, 0x0000000084e00000, 0x0000000084f00000|  0%| F|  |TAMS 0x0000000084e00000| PB 0x0000000084e00000| Untracked 
|  59|0x0000000084f00000, 0x0000000084f00000, 0x0000000085000000|  0%| F|  |TAMS 0x0000000084f00000| PB 0x0000000084f00000| Untracked 
|  60|0x0000000085000000, 0x0000000085000000, 0x0000000085100000|  0%| F|  |TAMS 0x0000000085000000| PB 0x0000000085000000| Untracked 
|  61|0x0000000085100000, 0x0000000085100000, 0x0000000085200000|  0%| F|  |TAMS 0x0000000085100000| PB 0x0000000085100000| Untracked 
|  62|0x0000000085200000, 0x0000000085200000, 0x0000000085300000|  0%| F|  |TAMS 0x0000000085200000| PB 0x0000000085200000| Untracked 
|  63|0x0000000085300000, 0x0000000085300000, 0x0000000085400000|  0%| F|  |TAMS 0x0000000085300000| PB 0x0000000085300000| Untracked 
|  64|0x0000000085400000, 0x0000000085400000, 0x0000000085500000|  0%| F|  |TAMS 0x0000000085400000| PB 0x0000000085400000| Untracked 
|  65|0x0000000085500000, 0x0000000085500000, 0x0000000085600000|  0%| F|  |TAMS 0x0000000085500000| PB 0x0000000085500000| Untracked 
|  66|0x0000000085600000, 0x0000000085600000, 0x0000000085700000|  0%| F|  |TAMS 0x0000000085600000| PB 0x0000000085600000| Untracked 
|  67|0x0000000085700000, 0x0000000085700000, 0x0000000085800000|  0%| F|  |TAMS 0x0000000085700000| PB 0x0000000085700000| Untracked 
|  68|0x0000000085800000, 0x0000000085800000, 0x0000000085900000|  0%| F|  |TAMS 0x0000000085800000| PB 0x0000000085800000| Untracked 
|  69|0x0000000085900000, 0x0000000085900000, 0x0000000085a00000|  0%| F|  |TAMS 0x0000000085900000| PB 0x0000000085900000| Untracked 
|  70|0x0000000085a00000, 0x0000000085a00000, 0x0000000085b00000|  0%| F|  |TAMS 0x0000000085a00000| PB 0x0000000085a00000| Untracked 
|  71|0x0000000085b00000, 0x0000000085b00000, 0x0000000085c00000|  0%| F|  |TAMS 0x0000000085b00000| PB 0x0000000085b00000| Untracked 
|  72|0x0000000085c00000, 0x0000000085c00000, 0x0000000085d00000|  0%| F|  |TAMS 0x0000000085c00000| PB 0x0000000085c00000| Untracked 
|  73|0x0000000085d00000, 0x0000000085d00000, 0x0000000085e00000|  0%| F|  |TAMS 0x0000000085d00000| PB 0x0000000085d00000| Untracked 
|  74|0x0000000085e00000, 0x0000000085e00000, 0x0000000085f00000|  0%| F|  |TAMS 0x0000000085e00000| PB 0x0000000085e00000| Untracked 
|  75|0x0000000085f00000, 0x0000000085f00000, 0x0000000086000000|  0%| F|  |TAMS 0x0000000085f00000| PB 0x0000000085f00000| Untracked 
| 110|0x0000000088200000, 0x0000000088300000, 0x0000000088300000|100%| E|  |TAMS 0x0000000088200000| PB 0x0000000088200000| Complete 
| 111|0x0000000088300000, 0x0000000088400000, 0x0000000088400000|100%| E|CS|TAMS 0x0000000088300000| PB 0x0000000088300000| Complete 
| 112|0x0000000088400000, 0x0000000088500000, 0x0000000088500000|100%| E|CS|TAMS 0x0000000088400000| PB 0x0000000088400000| Complete 
| 113|0x0000000088500000, 0x0000000088600000, 0x0000000088600000|100%| E|CS|TAMS 0x0000000088500000| PB 0x0000000088500000| Complete 
| 114|0x0000000088600000, 0x0000000088700000, 0x0000000088700000|100%| E|CS|TAMS 0x0000000088600000| PB 0x0000000088600000| Complete 
| 115|0x0000000088700000, 0x0000000088800000, 0x0000000088800000|100%| E|CS|TAMS 0x0000000088700000| PB 0x0000000088700000| Complete 
| 116|0x0000000088800000, 0x0000000088900000, 0x0000000088900000|100%| E|CS|TAMS 0x0000000088800000| PB 0x0000000088800000| Complete 
| 127|0x0000000089300000, 0x0000000089400000, 0x0000000089400000|100%| E|CS|TAMS 0x0000000089300000| PB 0x0000000089300000| Complete 

Card table byte_map: [0x000001d2fcc00000,0x000001d2fd000000] _byte_map_base: 0x000001d2fc7f6000

Marking Bits: (CMBitMap*) 0x000001d2e9ebba80
 Bits: [0x000001d2fd000000, 0x000001d2fefb0000)

Polling page: 0x000001d2e9620000

Metaspace:

Usage:
  Non-class:     55.84 MB used.
      Class:      8.00 MB used.
       Both:     63.84 MB used.

Virtual space:
  Non-class space:       64.00 MB reserved,      56.56 MB ( 88%) committed,  1 nodes.
      Class space:        1.00 GB reserved,       8.50 MB ( <1%) committed,  1 nodes.
             Both:        1.06 GB reserved,      65.06 MB (  6%) committed. 

Chunk freelists:
   Non-Class:  7.55 MB
       Class:  7.63 MB
        Both:  15.18 MB

MaxMetaspaceSize: unlimited
CompressedClassSpaceSize: 1.00 GB
Initial GC threshold: 21.00 MB
Current GC threshold: 108.44 MB
CDS: on
 - commit_granule_bytes: 65536.
 - commit_granule_words: 8192.
 - virtual_space_node_default_size: 8388608.
 - enlarge_chunks_in_place: 1.
 - use_allocation_guard: 0.


Internal statistics:

num_allocs_failed_limit: 12.
num_arena_births: 1308.
num_arena_deaths: 456.
num_vsnodes_births: 2.
num_vsnodes_deaths: 0.
num_space_committed: 1040.
num_space_uncommitted: 0.
num_chunks_returned_to_freelist: 532.
num_chunks_taken_from_freelist: 3712.
num_chunk_merges: 124.
num_chunk_splits: 2510.
num_chunks_enlarged: 1804.
num_inconsistent_stats: 0.

CodeHeap 'non-profiled nmethods': size=120000Kb used=5841Kb max_used=6176Kb free=114158Kb
 bounds [0x000001d2f52d0000, 0x000001d2f58e0000, 0x000001d2fc800000]
CodeHeap 'profiled nmethods': size=120000Kb used=20510Kb max_used=21148Kb free=99489Kb
 bounds [0x000001d2ed800000, 0x000001d2eecb0000, 0x000001d2f4d30000]
CodeHeap 'non-nmethods': size=5760Kb used=1658Kb max_used=1721Kb free=4101Kb
 bounds [0x000001d2f4d30000, 0x000001d2f4fa0000, 0x000001d2f52d0000]
 total_blobs=10466 nmethods=9764 adapters=606
 compilation: enabled
              stopped_count=0, restarted_count=0
 full_count=0

Compilation events (20 events):
Event: 2293.892 Thread 0x000001d2ff4986a0 11146       3       com.google.common.cache.LocalCache::remove (23 bytes)
Event: 2293.893 Thread 0x000001d2ff4986a0 nmethod 11146 0x000001d2ee3ae990 code [0x000001d2ee3aeba0, 0x000001d2ee3af070]
Event: 2293.893 Thread 0x000001d2ff4986a0 11147   !   3       com.google.common.cache.LocalCache$Segment::remove (276 bytes)
Event: 2293.900 Thread 0x000001d2ff4986a0 nmethod 11147 0x000001d2edab6b90 code [0x000001d2edab7280, 0x000001d2edabb128]
Event: 2293.901 Thread 0x000001d2ff4986a0 11148       3       com.google.common.cache.LocalCache$LocalManualCache::invalidate (15 bytes)
Event: 2293.902 Thread 0x000001d2ff4986a0 nmethod 11148 0x000001d2edae7890 code [0x000001d2edae7ac0, 0x000001d2edae8160]
Event: 2293.902 Thread 0x000001d2ff4986a0 11149       3       com.google.common.collect.AbstractListMultimap::get (6 bytes)
Event: 2293.903 Thread 0x000001d2ff4986a0 nmethod 11149 0x000001d2ee11bd90 code [0x000001d2ee11bfa0, 0x000001d2ee11c900]
Event: 2293.903 Thread 0x000001d2ff4986a0 11150       3       com.google.common.collect.AbstractListMultimap::get (9 bytes)
Event: 2293.904 Thread 0x000001d2ff4986a0 nmethod 11150 0x000001d2ee336e10 code [0x000001d2ee337020, 0x000001d2ee3378a0]
Event: 2293.904 Thread 0x000001d2ff4952b0 nmethod 11145 0x000001d2f5438b90 code [0x000001d2f5438da0, 0x000001d2f54392f0]
Event: 2293.904 Thread 0x000001d2ff4986a0 11151       3       com.google.common.collect.AbstractMapBasedMultimap::get (31 bytes)
Event: 2293.904 Thread 0x000001d2ff4986a0 nmethod 11151 0x000001d2edd0c890 code [0x000001d2edd0ca80, 0x000001d2edd0d020]
Event: 2293.904 Thread 0x000001d2ff4986a0 11152       3       com.google.common.collect.AbstractMapBasedMultimap::createCollection (5 bytes)
Event: 2293.904 Thread 0x000001d2ff4986a0 nmethod 11152 0x000001d2ed89f610 code [0x000001d2ed89f7c0, 0x000001d2ed89f988]
Event: 2293.905 Thread 0x000001d2ff4986a0 11153       3       com.google.common.collect.Multimaps$CustomListMultimap::createCollection (5 bytes)
Event: 2293.905 Thread 0x000001d2ff4986a0 nmethod 11153 0x000001d2edb24290 code [0x000001d2edb24460, 0x000001d2edb247a0]
Event: 2293.905 Thread 0x000001d2ff4986a0 11154       3       com.google.common.collect.Multimaps$CustomListMultimap::createCollection (13 bytes)
Event: 2293.905 Thread 0x000001d2ff4986a0 nmethod 11154 0x000001d2ee13f010 code [0x000001d2ee13f1c0, 0x000001d2ee13f4a0]
Event: 2293.941 Thread 0x000001d2ff4952b0 11155 % !   4       java.util.jar.Attributes::read @ 214 (494 bytes)

GC Heap History (20 events):
Event: 11.208 GC heap before
{Heap before GC invocations=7 (full 0):
 garbage-first heap   total 71680K, used 56429K [0x0000000081400000, 0x0000000100000000)
  region size 1024K, 37 young (37888K), 4 survivors (4096K)
 Metaspace       used 30497K, committed 30976K, reserved 1114112K
  class space    used 3755K, committed 3968K, reserved 1048576K
}
Event: 11.233 GC heap after
{Heap after GC invocations=8 (full 0):
 garbage-first heap   total 71680K, used 24403K [0x0000000081400000, 0x0000000100000000)
  region size 1024K, 4 young (4096K), 4 survivors (4096K)
 Metaspace       used 30497K, committed 30976K, reserved 1114112K
  class space    used 3755K, committed 3968K, reserved 1048576K
}
Event: 12.401 GC heap before
{Heap before GC invocations=8 (full 0):
 garbage-first heap   total 71680K, used 57171K [0x0000000081400000, 0x0000000100000000)
  region size 1024K, 36 young (36864K), 4 survivors (4096K)
 Metaspace       used 34338K, committed 34880K, reserved 1114112K
  class space    used 4244K, committed 4480K, reserved 1048576K
}
Event: 12.419 GC heap after
{Heap after GC invocations=9 (full 0):
 garbage-first heap   total 71680K, used 26592K [0x0000000081400000, 0x0000000100000000)
  region size 1024K, 3 young (3072K), 3 survivors (3072K)
 Metaspace       used 34338K, committed 34880K, reserved 1114112K
  class space    used 4244K, committed 4480K, reserved 1048576K
}
Event: 12.626 GC heap before
{Heap before GC invocations=9 (full 0):
 garbage-first heap   total 71680K, used 31712K [0x0000000081400000, 0x0000000100000000)
  region size 1024K, 9 young (9216K), 3 survivors (3072K)
 Metaspace       used 35388K, committed 35968K, reserved 1114112K
  class space    used 4410K, committed 4672K, reserved 1048576K
}
Event: 12.634 GC heap after
{Heap after GC invocations=10 (full 0):
 garbage-first heap   total 71680K, used 26701K [0x0000000081400000, 0x0000000100000000)
  region size 1024K, 3 young (3072K), 3 survivors (3072K)
 Metaspace       used 35388K, committed 35968K, reserved 1114112K
  class space    used 4410K, committed 4672K, reserved 1048576K
}
Event: 13.811 GC heap before
{Heap before GC invocations=11 (full 0):
 garbage-first heap   total 71680K, used 59469K [0x0000000081400000, 0x0000000100000000)
  region size 1024K, 36 young (36864K), 3 survivors (3072K)
 Metaspace       used 40044K, committed 40576K, reserved 1114112K
  class space    used 5079K, committed 5312K, reserved 1048576K
}
Event: 13.827 GC heap after
{Heap after GC invocations=12 (full 0):
 garbage-first heap   total 71680K, used 31536K [0x0000000081400000, 0x0000000100000000)
  region size 1024K, 5 young (5120K), 5 survivors (5120K)
 Metaspace       used 40044K, committed 40576K, reserved 1114112K
  class space    used 5079K, committed 5312K, reserved 1048576K
}
Event: 15.346 GC heap before
{Heap before GC invocations=12 (full 0):
 garbage-first heap   total 71680K, used 60208K [0x0000000081400000, 0x0000000100000000)
  region size 1024K, 33 young (33792K), 5 survivors (5120K)
 Metaspace       used 45696K, committed 46272K, reserved 1114112K
  class space    used 5968K, committed 6208K, reserved 1048576K
}
Event: 15.364 GC heap after
{Heap after GC invocations=13 (full 0):
 garbage-first heap   total 86016K, used 35148K [0x0000000081400000, 0x0000000100000000)
  region size 1024K, 4 young (4096K), 4 survivors (4096K)
 Metaspace       used 45696K, committed 46272K, reserved 1114112K
  class space    used 5968K, committed 6208K, reserved 1048576K
}
Event: 17.249 GC heap before
{Heap before GC invocations=13 (full 0):
 garbage-first heap   total 86016K, used 72012K [0x0000000081400000, 0x0000000100000000)
  region size 1024K, 41 young (41984K), 4 survivors (4096K)
 Metaspace       used 51980K, committed 52736K, reserved 1114112K
  class space    used 6804K, committed 7168K, reserved 1048576K
}
Event: 17.264 GC heap after
{Heap after GC invocations=14 (full 0):
 garbage-first heap   total 86016K, used 40556K [0x0000000081400000, 0x0000000100000000)
  region size 1024K, 6 young (6144K), 6 survivors (6144K)
 Metaspace       used 51980K, committed 52736K, reserved 1114112K
  class space    used 6804K, committed 7168K, reserved 1048576K
}
Event: 80.370 GC heap before
{Heap before GC invocations=14 (full 0):
 garbage-first heap   total 86016K, used 70252K [0x0000000081400000, 0x0000000100000000)
  region size 1024K, 37 young (37888K), 6 survivors (6144K)
 Metaspace       used 59619K, committed 60416K, reserved 1114112K
  class space    used 7804K, committed 8128K, reserved 1048576K
}
Event: 80.383 GC heap after
{Heap after GC invocations=15 (full 0):
 garbage-first heap   total 86016K, used 42817K [0x0000000081400000, 0x0000000100000000)
  region size 1024K, 3 young (3072K), 3 survivors (3072K)
 Metaspace       used 59619K, committed 60416K, reserved 1114112K
  class space    used 7804K, committed 8128K, reserved 1048576K
}
Event: 677.972 GC heap before
{Heap before GC invocations=16 (full 0):
 garbage-first heap   total 86016K, used 73537K [0x0000000081400000, 0x0000000100000000)
  region size 1024K, 34 young (34816K), 3 survivors (3072K)
 Metaspace       used 63797K, committed 64640K, reserved 1114112K
  class space    used 8264K, committed 8640K, reserved 1048576K
}
Event: 677.981 GC heap after
{Heap after GC invocations=17 (full 0):
 garbage-first heap   total 86016K, used 44950K [0x0000000081400000, 0x0000000100000000)
  region size 1024K, 5 young (5120K), 5 survivors (5120K)
 Metaspace       used 63797K, committed 64640K, reserved 1114112K
  class space    used 8264K, committed 8640K, reserved 1048576K
}
Event: 1280.896 GC heap before
{Heap before GC invocations=17 (full 0):
 garbage-first heap   total 86016K, used 73622K [0x0000000081400000, 0x0000000100000000)
  region size 1024K, 34 young (34816K), 5 survivors (5120K)
 Metaspace       used 65154K, committed 66048K, reserved 1114112K
  class space    used 8299K, committed 8704K, reserved 1048576K
}
Event: 1281.202 GC heap after
{Heap after GC invocations=18 (full 0):
 garbage-first heap   total 86016K, used 44390K [0x0000000081400000, 0x0000000100000000)
  region size 1024K, 3 young (3072K), 3 survivors (3072K)
 Metaspace       used 65154K, committed 66048K, reserved 1114112K
  class space    used 8299K, committed 8704K, reserved 1048576K
}
Event: 2103.506 GC heap before
{Heap before GC invocations=18 (full 0):
 garbage-first heap   total 86016K, used 77158K [0x0000000081400000, 0x0000000100000000)
  region size 1024K, 35 young (35840K), 3 survivors (3072K)
 Metaspace       used 65714K, committed 66624K, reserved 1114112K
  class space    used 8303K, committed 8704K, reserved 1048576K
}
Event: 2103.998 GC heap after
{Heap after GC invocations=19 (full 0):
 garbage-first heap   total 86016K, used 44326K [0x0000000081400000, 0x0000000100000000)
  region size 1024K, 3 young (3072K), 3 survivors (3072K)
 Metaspace       used 65714K, committed 66624K, reserved 1114112K
  class space    used 8303K, committed 8704K, reserved 1048576K
}

Dll operation events (11 events):
Event: 0.035 Loaded shared library C:\Users\Shree\.p2\pool\plugins\org.eclipse.justj.openjdk.hotspot.jre.full.win32.x86_64_21.0.7.v20250502-0916\jre\bin\java.dll
Event: 0.153 Loaded shared library C:\Users\Shree\.p2\pool\plugins\org.eclipse.justj.openjdk.hotspot.jre.full.win32.x86_64_21.0.7.v20250502-0916\jre\bin\zip.dll
Event: 0.587 Loaded shared library C:\Users\Shree\.p2\pool\plugins\org.eclipse.justj.openjdk.hotspot.jre.full.win32.x86_64_21.0.7.v20250502-0916\jre\bin\net.dll
Event: 0.591 Loaded shared library C:\Users\Shree\.p2\pool\plugins\org.eclipse.justj.openjdk.hotspot.jre.full.win32.x86_64_21.0.7.v20250502-0916\jre\bin\nio.dll
Event: 0.596 Loaded shared library C:\Users\Shree\.p2\pool\plugins\org.eclipse.justj.openjdk.hotspot.jre.full.win32.x86_64_21.0.7.v20250502-0916\jre\bin\zip.dll
Event: 1.156 Loaded shared library C:\Users\Shree\.p2\pool\plugins\org.eclipse.justj.openjdk.hotspot.jre.full.win32.x86_64_21.0.7.v20250502-0916\jre\bin\jimage.dll
Event: 5.931 Loaded shared library C:\Users\Shree\.p2\pool\plugins\org.eclipse.justj.openjdk.hotspot.jre.full.win32.x86_64_21.0.7.v20250502-0916\jre\bin\sunmscapi.dll
Event: 10.766 Loaded shared library C:\Users\Shree\.p2\pool\plugins\org.eclipse.justj.openjdk.hotspot.jre.full.win32.x86_64_21.0.7.v20250502-0916\jre\bin\management.dll
Event: 10.769 Loaded shared library C:\Users\Shree\.p2\pool\plugins\org.eclipse.justj.openjdk.hotspot.jre.full.win32.x86_64_21.0.7.v20250502-0916\jre\bin\management_ext.dll
Event: 11.312 Loaded shared library C:\Users\Shree\.p2\pool\plugins\org.eclipse.justj.openjdk.hotspot.jre.full.win32.x86_64_21.0.7.v20250502-0916\jre\bin\verify.dll
Event: 17.468 Loaded shared library C:\Users\Shree\.p2\pool\plugins\org.eclipse.justj.openjdk.hotspot.jre.full.win32.x86_64_21.0.7.v20250502-0916\jre\bin\extnet.dll

Deoptimization events (20 events):
Event: 2180.364 Thread 0x000001d2c88d4ab0 Uncommon trap: trap_request=0xffffffd6 fr.pc=0x000001d2f5411d98 relative=0x00000000000010f8
Event: 2180.364 Thread 0x000001d2c88d4ab0 Uncommon trap: reason=array_check action=maybe_recompile pc=0x000001d2f5411d98 method=io.micrometer.common.KeyValues.dedup([Lio/micrometer/common/KeyValue;)I @ 57 c2
Event: 2180.364 Thread 0x000001d2c88d4ab0 DEOPT PACKING pc=0x000001d2f5411d98 sp=0x00000052f5cfd5e0
Event: 2180.364 Thread 0x000001d2c88d4ab0 DEOPT UNPACKING pc=0x000001d2f4d846a2 sp=0x00000052f5cfd538 mode 2
Event: 2180.378 Thread 0x000001d2c88d9970 Uncommon trap: trap_request=0xffffffd6 fr.pc=0x000001d2f5411d98 relative=0x00000000000010f8
Event: 2180.378 Thread 0x000001d2c88d9970 Uncommon trap: reason=array_check action=maybe_recompile pc=0x000001d2f5411d98 method=io.micrometer.common.KeyValues.dedup([Lio/micrometer/common/KeyValue;)I @ 57 c2
Event: 2180.378 Thread 0x000001d2c88d9970 DEOPT PACKING pc=0x000001d2f5411d98 sp=0x00000052f60fd5c0
Event: 2180.378 Thread 0x000001d2c88d9970 DEOPT UNPACKING pc=0x000001d2f4d846a2 sp=0x00000052f60fd518 mode 2
Event: 2224.962 Thread 0x000001d2c88d7210 Uncommon trap: trap_request=0xffffffd6 fr.pc=0x000001d2f541e94c relative=0x000000000000142c
Event: 2224.962 Thread 0x000001d2c88d7210 Uncommon trap: reason=array_check action=maybe_recompile pc=0x000001d2f541e94c method=io.micrometer.common.KeyValues.dedup([Lio/micrometer/common/KeyValue;)I @ 74 c2
Event: 2224.962 Thread 0x000001d2c88d7210 DEOPT PACKING pc=0x000001d2f541e94c sp=0x00000052f5bfd570
Event: 2224.962 Thread 0x000001d2c88d7210 DEOPT UNPACKING pc=0x000001d2f4d846a2 sp=0x00000052f5bfd4d8 mode 2
Event: 2225.491 Thread 0x000001d2c88d78a0 Uncommon trap: trap_request=0xffffffd6 fr.pc=0x000001d2f541e94c relative=0x000000000000142c
Event: 2225.491 Thread 0x000001d2c88d78a0 Uncommon trap: reason=array_check action=maybe_recompile pc=0x000001d2f541e94c method=io.micrometer.common.KeyValues.dedup([Lio/micrometer/common/KeyValue;)I @ 74 c2
Event: 2225.491 Thread 0x000001d2c88d78a0 DEOPT PACKING pc=0x000001d2f541e94c sp=0x00000052f62fd640
Event: 2225.491 Thread 0x000001d2c88d78a0 DEOPT UNPACKING pc=0x000001d2f4d846a2 sp=0x00000052f62fd5a8 mode 2
Event: 2293.918 Thread 0x000001d2c88d9970 Uncommon trap: trap_request=0xfffffff4 fr.pc=0x000001d2f55cdd94 relative=0x0000000000009414
Event: 2293.918 Thread 0x000001d2c88d9970 Uncommon trap: reason=null_check action=make_not_entrant pc=0x000001d2f55cdd94 method=java.util.jar.JarFile.getManifestFromReference()Ljava/util/jar/Manifest; @ 14 c2
Event: 2293.918 Thread 0x000001d2c88d9970 DEOPT PACKING pc=0x000001d2f55cdd94 sp=0x00000052f60fb220
Event: 2293.918 Thread 0x000001d2c88d9970 DEOPT UNPACKING pc=0x000001d2f4d846a2 sp=0x00000052f60fb0a0 mode 2

Classes loaded (20 events):
Event: 678.110 Loading class com/sun/beans/finder/FinderUtils
Event: 678.110 Loading class com/sun/beans/finder/FinderUtils done
Event: 678.113 Loading class java/util/LinkedHashMap$EntryCustomizer
Event: 678.113 Loading class java/util/LinkedHashMap$EntryCustomizer done
Event: 678.113 Loading class java/util/LinkedHashMap$EntryCustomizer
Event: 678.113 Loading class java/util/LinkedHashMap$EntryCustomizer done
Event: 678.116 Loading class java/lang/EnumBeanInfo
Event: 678.116 Loading class java/lang/EnumBeanInfo done
Event: 678.117 Loading class java/lang/EnumBeanInfo
Event: 678.117 Loading class java/lang/EnumBeanInfo done
Event: 678.117 Loading class java/lang/EnumCustomizer
Event: 678.117 Loading class java/lang/EnumCustomizer done
Event: 678.118 Loading class java/lang/EnumCustomizer
Event: 678.118 Loading class java/lang/EnumCustomizer done
Event: 678.118 Loading class java/lang/Enum$EnumDesc
Event: 678.118 Loading class java/lang/constant/DynamicConstantDesc
Event: 678.149 Loading class java/lang/constant/DynamicConstantDesc done
Event: 678.149 Loading class java/lang/Enum$EnumDesc done
Event: 1040.811 Loading class sun/net/ConnectionResetException
Event: 1040.811 Loading class sun/net/ConnectionResetException done

Classes unloaded (20 events):
Event: 2106.404 Thread 0x000001d2ff4677f0 Unloading class 0x000001d283129000 'java/lang/invoke/LambdaForm$DMH+0x000001d283129000'
Event: 2106.413 Thread 0x000001d2ff4677f0 Unloading class 0x000001d283126400 'java/lang/invoke/LambdaForm$MH+0x000001d283126400'
Event: 2106.423 Thread 0x000001d2ff4677f0 Unloading class 0x000001d283119000 'java/lang/invoke/LambdaForm$MH+0x000001d283119000'
Event: 2106.423 Thread 0x000001d2ff4677f0 Unloading class 0x000001d283118c00 'java/lang/invoke/LambdaForm$MH+0x000001d283118c00'
Event: 2106.423 Thread 0x000001d2ff4677f0 Unloading class 0x000001d283118400 'java/lang/invoke/LambdaForm$MH+0x000001d283118400'
Event: 2106.423 Thread 0x000001d2ff4677f0 Unloading class 0x000001d283115800 'java/lang/invoke/LambdaForm$MH+0x000001d283115800'
Event: 2106.423 Thread 0x000001d2ff4677f0 Unloading class 0x000001d283115400 'java/lang/invoke/LambdaForm$MH+0x000001d283115400'
Event: 2106.435 Thread 0x000001d2ff4677f0 Unloading class 0x000001d283104c00 'java/lang/invoke/LambdaForm$MH+0x000001d283104c00'
Event: 2106.435 Thread 0x000001d2ff4677f0 Unloading class 0x000001d2830fc000 'java/lang/invoke/LambdaForm$DMH+0x000001d2830fc000'
Event: 2106.435 Thread 0x000001d2ff4677f0 Unloading class 0x000001d283030400 'java/lang/invoke/LambdaForm$MH+0x000001d283030400'
Event: 2106.440 Thread 0x000001d2ff4677f0 Unloading class 0x000001d283019400 'java/lang/invoke/LambdaForm$MH+0x000001d283019400'
Event: 2106.440 Thread 0x000001d2ff4677f0 Unloading class 0x000001d283018800 'java/lang/invoke/LambdaForm$MH+0x000001d283018800'
Event: 2106.440 Thread 0x000001d2ff4677f0 Unloading class 0x000001d283018400 'java/lang/invoke/LambdaForm$MH+0x000001d283018400'
Event: 2106.451 Thread 0x000001d2ff4677f0 Unloading class 0x000001d283017c00 'java/lang/invoke/LambdaForm$MH+0x000001d283017c00'
Event: 2106.451 Thread 0x000001d2ff4677f0 Unloading class 0x000001d283017800 'java/lang/invoke/LambdaForm$MH+0x000001d283017800'
Event: 2106.451 Thread 0x000001d2ff4677f0 Unloading class 0x000001d283017400 'java/lang/invoke/LambdaForm$MH+0x000001d283017400'
Event: 2106.451 Thread 0x000001d2ff4677f0 Unloading class 0x000001d283016800 'java/lang/invoke/LambdaForm$MH+0x000001d283016800'
Event: 2106.451 Thread 0x000001d2ff4677f0 Unloading class 0x000001d283015800 'java/lang/invoke/LambdaForm$MH+0x000001d283015800'
Event: 2106.451 Thread 0x000001d2ff4677f0 Unloading class 0x000001d283014c00 'java/lang/invoke/LambdaForm$MH+0x000001d283014c00'
Event: 2106.451 Thread 0x000001d2ff4677f0 Unloading class 0x000001d283014400 'java/lang/invoke/LambdaForm$MH+0x000001d283014400'

Classes redefined (0 events):
No events

Internal exceptions (20 events):
Event: 677.969 Thread 0x000001d2c88da000 Exception <a 'java/lang/ClassNotFoundException'{0x00000000849e2b60}: com/netflix/eureka/registry/AbstractInstanceRegistryBeanInfo> (0x00000000849e2b60) 
thrown [s\src\hotspot\share\classfile\systemDictionary.cpp, line 312]
Event: 677.970 Thread 0x000001d2c88da000 Exception <a 'java/lang/ClassNotFoundException'{0x00000000849e9948}: com/netflix/eureka/registry/AbstractInstanceRegistryCustomizer> (0x00000000849e9948) 
thrown [s\src\hotspot\share\classfile\systemDictionary.cpp, line 312]
Event: 677.984 Thread 0x000001d2c88da000 Exception <a 'java/lang/ClassNotFoundException'{0x0000000089343640}: com/netflix/eureka/registry/PeerAwareInstanceRegistryImplCustomizer> (0x0000000089343640) 
thrown [s\src\hotspot\share\classfile\systemDictionary.cpp, line 312]
Event: 677.987 Thread 0x000001d2c88da000 Exception <a 'java/lang/ClassNotFoundException'{0x000000008935e028}: org/springframework/cloud/netflix/eureka/server/InstanceRegistryCustomizer> (0x000000008935e028) 
thrown [s\src\hotspot\share\classfile\systemDictionary.cpp, line 312]
Event: 678.108 Thread 0x000001d2c88da000 Exception <a 'java/lang/ClassNotFoundException'{0x00000000893c6708}: java/util/LinkedHashMap$EntryBeanInfo> (0x00000000893c6708) 
thrown [s\src\hotspot\share\classfile\systemDictionary.cpp, line 312]
Event: 678.108 Thread 0x000001d2c88da000 Exception <a 'java/lang/ClassNotFoundException'{0x00000000893c99c0}: java/util/HashMap$NodeBeanInfo> (0x00000000893c99c0) 
thrown [s\src\hotspot\share\classfile\systemDictionary.cpp, line 312]
Event: 678.109 Thread 0x000001d2c88da000 Exception <a 'java/lang/ClassNotFoundException'{0x00000000893ccc50}: java/util/HashMap$NodeCustomizer> (0x00000000893ccc50) 
thrown [s\src\hotspot\share\classfile\systemDictionary.cpp, line 312]
Event: 678.113 Thread 0x000001d2c88da000 Exception <a 'java/lang/ClassNotFoundException'{0x00000000893e7f58}: java/util/LinkedHashMap$EntryCustomizer> (0x00000000893e7f58) 
thrown [s\src\hotspot\share\classfile\systemDictionary.cpp, line 312]
Event: 678.116 Thread 0x000001d2c88da000 Exception <a 'java/lang/ClassNotFoundException'{0x00000000893f8be8}: com/netflix/appinfo/InstanceInfo$InstanceStatusBeanInfo> (0x00000000893f8be8) 
thrown [s\src\hotspot\share\classfile\systemDictionary.cpp, line 312]
Event: 678.117 Thread 0x000001d2c88da000 Exception <a 'java/lang/ClassNotFoundException'{0x00000000893fc300}: java/lang/EnumBeanInfo> (0x00000000893fc300) 
thrown [s\src\hotspot\share\classfile\systemDictionary.cpp, line 312]
Event: 678.118 Thread 0x000001d2c88da000 Exception <a 'java/lang/ClassNotFoundException'{0x00000000893ff9d8}: java/lang/EnumCustomizer> (0x00000000893ff9d8) 
thrown [s\src\hotspot\share\classfile\systemDictionary.cpp, line 312]
Event: 678.152 Thread 0x000001d2c88da000 Exception <a 'java/lang/ClassNotFoundException'{0x0000000088815970}: com/netflix/appinfo/InstanceInfo$InstanceStatusCustomizer> (0x0000000088815970) 
thrown [s\src\hotspot\share\classfile\systemDictionary.cpp, line 312]
Event: 678.156 Thread 0x000001d2c88da000 Exception <a 'java/lang/ClassNotFoundException'{0x0000000088824540}: com/netflix/eureka/util/StatusInfoBeanInfo> (0x0000000088824540) 
thrown [s\src\hotspot\share\classfile\systemDictionary.cpp, line 312]
Event: 678.157 Thread 0x000001d2c88da000 Exception <a 'java/lang/ClassNotFoundException'{0x0000000088829ef0}: com/netflix/eureka/util/StatusInfoCustomizer> (0x0000000088829ef0) 
thrown [s\src\hotspot\share\classfile\systemDictionary.cpp, line 312]
Event: 943.422 Thread 0x000001d2c8b64a10 Implicit null exception at 0x000001d2f5805bec to 0x000001d2f5805c75
Event: 1040.811 Thread 0x000001d2c88d7210 Exception <a 'java/io/IOException'{0x00000000856b0318}> (0x00000000856b0318) 
thrown [s\src\hotspot\share\prims\jni.cpp, line 520]
Event: 1531.161 Thread 0x000001d2c88d92e0 Exception <a 'sun/net/ConnectionResetException'{0x0000000085d0ef68}: Connection reset> (0x0000000085d0ef68) 
thrown [s\src\hotspot\share\prims\jni.cpp, line 539]
Event: 1531.161 Thread 0x000001d2c88d64f0 Exception <a 'sun/net/ConnectionResetException'{0x0000000085d24c98}: Connection reset> (0x0000000085d24c98) 
thrown [s\src\hotspot\share\prims\jni.cpp, line 539]
Event: 1908.007 Thread 0x000001d2c88d57d0 Exception <a 'java/io/IOException'{0x0000000084ffe9a0}> (0x0000000084ffe9a0) 
thrown [s\src\hotspot\share\prims\jni.cpp, line 520]
Event: 2293.918 Thread 0x000001d2c88d9970 Implicit null exception at 0x000001d2f55c5f00 to 0x000001d2f55cdd70

ZGC Phase Switch (0 events):
No events

VM Operations (20 events):
Event: 2202.696 Executing VM operation: Cleanup
Event: 2202.696 Executing VM operation: Cleanup done
Event: 2206.736 Executing VM operation: Cleanup
Event: 2206.736 Executing VM operation: Cleanup done
Event: 2224.397 Executing VM operation: HandshakeAllThreads (HandshakeForDeflation)
Event: 2224.397 Executing VM operation: HandshakeAllThreads (HandshakeForDeflation) done
Event: 2224.397 Executing VM operation: RendezvousGCThreads
Event: 2224.397 Executing VM operation: RendezvousGCThreads done
Event: 2241.568 Executing VM operation: Cleanup
Event: 2241.568 Executing VM operation: Cleanup done
Event: 2271.585 Executing VM operation: Cleanup
Event: 2271.585 Executing VM operation: Cleanup done
Event: 2284.454 Executing VM operation: HandshakeAllThreads (HandshakeForDeflation)
Event: 2284.454 Executing VM operation: HandshakeAllThreads (HandshakeForDeflation) done
Event: 2284.454 Executing VM operation: RendezvousGCThreads
Event: 2284.454 Executing VM operation: RendezvousGCThreads done
Event: 2286.476 Executing VM operation: Cleanup
Event: 2286.476 Executing VM operation: Cleanup done
Event: 2288.497 Executing VM operation: Cleanup
Event: 2288.497 Executing VM operation: Cleanup done

Memory protections (0 events):
No events

Nmethod flushes (20 events):
Event: 2111.065 Thread 0x000001d2ff4677f0 flushing  nmethod 0x000001d2ee314f10
Event: 2111.065 Thread 0x000001d2ff4677f0 flushing  nmethod 0x000001d2ee320610
Event: 2111.070 Thread 0x000001d2ff4677f0 flushing  nmethod 0x000001d2ee321b90
Event: 2111.070 Thread 0x000001d2ff4677f0 flushing  nmethod 0x000001d2ee456b10
Event: 2111.070 Thread 0x000001d2ff4677f0 flushing  nmethod 0x000001d2ee467810
Event: 2111.070 Thread 0x000001d2ff4677f0 flushing  nmethod 0x000001d2ee470990
Event: 2111.070 Thread 0x000001d2ff4677f0 flushing  nmethod 0x000001d2ee471190
Event: 2111.070 Thread 0x000001d2ff4677f0 flushing  nmethod 0x000001d2ee471d90
Event: 2111.070 Thread 0x000001d2ff4677f0 flushing  nmethod 0x000001d2ee472110
Event: 2111.070 Thread 0x000001d2ff4677f0 flushing  nmethod 0x000001d2ee473310
Event: 2111.070 Thread 0x000001d2ff4677f0 flushing  nmethod 0x000001d2ee473890
Event: 2111.070 Thread 0x000001d2ff4677f0 flushing  nmethod 0x000001d2ee476f10
Event: 2111.070 Thread 0x000001d2ff4677f0 flushing  nmethod 0x000001d2ee477290
Event: 2111.070 Thread 0x000001d2ff4677f0 flushing  nmethod 0x000001d2ee478990
Event: 2111.070 Thread 0x000001d2ff4677f0 flushing  nmethod 0x000001d2ee47bd90
Event: 2111.070 Thread 0x000001d2ff4677f0 flushing  nmethod 0x000001d2ee47ee10
Event: 2111.070 Thread 0x000001d2ff4677f0 flushing  nmethod 0x000001d2ee480010
Event: 2111.070 Thread 0x000001d2ff4677f0 flushing  nmethod 0x000001d2ee480410
Event: 2111.070 Thread 0x000001d2ff4677f0 flushing  nmethod 0x000001d2ee480b90
Event: 2111.070 Thread 0x000001d2ff4677f0 flushing  nmethod 0x000001d2ee481a90

Events (20 events):
Event: 17.484 Thread 0x000001d2e9e665d0 Thread added: 0x000001d2c88d4ab0
Event: 17.484 Thread 0x000001d2e9e665d0 Thread added: 0x000001d2c88d57d0
Event: 17.484 Thread 0x000001d2e9e665d0 Thread added: 0x000001d2c88d3d90
Event: 17.485 Thread 0x000001d2e9e665d0 Thread added: 0x000001d2c88d92e0
Event: 17.485 Thread 0x000001d2e9e665d0 Thread added: 0x000001d2c88d9970
Event: 17.485 Thread 0x000001d2e9e665d0 Thread added: 0x000001d2c88d5140
Event: 17.486 Thread 0x000001d2e9e665d0 Thread added: 0x000001d2c88d78a0
Event: 17.486 Thread 0x000001d2e9e665d0 Thread added: 0x000001d2c88d64f0
Event: 17.486 Thread 0x000001d2e9e665d0 Thread added: 0x000001d2c88da000
Event: 17.506 Thread 0x000001d2c88d8c50 Thread exited: 0x000001d2c88d8c50
Event: 17.524 Thread 0x000001d2e9e665d0 Thread added: 0x000001d2c88d5e60
Event: 17.526 Thread 0x000001d2e9e665d0 Thread added: 0x000001d2c88dad20
Event: 17.986 Thread 0x000001d2e9e665d0 Thread exited: 0x000001d2e9e665d0
Event: 17.986 Thread 0x000001d2c88d8c50 Thread added: 0x000001d2c88d8c50
Event: 18.368 Thread 0x000001d2c8752e30 Thread exited: 0x000001d2c8752e30
Event: 77.543 Thread 0x000001d2ca37d700 Thread exited: 0x000001d2ca37d700
Event: 78.533 Thread 0x000001d2ff4952b0 Thread added: 0x000001d2c8752760
Event: 78.972 Thread 0x000001d2c8752760 Thread exited: 0x000001d2c8752760
Event: 80.123 Thread 0x000001d2ff4986a0 Thread added: 0x000001d2c8752090
Event: 81.527 Thread 0x000001d2c8752090 Thread exited: 0x000001d2c8752090


Dynamic libraries:
0x00007ff655010000 - 0x00007ff65501e000 	C:\Users\Shree\.p2\pool\plugins\org.eclipse.justj.openjdk.hotspot.jre.full.win32.x86_64_21.0.7.v20250502-0916\jre\bin\javaw.exe
0x00007ff866630000 - 0x00007ff866828000 	C:\WINDOWS\SYSTEM32\ntdll.dll
0x00007ff865670000 - 0x00007ff865732000 	C:\WINDOWS\System32\KERNEL32.DLL
0x00007ff863ea0000 - 0x00007ff864196000 	C:\WINDOWS\System32\KERNELBASE.dll
0x00007ff863d10000 - 0x00007ff863e10000 	C:\WINDOWS\System32\ucrtbase.dll
0x00007ff858140000 - 0x00007ff858158000 	C:\Users\Shree\.p2\pool\plugins\org.eclipse.justj.openjdk.hotspot.jre.full.win32.x86_64_21.0.7.v20250502-0916\jre\bin\jli.dll
0x00007ff865740000 - 0x00007ff8658e1000 	C:\WINDOWS\System32\USER32.dll
0x00007ff864220000 - 0x00007ff864242000 	C:\WINDOWS\System32\win32u.dll
0x00007ff864d30000 - 0x00007ff864d5b000 	C:\WINDOWS\System32\GDI32.dll
0x00007ff864530000 - 0x00007ff864649000 	C:\WINDOWS\System32\gdi32full.dll
0x00007ff864490000 - 0x00007ff86452d000 	C:\WINDOWS\System32\msvcp_win.dll
0x00007ff848f80000 - 0x00007ff848f9e000 	C:\Users\Shree\.p2\pool\plugins\org.eclipse.justj.openjdk.hotspot.jre.full.win32.x86_64_21.0.7.v20250502-0916\jre\bin\VCRUNTIME140.dll
0x00007ff850960000 - 0x00007ff850bfb000 	C:\WINDOWS\WinSxS\amd64_microsoft.windows.common-controls_6595b64144ccf1df_6.0.19041.6456_none_60b8a6cb71f64256\COMCTL32.dll
0x00007ff864830000 - 0x00007ff8648ce000 	C:\WINDOWS\System32\msvcrt.dll
0x00007ff865db0000 - 0x00007ff865ddf000 	C:\WINDOWS\System32\IMM32.DLL
0x00007ff857cf0000 - 0x00007ff857cfc000 	C:\Users\Shree\.p2\pool\plugins\org.eclipse.justj.openjdk.hotspot.jre.full.win32.x86_64_21.0.7.v20250502-0916\jre\bin\vcruntime140_1.dll
0x00007ff840d40000 - 0x00007ff840dcd000 	C:\Users\Shree\.p2\pool\plugins\org.eclipse.justj.openjdk.hotspot.jre.full.win32.x86_64_21.0.7.v20250502-0916\jre\bin\msvcp140.dll
0x00007ff81e100000 - 0x00007ff81ee90000 	C:\Users\Shree\.p2\pool\plugins\org.eclipse.justj.openjdk.hotspot.jre.full.win32.x86_64_21.0.7.v20250502-0916\jre\bin\server\jvm.dll
0x00007ff865f10000 - 0x00007ff865fc1000 	C:\WINDOWS\System32\ADVAPI32.dll
0x00007ff865990000 - 0x00007ff865a2f000 	C:\WINDOWS\System32\sechost.dll
0x00007ff865c90000 - 0x00007ff865db0000 	C:\WINDOWS\System32\RPCRT4.dll
0x00007ff864460000 - 0x00007ff864487000 	C:\WINDOWS\System32\bcrypt.dll
0x00007ff865a30000 - 0x00007ff865a9b000 	C:\WINDOWS\System32\WS2_32.dll
0x00007ff863a70000 - 0x00007ff863abb000 	C:\WINDOWS\SYSTEM32\POWRPROF.dll
0x00007ff850c00000 - 0x00007ff850c27000 	C:\WINDOWS\SYSTEM32\WINMM.dll
0x00007ff853770000 - 0x00007ff85377a000 	C:\WINDOWS\SYSTEM32\VERSION.dll
0x00007ff863a50000 - 0x00007ff863a62000 	C:\WINDOWS\SYSTEM32\UMPDC.dll
0x00007ff8624d0000 - 0x00007ff8624e2000 	C:\WINDOWS\SYSTEM32\kernel.appcore.dll
0x00007ff85ce50000 - 0x00007ff85ce5a000 	C:\Users\Shree\.p2\pool\plugins\org.eclipse.justj.openjdk.hotspot.jre.full.win32.x86_64_21.0.7.v20250502-0916\jre\bin\jimage.dll
0x00007ff8619c0000 - 0x00007ff861bc1000 	C:\WINDOWS\SYSTEM32\DBGHELP.DLL
0x00007ff8508b0000 - 0x00007ff8508e4000 	C:\WINDOWS\SYSTEM32\dbgcore.DLL
0x00007ff863e10000 - 0x00007ff863e92000 	C:\WINDOWS\System32\bcryptPrimitives.dll
0x00007ff858120000 - 0x00007ff85813f000 	C:\Users\Shree\.p2\pool\plugins\org.eclipse.justj.openjdk.hotspot.jre.full.win32.x86_64_21.0.7.v20250502-0916\jre\bin\java.dll
0x00007ff864f00000 - 0x00007ff865670000 	C:\WINDOWS\System32\SHELL32.dll
0x00007ff861d10000 - 0x00007ff8624b5000 	C:\WINDOWS\SYSTEM32\windows.storage.dll
0x00007ff8649d0000 - 0x00007ff864d24000 	C:\WINDOWS\System32\combase.dll
0x00007ff863680000 - 0x00007ff8636ab000 	C:\WINDOWS\SYSTEM32\Wldp.dll
0x00007ff8648e0000 - 0x00007ff8649ad000 	C:\WINDOWS\System32\OLEAUT32.dll
0x00007ff8646c0000 - 0x00007ff86476d000 	C:\WINDOWS\System32\SHCORE.dll
0x00007ff864770000 - 0x00007ff8647cb000 	C:\WINDOWS\System32\shlwapi.dll
0x00007ff863bf0000 - 0x00007ff863c14000 	C:\WINDOWS\SYSTEM32\profapi.dll
0x00007ff858100000 - 0x00007ff858118000 	C:\Users\Shree\.p2\pool\plugins\org.eclipse.justj.openjdk.hotspot.jre.full.win32.x86_64_21.0.7.v20250502-0916\jre\bin\zip.dll
0x00007ff85ce30000 - 0x00007ff85ce40000 	C:\Users\Shree\.p2\pool\plugins\org.eclipse.justj.openjdk.hotspot.jre.full.win32.x86_64_21.0.7.v20250502-0916\jre\bin\net.dll
0x00007ff8533a0000 - 0x00007ff8534aa000 	C:\WINDOWS\SYSTEM32\WINHTTP.dll
0x00007ff863370000 - 0x00007ff8633da000 	C:\WINDOWS\system32\mswsock.dll
0x00007ff8580e0000 - 0x00007ff8580f6000 	C:\Users\Shree\.p2\pool\plugins\org.eclipse.justj.openjdk.hotspot.jre.full.win32.x86_64_21.0.7.v20250502-0916\jre\bin\nio.dll
0x00007ff863050000 - 0x00007ff86308b000 	C:\WINDOWS\SYSTEM32\IPHLPAPI.DLL
0x00007ff8648d0000 - 0x00007ff8648d8000 	C:\WINDOWS\System32\NSI.dll
0x00007ff863090000 - 0x00007ff86315a000 	C:\WINDOWS\SYSTEM32\DNSAPI.dll
0x00007ff856460000 - 0x00007ff85646a000 	C:\Windows\System32\rasadhlp.dll
0x00007ff851fc0000 - 0x00007ff852040000 	C:\WINDOWS\System32\fwpuclnt.dll
0x00007ff858090000 - 0x00007ff85809e000 	C:\Users\Shree\.p2\pool\plugins\org.eclipse.justj.openjdk.hotspot.jre.full.win32.x86_64_21.0.7.v20250502-0916\jre\bin\sunmscapi.dll
0x00007ff864300000 - 0x00007ff86445d000 	C:\WINDOWS\System32\CRYPT32.dll
0x00007ff8636f0000 - 0x00007ff863717000 	C:\WINDOWS\SYSTEM32\ncrypt.dll
0x00007ff8636b0000 - 0x00007ff8636eb000 	C:\WINDOWS\SYSTEM32\NTASN1.dll
0x00007ff863560000 - 0x00007ff863578000 	C:\WINDOWS\SYSTEM32\CRYPTSP.dll
0x00007ff862c90000 - 0x00007ff862cc8000 	C:\WINDOWS\system32\rsaenh.dll
0x00007ff863b70000 - 0x00007ff863b9e000 	C:\WINDOWS\SYSTEM32\USERENV.dll
0x00007ff863580000 - 0x00007ff86358c000 	C:\WINDOWS\SYSTEM32\CRYPTBASE.dll
0x00007ff851f00000 - 0x00007ff851f0a000 	C:\Users\Shree\.p2\pool\plugins\org.eclipse.justj.openjdk.hotspot.jre.full.win32.x86_64_21.0.7.v20250502-0916\jre\bin\management.dll
0x00007ff84bc80000 - 0x00007ff84bc8b000 	C:\Users\Shree\.p2\pool\plugins\org.eclipse.justj.openjdk.hotspot.jre.full.win32.x86_64_21.0.7.v20250502-0916\jre\bin\management_ext.dll
0x00007ff865980000 - 0x00007ff865988000 	C:\WINDOWS\System32\PSAPI.DLL
0x00007ff85c030000 - 0x00007ff85c040000 	C:\Users\Shree\.p2\pool\plugins\org.eclipse.justj.openjdk.hotspot.jre.full.win32.x86_64_21.0.7.v20250502-0916\jre\bin\verify.dll
0x00007ff8486a0000 - 0x00007ff8486b7000 	C:\WINDOWS\system32\napinsp.dll
0x00007ff848650000 - 0x00007ff84866b000 	C:\WINDOWS\system32\pnrpnsp.dll
0x00007ff85dcf0000 - 0x00007ff85dd0d000 	C:\WINDOWS\system32\wshbth.dll
0x00007ff856ac0000 - 0x00007ff856add000 	C:\WINDOWS\system32\NLAapi.dll
0x00007ff848370000 - 0x00007ff848382000 	C:\WINDOWS\System32\winrnr.dll
0x00007ff851f10000 - 0x00007ff851f19000 	C:\Users\Shree\.p2\pool\plugins\org.eclipse.justj.openjdk.hotspot.jre.full.win32.x86_64_21.0.7.v20250502-0916\jre\bin\extnet.dll
0x00007ff84acf0000 - 0x00007ff84acf7000 	C:\WINDOWS\system32\wshunix.dll

dbghelp: loaded successfully - version: 4.0.5 - missing functions: none
symbol engine: initialized successfully - sym options: 0x614 - pdb path: .;C:\Users\Shree\.p2\pool\plugins\org.eclipse.justj.openjdk.hotspot.jre.full.win32.x86_64_21.0.7.v20250502-0916\jre\bin;C:\WINDOWS\SYSTEM32;C:\WINDOWS\WinSxS\amd64_microsoft.windows.common-controls_6595b64144ccf1df_6.0.19041.6456_none_60b8a6cb71f64256;C:\Users\Shree\.p2\pool\plugins\org.eclipse.justj.openjdk.hotspot.jre.full.win32.x86_64_21.0.7.v20250502-0916\jre\bin\server

VM Arguments:
jvm_args: -Dfile.encoding=UTF-8 -Dstdout.encoding=UTF-8 -Dstderr.encoding=UTF-8 -XX:+ShowCodeDetailsInExceptionMessages 
java_command: com.ecommerce.serviceregister.ServiceRegisterApplication
java_class_path (initial): G:\Ecommerce-Backend\SpringBootProj01\ecommerc_microservices\Service-Register\target\classes;C:\Users\Shree\.m2\repository\org\springframework\cloud\spring-cloud-starter-netflix-eureka-server\4.3.0\spring-cloud-starter-netflix-eureka-server-4.3.0.jar;C:\Users\Shree\.m2\repository\org\springframework\cloud\spring-cloud-starter\4.3.0\spring-cloud-starter-4.3.0.jar;C:\Users\Shree\.m2\repository\org\springframework\cloud\spring-cloud-context\4.3.0\spring-cloud-context-4.3.0.jar;C:\Users\Shree\.m2\repository\org\springframework\security\spring-security-crypto\6.5.5\spring-security-crypto-6.5.5.jar;C:\Users\Shree\.m2\repository\org\springframework\cloud\spring-cloud-commons\4.3.0\spring-cloud-commons-4.3.0.jar;C:\Users\Shree\.m2\repository\org\bouncycastle\bcprov-jdk18on\1.80\bcprov-jdk18on-1.80.jar;C:\Users\Shree\.m2\repository\org\springframework\cloud\spring-cloud-netflix-eureka-server\4.3.0\spring-cloud-netflix-eureka-server-4.3.0.jar;C:\Users\Shree\.m2\repository\org\springframework\boot\spring-boot-starter-web\3.5.6\spring-boot-starter-web-3.5.6.jar;C:\Users\Shree\.m2\repository\org\springframework\boot\spring-boot-starter-json\3.5.6\spring-boot-starter-json-3.5.6.jar;C:\Users\Shree\.m2\repository\com\fasterxml\jackson\datatype\jackson-datatype-jdk8\2.19.2\jackson-datatype-jdk8-2.19.2.jar;C:\Users\Shree\.m2\repository\com\fasterxml\jackson\datatype\jackson-datatype-jsr310\2.19.2\jackson-datatype-jsr310-2.19.2.jar;C:\Users\Shree\.m2\repository\com\fasterxml\jackson\module\jackson-module-parameter-names\2.19.2\jackson-module-parameter-names-2.19.2.jar;C:\Users\Shree\.m2\repository\org\springframework\boot\spring-boot-starter-tomcat\3.5.6\spring-boot-starter-tomcat-3.5.6.jar;C:\Users\Shree\.m2\repository\org\apache\tomcat\embed\tomcat-embed-core\10.1.46\tomcat-embed-core-10.1.46.jar;C:\Users\Shree\.m2\repository\org\apache\tomcat\embed\tomcat-embed-el\10.1.46\tomcat-embed-el-10.1.46.jar;C:\Users\Shree\.m2\repository\org\apache\tomcat\embed\tomcat-embed-websocket\10.1.46\tomcat-embed-websocket-10.1.46.jar;C:\Users\Shree\.m2\repository\org\springframework\spring-web\6.2.11\spring-web-6.2.11.jar;C:\Users\Shree\.m2\repository\org\springframework\spring-beans\6.2.11\spring-beans-6.2.11.jar;C:\Users\Shree\.m2\repository\org\springframework\spring-webmvc\6.2.11\spring-webmvc-6.2.11.jar;C:\Users\Shree\.m2\repository\org\springframework\spring-aop\6.2.11\spring-aop-6.2.11.jar;C:\Users\Shree\.m2\repository\org\springframework\spring-expression\6.2.11\spring-expression-6.2.11.jar;C:\Users\Shree\.m2\repository\org\springframework\boot\spring-boot-starter-actuator\3.5.6\spring-boot-starter-actuator-3.5.6.jar;C:\Users\Shree\.m2\repository\org\springframework\boot\spring-boot-actuator-autoconfigure\3.5.6\spring-boot-actuator-autoconfigure-3.5.6.jar;C:\Users\Shree\.m2\repository\org\springframework\boot\spring-boot-actuator\3.5.6\spring-boot-actuator-3.5.6.jar;C:\Users\Shree\.m2\repository\io\micrometer\micrometer-observation\1.15.4\micrometer-observation-1.15.4.jar;C:\Users\Shree\.m2\repository\io\micrometer\micrometer-commons\1.15.4\micrometer-commons-1.15.4.jar;C:\Users\Shree\.m2\repository\io\micrometer\micrometer-jakarta9\1.15.4\micrometer-jakarta9-1.15.4.jar;C:\Users\Shree\.m2\repository\io\micrometer\micrometer-core\1.15.4\micrometer-core-1.15.4.jar;C:\Users\Shree\.m2\repository\org\hdrhistogram\HdrHistogram\2.2.2\HdrHistogram-2.2.2.jar;C:\Users\Shree\.m2\repository\org\latencyutils\LatencyUtils\2.0.3\LatencyUtils-2.0.3.jar;C:\Users\Shree\.m2\repository\org\springframework\boot\spring-boot-starter-freemarker\3.5.6\spring-boot-starter-freemarker-3.5.6.jar;C:\Users\Shree\.m2\repository\org\freemarker\freemarker\2.3.34\freemarker-2.3.34.jar;C:\Users\Shree\.m2\repository\org\springframework\spring-context-support\6.2.11\spring-context-support-6.2.11.jar;C:\Users\Shree\.m2\repository\org\springframework\cloud\spring-cloud-netflix-eureka-client\4.3.0\spring-cloud-netflix-eureka-client-4.3.0.jar;C:\Users\Shree\.m2\repository\com\netflix\eureka\eureka-client\2.0.4\eureka-client-2.0.4.jar;C:\Users\Shree\.m2\repository\com\thoughtworks\xstream\xstream\1.4.20\xstream-1.4.20.jar;C:\Users\Shree\.m2\repository\io\github\x-stream\mxparser\1.2.2\mxparser-1.2.2.jar;C:\Users\Shree\.m2\repository\xmlpull\xmlpull\1.1.3.1\xmlpull-1.1.3.1.jar;C:\Users\Shree\.m2\repository\com\netflix\spectator\spectator-api\1.7.3\spectator-api-1.7.3.jar;C:\Users\Shree\.m2\repository\org\apache\httpcomponents\httpclient\4.5.3\httpclient-4.5.3.jar;C:\Users\Shree\.m2\repository\org\apache\httpcomponents\httpcore\4.4.16\httpcore-4.4.16.jar;C:\Users\Shree\.m2\repository\commons-configuration\commons-configuration\1.10\commons-configuration-1.10.jar;C:\Users\Shree\.m2\repository\commons-lang\commons-lang\2.6\commons-lang-2.6.jar;C:\Users\Shree\.m2\repository\com\netflix\netflix-commons\netflix-eventbus\0.3.0\netflix-eventbus-0.3.0.jar;C:\Users\Shree\.m2\repository\com\netflix\netflix-commons\netflix-infix\0.3.0\netflix-infix-0.3.0.jar;C:\Users\Shree\.m2\repository\commons-jxpath\commons-jxpath\1.3\commons-jxpath-1.3.jar;C:\Users\Shree\.m2\repository\joda-time\joda-time\2.3\joda-time-2.3.jar;C:\Users\Shree\.m2\repository\org\antlr\antlr-runtime\3.4\antlr-runtime-3.4.jar;C:\Users\Shree\.m2\repository\org\antlr\stringtemplate\3.2.1\stringtemplate-3.2.1.jar;C:\Users\Shree\.m2\repository\antlr\antlr\2.7.7\antlr-2.7.7.jar;C:\Users\Shree\.m2\repository\com\google\code\gson\gson\2.13.2\gson-2.13.2.jar;C:\Users\Shree\.m2\repository\com\netflix\servo\servo-core\0.5.3\servo-core-0.5.3.jar;C:\Users\Shree\.m2\repository\org\apache\commons\commons-math\2.2\commons-math-2.2.jar;C:\Users\Shree\.m2\repository\javax\annotation\javax.annotation-api\1.2\javax.annotation-api-1.2.jar;C:\Users\Shree\.m2\repository\org\codehaus\jettison\jettison\1.5.4\jettison-1.5.4.jar;C:\Users\Shree\.m2\repository\org\apache\httpcomponents\client5\httpclient5\5.5\httpclient5-5.5.jar;C:\Users\Shree\.m2\repository\org\apache\httpcomponents\core5\httpcore5\5.3.5\httpcore5-5.3.5.jar;C:\Users\Shree\.m2\repository\org\apache\httpcomponents\core5\httpcore5-h2\5.3.5\httpcore5-h2-5.3.5.jar;C:\Users\Shree\.m2\repository\com\netflix\eureka\eureka-client-jersey3\2.0.4\eureka-client-jersey3-2.0.4.jar;C:\Users\Shree\.m2\repository\org\glassfish\jersey\connectors\jersey-apache-connector\3.1.11\jersey-apache-connector-3.1.11.jar;C:\Users\Shree\.m2\repository\commons-codec\commons-codec\1.18.0\commons-codec-1.18.0.jar;C:\Users\Shree\.m2\repository\com\netflix\eureka\eureka-core-jersey3\2.0.4\eureka-core-jersey3-2.0.4.jar;C:\Users\Shree\.m2\repository\com\netflix\eureka\eureka-core\2.0.4\eureka-core-2.0.4.jar;C:\Users\Shree\.m2\repository\com\google\guava\guava\33.0.0-jre\guava-33.0.0-jre.jar;C:\Users\Shree\.m2\repository\com\google\guava\failureaccess\1.0.2\failureaccess-1.0.2.jar;C:\Users\Shree\.m2\repository\com\google\guava\listenablefuture\9999.0-empty-to-avoid-conflict-with-guava\listenablefuture-9999.0-empty-to-avoid-conflict-with-guava.jar;C:\Users\Shree\.m2\repository\org\checkerframework\checker-qual\3.41.0\checker-qual-3.41.0.jar;C:\Users\Shree\.m2\repository\com\google\errorprone\error_prone_annotations\2.23.0\error_prone_annotations-2.23.0.jar;C:\Users\Shree\.m2\repository\com\google\j2objc\j2objc-annotations\2.8\j2objc-annotations-2.8.jar;C:\Users\Shree\.m2\repository\org\glassfish\jersey\containers\jersey-container-servlet\3.1.11\jersey-container-servlet-3.1.11.jar;C:\Users\Shree\.m2\repository\org\glassfish\jersey\containers\jersey-container-servlet-core\3.1.11\jersey-container-servlet-core-3.1.11.jar;C:\Users\Shree\.m2\repository\org\glassfish\jersey\core\jersey-common\3.1.11\jersey-common-3.1.11.jar;C:\Users\Shree\.m2\repository\org\glassfish\hk2\osgi-resource-locator\1.0.3\osgi-resource-locator-1.0.3.jar;C:\Users\Shree\.m2\repository\jakarta\ws\rs\jakarta.ws.rs-api\3.1.0\jakarta.ws.rs-api-3.1.0.jar;C:\Users\Shree\.m2\repository\org\glassfish\jersey\core\jersey-server\3.1.11\jersey-server-3.1.11.jar;C:\Users\Shree\.m2\repository\jakarta\inject\jakarta.inject-api\2.0.1\jakarta.inject-api-2.0.1.jar;C:\Users\Shree\.m2\repository\jakarta\validation\jakarta.validation-api\3.0.2\jakarta.validation-api-3.0.2.jar;C:\Users\Shree\.m2\repository\org\glassfish\jersey\core\jersey-client\3.1.11\jersey-client-3.1.11.jar;C:\Users\Shree\.m2\repository\org\glassfish\jersey\inject\jersey-hk2\3.1.11\jersey-hk2-3.1.11.jar;C:\Users\Shree\.m2\repository\org\glassfish\hk2\hk2-locator\3.0.6\hk2-locator-3.0.6.jar;C:\Users\Shree\.m2\repository\org\glassfish\hk2\hk2-utils\3.0.6\hk2-utils-3.0.6.jar;C:\Users\Shree\.m2\repository\org\javassist\javassist\3.30.2-GA\javassist-3.30.2-GA.jar;C:\Users\Shree\.m2\repository\org\glassfish\hk2\spring-bridge\3.1.1\spring-bridge-3.1.1.jar;C:\Users\Shree\.m2\repository\org\glassfish\hk2\hk2-api\3.1.1\hk2-api-3.1.1.jar;C:\Users\Shree\.m2\repository\org\springframework\spring-context\6.2.11\spring-context-6.2.11.jar;C:\Users\Shree\.m2\repository\com\fasterxml\jackson\dataformat\jackson-dataformat-xml\2.19.2\jackson-dataformat-xml-2.19.2.jar;C:\Users\Shree\.m2\repository\com\fasterxml\jackson\core\jackson-core\2.19.2\jackson-core-2.19.2.jar;C:\Users\Shree\.m2\repository\com\fasterxml\jackson\core\jackson-annotations\2.19.2\jackson-annotations-2.19.2.jar;C:\Users\Shree\.m2\repository\com\fasterxml\jackson\core\jackson-databind\2.19.2\jackson-databind-2.19.2.jar;C:\Users\Shree\.m2\repository\org\codehaus\woodstox\stax2-api\4.2.2\stax2-api-4.2.2.jar;C:\Users\Shree\.m2\repository\com\fasterxml\woodstox\woodstox-core\7.1.1\woodstox-core-7.1.1.jar;C:\Users\Shree\.m2\repository\org\springframework\cloud\spring-cloud-starter-loadbalancer\4.3.0\spring-cloud-starter-loadbalancer-4.3.0.jar;C:\Users\Shree\.m2\repository\org\springframework\cloud\spring-cloud-loadbalancer\4.3.0\spring-cloud-loadbalancer-4.3.0.jar;C:\Users\Shree\.m2\repository\io\projectreactor\reactor-core\3.7.11\reactor-core-3.7.11.jar;C:\Users\Shree\.m2\repository\org\reactivestreams\reactive-streams\1.0.4\reactive-streams-1.0.4.jar;C:\Users\Shree\.m2\repository\io\projectreactor\addons\reactor-extra\3.5.3\reactor-extra-3.5.3.jar;C:\Users\Shree\.m2\repository\org\springframework\boot\spring-boot-starter-cache\3.5.6\spring-boot-starter-cache-3.5.6.jar;C:\Users\Shree\.m2\repository\com\stoyanr\evictor\1.0.0\evictor-1.0.0.jar;C:\Users\Shree\.m2\repository\org\glassfish\jaxb\jaxb-runtime\4.0.5\jaxb-runtime-4.0.5.jar;C:\Users\Shree\.m2\repository\org\glassfish\jaxb\jaxb-core\4.0.5\jaxb-core-4.0.5.jar;C:\Users\Shree\.m2\repository\org\eclipse\angus\angus-activation\2.0.2\angus-activation-2.0.2.jar;C:\Users\Shree\.m2\repository\org\glassfish\jaxb\txw2\4.0.5\txw2-4.0.5.jar;C:\Users\Shree\.m2\repository\com\sun\istack\istack-commons-runtime\4.1.2\istack-commons-runtime-4.1.2.jar;C:\Users\Shree\.m2\repository\org\springframework\boot\spring-boot-starter\3.5.6\spring-boot-starter-3.5.6.jar;C:\Users\Shree\.m2\repository\org\springframework\boot\spring-boot\3.5.6\spring-boot-3.5.6.jar;C:\Users\Shree\.m2\repository\org\springframework\boot\spring-boot-autoconfigure\3.5.6\spring-boot-autoconfigure-3.5.6.jar;C:\Users\Shree\.m2\repository\org\springframework\boot\spring-boot-starter-logging\3.5.6\spring-boot-starter-logging-3.5.6.jar;C:\Users\Shree\.m2\repository\ch\qos\logback\logback-classic\1.5.18\logback-classic-1.5.18.jar;C:\Users\Shree\.m2\repository\ch\qos\logback\logback-core\1.5.18\logback-core-1.5.18.jar;C:\Users\Shree\.m2\repository\org\apache\logging\log4j\log4j-to-slf4j\2.24.3\log4j-to-slf4j-2.24.3.jar;C:\Users\Shree\.m2\repository\org\apache\logging\log4j\log4j-api\2.24.3\log4j-api-2.24.3.jar;C:\Users\Shree\.m2\repository\org\slf4j\jul-to-slf4j\2.0.17\jul-to-slf4j-2.0.17.jar;C:\Users\Shree\.m2\repository\jakarta\annotation\jakarta.annotation-api\2.1.1\jakarta.annotation-api-2.1.1.jar;C:\Users\Shree\.m2\repository\org\yaml\snakeyaml\2.4\snakeyaml-2.4.jar;C:\Users\Shree\.m2\repository\org\slf4j\slf4j-api\2.0.17\slf4j-api-2.0.17.jar;C:\Users\Shree\.m2\repository\jakarta\xml\bind\jakarta.xml.bind-api\4.0.2\jakarta.xml.bind-api-4.0.2.jar;C:\Users\Shree\.m2\repository\jakarta\activation\jakarta.activation-api\2.1.4\jakarta.activation-api-2.1.4.jar;C:\Users\Shree\.m2\repository\org\springframework\spring-core\6.2.11\spring-core-6.2.11.jar;C:\Users\Shree\.m2\repository\org\springframework\spring-jcl\6.2.11\spring-jcl-6.2.11.jar
Launcher Type: SUN_STANDARD

[Global flags]
     intx CICompilerCount                          = 3                                         {product} {ergonomic}
     uint ConcGCThreads                            = 1                                         {product} {ergonomic}
     uint G1ConcRefinementThreads                  = 4                                         {product} {ergonomic}
   size_t G1HeapRegionSize                         = 1048576                                   {product} {ergonomic}
    uintx GCDrainStackTargetSize                   = 64                                        {product} {ergonomic}
   size_t InitialHeapSize                          = 134217728                                 {product} {ergonomic}
   size_t MarkStackSize                            = 4194304                                   {product} {ergonomic}
   size_t MaxHeapSize                              = 2126512128                                {product} {ergonomic}
   size_t MaxNewSize                               = 1275068416                                {product} {ergonomic}
   size_t MinHeapDeltaBytes                        = 1048576                                   {product} {ergonomic}
   size_t MinHeapSize                              = 8388608                                   {product} {ergonomic}
    uintx NonNMethodCodeHeapSize                   = 5832780                                {pd product} {ergonomic}
    uintx NonProfiledCodeHeapSize                  = 122912730                              {pd product} {ergonomic}
    uintx ProfiledCodeHeapSize                     = 122912730                              {pd product} {ergonomic}
    uintx ReservedCodeCacheSize                    = 251658240                              {pd product} {ergonomic}
     bool SegmentedCodeCache                       = true                                      {product} {ergonomic}
     bool ShowCodeDetailsInExceptionMessages       = true                                   {manageable} {command line}
   size_t SoftMaxHeapSize                          = 2126512128                             {manageable} {ergonomic}
     bool UseCompressedOops                        = true                           {product lp64_product} {ergonomic}
     bool UseG1GC                                  = true                                      {product} {ergonomic}
     bool UseLargePagesIndividualAllocation        = false                                  {pd product} {ergonomic}

Logging:
Log output configuration:
 #0: stdout all=warning uptime,level,tags foldmultilines=false
 #1: stderr all=off uptime,level,tags foldmultilines=false

Environment Variables:
JAVA_HOME=C:\Program Files\Java\jdk-17
PATH=C:/Users/Shree/.p2/pool/plugins/org.eclipse.justj.openjdk.hotspot.jre.full.win32.x86_64_21.0.7.v20250502-0916/jre/bin/server;C:/Users/Shree/.p2/pool/plugins/org.eclipse.justj.openjdk.hotspot.jre.full.win32.x86_64_21.0.7.v20250502-0916/jre/bin;H:\oracle\product\10.2.0\db_3\bin;C:\Program Files (x86)\Intel\iCLS Client\;C:\Program Files\Intel\iCLS Client\;C:\WINDOWS\system32;C:\WINDOWS;C:\WINDOWS\System32\Wbem;C:\WINDOWS\System32\WindowsPowerShell\v1.0\;C:\Windows\IsmFiles;C:\Program Files (x86)\Intel\Intel(R) Management Engine Components\DAL;C:\Program Files\Intel\Intel(R) Management Engine Components\DAL;C:\Program Files (x86)\Intel\Intel(R) Management Engine Components\IPT;C:\Program Files\Intel\Intel(R) Management Engine Components\IPT;C:\WINDOWS\System32\OpenSSH\;C:\Users\Shree\AppData\Local\Programs\Python\Python38-32;C:\Users\Shree\AppData\Local\Programs\Python\Python38-32\Scripts;C:\MinGW\bin;C:\xampp\php;C:\ProgramData\ComposerSetup\bin;C:\ProgramData\chocolatey\bin;C:\xampp1\php;C:\Users\Shree\.vscode\extensions\ms-dotnettools.csharp-1.23.8\.omnisharp\1.37.5;F:\Git\cmd;C:\Program Files\nodejs\;C:\Program Files\MySQL\MySQL Server 8.0\bin;C:\Program Files\Java\jdk-17\bin;C:\Program Files\Java\jdk-17\bin;C:\Program Files\apache-maven-3.9.11\bin;C:\Users\Shree\.local\bin;C:\Program Files\MySQL\MySQL Shell 8.0\bin\;C:\Users\Shree\AppData\Local\Microsoft\WindowsApps;C:\Users\Shree\.dotnet\tools;C:\Users\Shree\AppData\Local\JetBrains\PyCharm Community Edition 2019.3.4\bin;;C:\Users\Shree\AppData\Local\Programs\Microsoft VS Code\bin;C:\Users\Shree\AppData\Roaming\Composer\vendor\bin;C:\Users\Shree\AppData\Local\GitHubDesktop\bin;C:\Users\Shree\AppData\Roaming\npm;C:\Windows\System32\wbem;C:\Windows\System32;C:\Users\Shree\.local\bin;C:\Program Files\Java\jdk-17\bin;C:\Program Files\Java\jdk-17\bin;C:\Program Files\apache-maven-3.9.11\bin;;C:\WINDOWS\system32;
USERNAME=Shree
OS=Windows_NT
PROCESSOR_IDENTIFIER=Intel64 Family 6 Model 78 Stepping 3, GenuineIntel
TMP=C:\Users\Shree\AppData\Local\Temp
TEMP=C:\Users\Shree\AppData\Local\Temp




Periodic native trim disabled

---------------  S Y S T E M  ---------------

OS:
 Windows 10 , 64 bit Build 19041 (10.0.19041.5915)
OS uptime: 0 days 2:34 hours

CPU: total 4 (initial active 4) (2 cores per cpu, 2 threads per core) family 6 model 78 stepping 3 microcode 0xcc, cx8, cmov, fxsr, ht, mmx, 3dnowpref, sse, sse2, sse3, ssse3, sse4.1, sse4.2, popcnt, lzcnt, tsc, tscinvbit, avx, avx2, aes, erms, clmul, bmi1, bmi2, adx, fma, vzeroupper, clflush, clflushopt, rdtscp, f16c
Processor Information for the first 4 processors :
  Max Mhz: 2000, Current Mhz: 2000, Mhz Limit: 2000

Memory: 4k page, system-wide physical 8108M (1001M free)
TotalPageFile size 14252M (AvailPageFile size 2M)
current process WorkingSet (physical memory assigned to process): 220M, peak: 284M
current process commit charge ("private bytes"): 294M, peak: 311M

vm_info: OpenJDK 64-Bit Server VM (21.0.7+6-LTS) for windows-amd64 JRE (21.0.7+6-LTS), built on 2025-04-15T00:00:00Z by "admin" with MS VC++ 17.7 (VS2022)

END.
