#
# There is insufficient memory for the Java Runtime Environment to continue.
# Native memory allocation (malloc) failed to allocate 32744 bytes. Error detail: Chunk::new
# Possible reasons:
#   The system is out of physical RAM or swap space
#   This process is running with CompressedOops enabled, and the Java Heap may be blocking the growth of the native heap
# Possible solutions:
#   Reduce memory load on the system
#   Increase physical memory or swap space
#   Check if swap backing store is full
#   Decrease Java heap size (-Xmx/-Xms)
#   Decrease number of Java threads
#   Decrease Java thread stack sizes (-Xss)
#   Set larger code cache with -XX:ReservedCodeCacheSize=
#   JVM is running with Unscaled Compressed Oops mode in which the Java heap is
#     placed in the first 4GB address space. The Java Heap base address is the
#     maximum limit for the native heap growth. Please use -XX:HeapBaseMinAddress
#     to set the Java Heap base and to place the Java Heap above 4GB virtual address.
# This output file may be truncated or incomplete.
#
#  Out of Memory Error (arena.cpp:168), pid=6332, tid=14372
#
# JRE version: OpenJDK Runtime Environment Temurin-21.0.7+6 (21.0.7+6) (build 21.0.7+6-LTS)
# Java VM: OpenJDK 64-Bit Server VM Temurin-21.0.7+6 (21.0.7+6-LTS, mixed mode, sharing, tiered, compressed oops, compressed class ptrs, g1 gc, windows-amd64)
# No core dump will be written. Minidumps are not enabled by default on client versions of Windows
#

---------------  S U M M A R Y ------------

Command Line: -Dfile.encoding=UTF-8 -Dstdout.encoding=UTF-8 -Dstderr.encoding=UTF-8 -XX:+ShowCodeDetailsInExceptionMessages com.ecommerce.apigateway.ApiGatewayApplication

Host: Intel(R) Core(TM) i3-6006U CPU @ 2.00GHz, 4 cores, 7G,  Windows 10 , 64 bit Build 19041 (10.0.19041.5915)
Time: Fri Nov 14 19:21:04 2025 India Standard Time elapsed time: 27.045428 seconds (0d 0h 0m 27s)

---------------  T H R E A D  ---------------

Current thread (0x000001adce3f11f0):  JavaThread "C2 CompilerThread0" daemon [_thread_in_native, id=14372, stack(0x0000004463500000,0x0000004463600000) (1024K)]


Current CompileTask:
C2:27045 4635       4       org.springframework.beans.factory.support.AbstractBeanFactory::isTypeMatch (745 bytes)

Stack: [0x0000004463500000,0x0000004463600000]
Native frames: (J=compiled Java code, j=interpreted, Vv=VM code, C=native code)
V  [jvm.dll+0x6ce119]
V  [jvm.dll+0x8a84a1]
V  [jvm.dll+0x8aa9ce]
V  [jvm.dll+0x8ab0b3]
V  [jvm.dll+0x27f8a6]
V  [jvm.dll+0xc507d]
V  [jvm.dll+0xc55b3]
V  [jvm.dll+0x6f9a7c]
V  [jvm.dll+0x1e00f6]
V  [jvm.dll+0x247c42]
V  [jvm.dll+0x2470cf]
V  [jvm.dll+0x1c760e]
V  [jvm.dll+0x25695a]
V  [jvm.dll+0x254efa]
V  [jvm.dll+0x3f03f6]
V  [jvm.dll+0x851f6b]
V  [jvm.dll+0x6cc7dd]
C  [ucrtbase.dll+0x21bb2]
C  [KERNEL32.DLL+0x17374]
C  [ntdll.dll+0x4cc91]


---------------  P R O C E S S  ---------------

Threads class SMR info:
_java_thread_list=0x000001ae156ab6b0, length=14, elements={
0x000001adb4be23b0, 0x000001adce3d7740, 0x000001adce3d9660, 0x000001adce3db6a0,
0x000001adce3de100, 0x000001adce3e6b60, 0x000001adce3ebeb0, 0x000001adce3f11f0,
0x000001adce3f64f0, 0x000001adce3eab00, 0x000001adce3ed8f0, 0x000001adce3edf80,
0x000001adce3eb820, 0x000001adce3ec540
}

Java Threads: ( => current thread )
  0x000001adb4be23b0 JavaThread "main"                              [_thread_blocked, id=10484, stack(0x0000004462700000,0x0000004462800000) (1024K)]
  0x000001adce3d7740 JavaThread "Reference Handler"          daemon [_thread_blocked, id=9644, stack(0x0000004462f00000,0x0000004463000000) (1024K)]
  0x000001adce3d9660 JavaThread "Finalizer"                  daemon [_thread_blocked, id=15396, stack(0x0000004463000000,0x0000004463100000) (1024K)]
  0x000001adce3db6a0 JavaThread "Signal Dispatcher"          daemon [_thread_blocked, id=11520, stack(0x0000004463100000,0x0000004463200000) (1024K)]
  0x000001adce3de100 JavaThread "Attach Listener"            daemon [_thread_blocked, id=16828, stack(0x0000004463200000,0x0000004463300000) (1024K)]
  0x000001adce3e6b60 JavaThread "Service Thread"             daemon [_thread_blocked, id=1236, stack(0x0000004463300000,0x0000004463400000) (1024K)]
  0x000001adce3ebeb0 JavaThread "Monitor Deflation Thread"   daemon [_thread_blocked, id=8104, stack(0x0000004463400000,0x0000004463500000) (1024K)]
=>0x000001adce3f11f0 JavaThread "C2 CompilerThread0"         daemon [_thread_in_native, id=14372, stack(0x0000004463500000,0x0000004463600000) (1024K)]
  0x000001adce3f64f0 JavaThread "C1 CompilerThread0"         daemon [_thread_blocked, id=1192, stack(0x0000004463600000,0x0000004463700000) (1024K)]
  0x000001adce3eab00 JavaThread "Notification Thread"        daemon [_thread_blocked, id=15596, stack(0x0000004463700000,0x0000004463800000) (1024K)]
  0x000001adce3ed8f0 JavaThread "Common-Cleaner"             daemon [_thread_blocked, id=6152, stack(0x0000004463800000,0x0000004463900000) (1024K)]
  0x000001adce3edf80 JavaThread "Thread-0"                          [_thread_blocked, id=5864, stack(0x0000004463c00000,0x0000004463d00000) (1024K)]
  0x000001adce3eb820 JavaThread "restartedMain"                     [_thread_in_vm, id=4556, stack(0x0000004463d00000,0x0000004463e00000) (1024K)]
  0x000001adce3ec540 JavaThread "Keep-Alive-Timer"           daemon [_thread_blocked, id=13444, stack(0x0000004463f00000,0x0000004464000000) (1024K)]
Total: 14

Other Threads:
  0x000001adce3b8b40 VMThread "VM Thread"                           [id=15240, stack(0x0000004462e00000,0x0000004462f00000) (1024K)]
  0x000001adce3a9490 WatcherThread "VM Periodic Task Thread"        [id=624, stack(0x0000004462d00000,0x0000004462e00000) (1024K)]
  0x000001adb6e09b70 WorkerThread "GC Thread#0"                     [id=3248, stack(0x0000004462800000,0x0000004462900000) (1024K)]
  0x000001ae144f0760 WorkerThread "GC Thread#1"                     [id=8384, stack(0x0000004463900000,0x0000004463a00000) (1024K)]
  0x000001ae1444a470 WorkerThread "GC Thread#2"                     [id=5616, stack(0x0000004463a00000,0x0000004463b00000) (1024K)]
  0x000001ae1451a0a0 WorkerThread "GC Thread#3"                     [id=10428, stack(0x0000004463b00000,0x0000004463c00000) (1024K)]
  0x000001adb6e1a8d0 ConcurrentGCThread "G1 Main Marker"            [id=12080, stack(0x0000004462900000,0x0000004462a00000) (1024K)]
  0x000001adb6e1b3d0 WorkerThread "G1 Conc#0"                       [id=15560, stack(0x0000004462a00000,0x0000004462b00000) (1024K)]
  0x000001adce2644f0 ConcurrentGCThread "G1 Refine#0"               [id=10380, stack(0x0000004462b00000,0x0000004462c00000) (1024K)]
  0x000001adce264e70 ConcurrentGCThread "G1 Service"                [id=9444, stack(0x0000004462c00000,0x0000004462d00000) (1024K)]
Total: 10

Threads with active compile tasks:
C2 CompilerThread0  27278 4635       4       org.springframework.beans.factory.support.AbstractBeanFactory::isTypeMatch (745 bytes)
Total: 1

VM state: not at safepoint (normal execution)

VM Mutex/Monitor currently owned by a thread:  ([mutex/lock_event])
[0x00007ffe6d4cc308] Metaspace_lock - owner thread: 0x000001adce3eb820

Heap address: 0x0000000081400000, size: 2028 MB, Compressed Oops mode: 32-bit

CDS archive(s) mapped at: [0x000001adcf000000-0x000001adcfc80000-0x000001adcfc80000), size 13107200, SharedBaseAddress: 0x000001adcf000000, ArchiveRelocationMode: 1.
Compressed class space mapped at: 0x000001add0000000-0x000001ae10000000, reserved size: 1073741824
Narrow klass base: 0x000001adcf000000, Narrow klass shift: 0, Narrow klass range: 0x100000000

GC Precious Log:
 CardTable entry size: 512
 Card Set container configuration: InlinePtr #cards 5 size 8 Array Of Cards #cards 12 size 40 Howl #buckets 4 coarsen threshold 1843 Howl Bitmap #cards 512 size 80 coarsen threshold 460 Card regions per heap region 1 cards per card region 2048
 CPUs: 4 total, 4 available
 Memory: 8108M
 Large Page Support: Disabled
 NUMA Support: Disabled
 Compressed Oops: Enabled (32-bit)
 Heap Region Size: 1M
 Heap Min Capacity: 8M
 Heap Initial Capacity: 128M
 Heap Max Capacity: 2028M
 Pre-touch: Disabled
 Parallel Workers: 4
 Concurrent Workers: 1
 Concurrent Refinement Workers: 4
 Periodic GC: Disabled

Heap:
 garbage-first heap   total 61440K, used 34567K [0x0000000081400000, 0x0000000100000000)
  region size 1024K, 14 young (14336K), 4 survivors (4096K)
 Metaspace       used 31219K, committed 31680K, reserved 1114112K
  class space    used 3920K, committed 4160K, reserved 1048576K

Heap Regions: E=young(eden), S=young(survivor), O=old, HS=humongous(starts), HC=humongous(continues), CS=collection set, F=free, TAMS=top-at-mark-start, PB=parsable bottom
|   0|0x0000000081400000, 0x0000000081500000, 0x0000000081500000|100%|HS|  |TAMS 0x0000000081400000| PB 0x0000000081400000| Complete 
|   1|0x0000000081500000, 0x0000000081600000, 0x0000000081600000|100%| O|  |TAMS 0x0000000081500000| PB 0x0000000081500000| Untracked 
|   2|0x0000000081600000, 0x0000000081700000, 0x0000000081700000|100%| O|  |TAMS 0x0000000081600000| PB 0x0000000081600000| Untracked 
|   3|0x0000000081700000, 0x0000000081800000, 0x0000000081800000|100%| O|  |TAMS 0x0000000081700000| PB 0x0000000081700000| Untracked 
|   4|0x0000000081800000, 0x0000000081900000, 0x0000000081900000|100%| O|  |TAMS 0x0000000081800000| PB 0x0000000081800000| Untracked 
|   5|0x0000000081900000, 0x0000000081a00000, 0x0000000081a00000|100%| O|  |TAMS 0x0000000081900000| PB 0x0000000081900000| Untracked 
|   6|0x0000000081a00000, 0x0000000081b00000, 0x0000000081b00000|100%| O|  |TAMS 0x0000000081a00000| PB 0x0000000081a00000| Untracked 
|   7|0x0000000081b00000, 0x0000000081c00000, 0x0000000081c00000|100%| O|  |TAMS 0x0000000081b00000| PB 0x0000000081b00000| Untracked 
|   8|0x0000000081c00000, 0x0000000081d00000, 0x0000000081d00000|100%| O|  |TAMS 0x0000000081c00000| PB 0x0000000081c00000| Untracked 
|   9|0x0000000081d00000, 0x0000000081e00000, 0x0000000081e00000|100%| O|  |TAMS 0x0000000081d00000| PB 0x0000000081d00000| Untracked 
|  10|0x0000000081e00000, 0x0000000081f00000, 0x0000000081f00000|100%| O|  |TAMS 0x0000000081e00000| PB 0x0000000081e00000| Untracked 
|  11|0x0000000081f00000, 0x0000000082000000, 0x0000000082000000|100%| O|  |TAMS 0x0000000081f00000| PB 0x0000000081f00000| Untracked 
|  12|0x0000000082000000, 0x0000000082100000, 0x0000000082100000|100%| O|  |TAMS 0x0000000082000000| PB 0x0000000082000000| Untracked 
|  13|0x0000000082100000, 0x00000000821ef6a8, 0x0000000082200000| 93%| O|  |TAMS 0x0000000082100000| PB 0x0000000082100000| Untracked 
|  14|0x0000000082200000, 0x0000000082300000, 0x0000000082300000|100%| O|  |TAMS 0x0000000082200000| PB 0x0000000082200000| Untracked 
|  15|0x0000000082300000, 0x00000000823d2900, 0x0000000082400000| 82%| O|  |TAMS 0x0000000082300000| PB 0x0000000082300000| Untracked 
|  16|0x0000000082400000, 0x0000000082400000, 0x0000000082500000|  0%| F|  |TAMS 0x0000000082400000| PB 0x0000000082400000| Untracked 
|  17|0x0000000082500000, 0x0000000082500000, 0x0000000082600000|  0%| F|  |TAMS 0x0000000082500000| PB 0x0000000082500000| Untracked 
|  18|0x0000000082600000, 0x0000000082600000, 0x0000000082700000|  0%| F|  |TAMS 0x0000000082600000| PB 0x0000000082600000| Untracked 
|  19|0x0000000082700000, 0x0000000082800000, 0x0000000082800000|100%| O|  |TAMS 0x0000000082700000| PB 0x0000000082700000| Untracked 
|  20|0x0000000082800000, 0x0000000082800000, 0x0000000082900000|  0%| F|  |TAMS 0x0000000082800000| PB 0x0000000082800000| Untracked 
|  21|0x0000000082900000, 0x0000000082900000, 0x0000000082a00000|  0%| F|  |TAMS 0x0000000082900000| PB 0x0000000082900000| Untracked 
|  22|0x0000000082a00000, 0x0000000082a00000, 0x0000000082b00000|  0%| F|  |TAMS 0x0000000082a00000| PB 0x0000000082a00000| Untracked 
|  23|0x0000000082b00000, 0x0000000082b00000, 0x0000000082c00000|  0%| F|  |TAMS 0x0000000082b00000| PB 0x0000000082b00000| Untracked 
|  24|0x0000000082c00000, 0x0000000082d00000, 0x0000000082d00000|100%| S|CS|TAMS 0x0000000082c00000| PB 0x0000000082c00000| Complete 
|  25|0x0000000082d00000, 0x0000000082e00000, 0x0000000082e00000|100%| S|CS|TAMS 0x0000000082d00000| PB 0x0000000082d00000| Complete 
|  26|0x0000000082e00000, 0x0000000082f00000, 0x0000000082f00000|100%| S|CS|TAMS 0x0000000082e00000| PB 0x0000000082e00000| Complete 
|  27|0x0000000082f00000, 0x0000000082f00000, 0x0000000083000000|  0%| F|  |TAMS 0x0000000082f00000| PB 0x0000000082f00000| Untracked 
|  28|0x0000000083000000, 0x0000000083000000, 0x0000000083100000|  0%| F|  |TAMS 0x0000000083000000| PB 0x0000000083000000| Untracked 
|  29|0x0000000083100000, 0x0000000083200000, 0x0000000083200000|100%| S|CS|TAMS 0x0000000083100000| PB 0x0000000083100000| Complete 
|  30|0x0000000083200000, 0x0000000083200000, 0x0000000083300000|  0%| F|  |TAMS 0x0000000083200000| PB 0x0000000083200000| Untracked 
|  31|0x0000000083300000, 0x0000000083300000, 0x0000000083400000|  0%| F|  |TAMS 0x0000000083300000| PB 0x0000000083300000| Untracked 
|  32|0x0000000083400000, 0x0000000083400000, 0x0000000083500000|  0%| F|  |TAMS 0x0000000083400000| PB 0x0000000083400000| Untracked 
|  33|0x0000000083500000, 0x0000000083500000, 0x0000000083600000|  0%| F|  |TAMS 0x0000000083500000| PB 0x0000000083500000| Untracked 
|  34|0x0000000083600000, 0x0000000083600000, 0x0000000083700000|  0%| F|  |TAMS 0x0000000083600000| PB 0x0000000083600000| Untracked 
|  35|0x0000000083700000, 0x0000000083700000, 0x0000000083800000|  0%| F|  |TAMS 0x0000000083700000| PB 0x0000000083700000| Untracked 
|  36|0x0000000083800000, 0x0000000083800000, 0x0000000083900000|  0%| F|  |TAMS 0x0000000083800000| PB 0x0000000083800000| Untracked 
|  37|0x0000000083900000, 0x0000000083900000, 0x0000000083a00000|  0%| F|  |TAMS 0x0000000083900000| PB 0x0000000083900000| Untracked 
|  38|0x0000000083a00000, 0x0000000083a00000, 0x0000000083b00000|  0%| F|  |TAMS 0x0000000083a00000| PB 0x0000000083a00000| Untracked 
|  39|0x0000000083b00000, 0x0000000083b00000, 0x0000000083c00000|  0%| F|  |TAMS 0x0000000083b00000| PB 0x0000000083b00000| Untracked 
|  40|0x0000000083c00000, 0x0000000083c00000, 0x0000000083d00000|  0%| F|  |TAMS 0x0000000083c00000| PB 0x0000000083c00000| Untracked 
|  41|0x0000000083d00000, 0x0000000083d00000, 0x0000000083e00000|  0%| F|  |TAMS 0x0000000083d00000| PB 0x0000000083d00000| Untracked 
|  42|0x0000000083e00000, 0x0000000083e00000, 0x0000000083f00000|  0%| F|  |TAMS 0x0000000083e00000| PB 0x0000000083e00000| Untracked 
|  43|0x0000000083f00000, 0x0000000083f00000, 0x0000000084000000|  0%| F|  |TAMS 0x0000000083f00000| PB 0x0000000083f00000| Untracked 
|  44|0x0000000084000000, 0x0000000084000000, 0x0000000084100000|  0%| F|  |TAMS 0x0000000084000000| PB 0x0000000084000000| Untracked 
|  45|0x0000000084100000, 0x0000000084100000, 0x0000000084200000|  0%| F|  |TAMS 0x0000000084100000| PB 0x0000000084100000| Untracked 
|  46|0x0000000084200000, 0x0000000084271200, 0x0000000084300000| 44%| E|  |TAMS 0x0000000084200000| PB 0x0000000084200000| Complete 
|  47|0x0000000084300000, 0x0000000084400000, 0x0000000084400000|100%| E|CS|TAMS 0x0000000084300000| PB 0x0000000084300000| Complete 
|  48|0x0000000084400000, 0x0000000084500000, 0x0000000084500000|100%| E|CS|TAMS 0x0000000084400000| PB 0x0000000084400000| Complete 
| 105|0x0000000087d00000, 0x0000000087e00000, 0x0000000087e00000|100%| E|CS|TAMS 0x0000000087d00000| PB 0x0000000087d00000| Complete 
| 106|0x0000000087e00000, 0x0000000087f00000, 0x0000000087f00000|100%| E|CS|TAMS 0x0000000087e00000| PB 0x0000000087e00000| Complete 
| 107|0x0000000087f00000, 0x0000000088000000, 0x0000000088000000|100%| E|CS|TAMS 0x0000000087f00000| PB 0x0000000087f00000| Complete 
| 108|0x0000000088000000, 0x0000000088100000, 0x0000000088100000|100%| E|CS|TAMS 0x0000000088000000| PB 0x0000000088000000| Complete 
| 109|0x0000000088100000, 0x0000000088200000, 0x0000000088200000|100%| E|CS|TAMS 0x0000000088100000| PB 0x0000000088100000| Complete 
| 110|0x0000000088200000, 0x0000000088300000, 0x0000000088300000|100%| E|CS|TAMS 0x0000000088200000| PB 0x0000000088200000| Complete 
| 127|0x0000000089300000, 0x0000000089400000, 0x0000000089400000|100%| E|CS|TAMS 0x0000000089300000| PB 0x0000000089300000| Complete 
|2024|0x00000000ffc00000, 0x00000000ffd00000, 0x00000000ffd00000|100%| O|  |TAMS 0x00000000ffc00000| PB 0x00000000ffc00000| Untracked 
|2025|0x00000000ffd00000, 0x00000000ffe00000, 0x00000000ffe00000|100%| O|  |TAMS 0x00000000ffd00000| PB 0x00000000ffd00000| Untracked 
|2026|0x00000000ffe00000, 0x00000000fff00000, 0x00000000fff00000|100%| O|  |TAMS 0x00000000ffe00000| PB 0x00000000ffe00000| Untracked 
|2027|0x00000000fff00000, 0x0000000100000000, 0x0000000100000000|100%| O|  |TAMS 0x00000000fff00000| PB 0x00000000fff00000| Untracked 

Card table byte_map: [0x000001adc9b50000,0x000001adc9f50000] _byte_map_base: 0x000001adc9746000

Marking Bits: (CMBitMap*) 0x000001adb6e0a270
 Bits: [0x000001adc9f50000, 0x000001adcbf00000)

Polling page: 0x000001adb6570000

Metaspace:

Usage:
  Non-class:     26.66 MB used.
      Class:      3.83 MB used.
       Both:     30.49 MB used.

Virtual space:
  Non-class space:       64.00 MB reserved,      26.88 MB ( 42%) committed,  1 nodes.
      Class space:        1.00 GB reserved,       4.06 MB ( <1%) committed,  1 nodes.
             Both:        1.06 GB reserved,      30.94 MB (  3%) committed. 

Chunk freelists:
   Non-Class:  4.67 MB
       Class:  11.92 MB
        Both:  16.59 MB

MaxMetaspaceSize: unlimited
CompressedClassSpaceSize: 1.00 GB
Initial GC threshold: 21.00 MB
Current GC threshold: 35.12 MB
CDS: on
 - commit_granule_bytes: 65536.
 - commit_granule_words: 8192.
 - virtual_space_node_default_size: 8388608.
 - enlarge_chunks_in_place: 1.
 - use_allocation_guard: 0.


Internal statistics:

num_allocs_failed_limit: 3.
num_arena_births: 500.
num_arena_deaths: 0.
num_vsnodes_births: 2.
num_vsnodes_deaths: 0.
num_space_committed: 495.
num_space_uncommitted: 0.
num_chunks_returned_to_freelist: 3.
num_chunks_taken_from_freelist: 1591.
num_chunk_merges: 0.
num_chunk_splits: 1064.
num_chunks_enlarged: 773.
num_inconsistent_stats: 0.

CodeHeap 'non-profiled nmethods': size=120000Kb used=2366Kb max_used=2366Kb free=117633Kb
 bounds [0x000001adc2220000, 0x000001adc2490000, 0x000001adc9750000]
CodeHeap 'profiled nmethods': size=120000Kb used=9720Kb max_used=9720Kb free=110279Kb
 bounds [0x000001adba750000, 0x000001adbb0d0000, 0x000001adc1c80000]
CodeHeap 'non-nmethods': size=5760Kb used=1500Kb max_used=1572Kb free=4259Kb
 bounds [0x000001adc1c80000, 0x000001adc1ef0000, 0x000001adc2220000]
 total_blobs=5239 nmethods=4665 adapters=478
 compilation: enabled
              stopped_count=0, restarted_count=0
 full_count=0

Compilation events (20 events):
Event: 26.810 Thread 0x000001adce3f64f0 4674       3       org.springframework.beans.factory.support.AbstractBeanDefinition::resolveBeanClass (24 bytes)
Event: 26.811 Thread 0x000001adce3f64f0 nmethod 4674 0x000001adbb0c8890 code [0x000001adbb0c8aa0, 0x000001adbb0c91a0]
Event: 26.812 Thread 0x000001adce3f64f0 4675       3       org.springframework.beans.BeanMetadataAttributeAccessor::getAttribute (22 bytes)
Event: 26.812 Thread 0x000001adce3f64f0 nmethod 4675 0x000001adbb0c9310 code [0x000001adbb0c9500, 0x000001adbb0c9a20]
Event: 26.812 Thread 0x000001adce3f64f0 4676       3       org.springframework.core.AttributeAccessorSupport::getAttribute (17 bytes)
Event: 26.813 Thread 0x000001adce3f64f0 nmethod 4676 0x000001adbb0c9c10 code [0x000001adbb0c9de0, 0x000001adbb0ca120]
Event: 26.813 Thread 0x000001adce3f64f0 4677       1       org.springframework.context.annotation.ConfigurationClassBeanDefinitionReader$ConfigurationClassBeanDefinition::getFactoryMethodMetadata (5 bytes)
Event: 26.813 Thread 0x000001adce3f64f0 nmethod 4677 0x000001adc246f510 code [0x000001adc246f6a0, 0x000001adc246f770]
Event: 26.813 Thread 0x000001adce3f64f0 4678       1       org.springframework.beans.factory.annotation.AnnotatedGenericBeanDefinition::getFactoryMethodMetadata (5 bytes)
Event: 26.813 Thread 0x000001adce3f64f0 nmethod 4678 0x000001adc246f810 code [0x000001adc246f9a0, 0x000001adc246fa68]
Event: 26.813 Thread 0x000001adce3f64f0 4679       3       org.springframework.core.type.classreading.SimpleAnnotationMetadata::getAnnotatedMethods (67 bytes)
Event: 26.814 Thread 0x000001adce3f64f0 nmethod 4679 0x000001adbb0ca290 code [0x000001adbb0ca520, 0x000001adbb0cb1d8]
Event: 26.814 Thread 0x000001adce3f64f0 4680   !   3       org.springframework.context.annotation.ConfigurationClassUtils::hasBeanMethods (49 bytes)
Event: 26.815 Thread 0x000001adce3f64f0 nmethod 4680 0x000001adbb0cb590 code [0x000001adbb0cb800, 0x000001adbb0cc020]
Event: 26.894 Thread 0x000001adce3f64f0 4681       3       java.lang.invoke.LambdaMetafactory::metafactory (71 bytes)
Event: 26.896 Thread 0x000001adce3f64f0 nmethod 4681 0x000001adbb0cc390 code [0x000001adbb0cc620, 0x000001adbb0cd118]
Event: 26.989 Thread 0x000001adce3f64f0 4682       3       java.lang.invoke.DirectMethodHandle::rebind (5 bytes)
Event: 26.990 Thread 0x000001adce3f64f0 nmethod 4682 0x000001adbb0cd610 code [0x000001adbb0cd7c0, 0x000001adbb0cd8f8]
Event: 26.990 Thread 0x000001adce3f64f0 4683       3       java.lang.invoke.BoundMethodHandle::makeReinvoker (27 bytes)
Event: 26.990 Thread 0x000001adce3f64f0 nmethod 4683 0x000001adbb0cd990 code [0x000001adbb0cdb60, 0x000001adbb0cde48]

GC Heap History (18 events):
Event: 3.424 GC heap before
{Heap before GC invocations=0 (full 0):
 garbage-first heap   total 131072K, used 14336K [0x0000000081400000, 0x0000000100000000)
  region size 1024K, 13 young (13312K), 0 survivors (0K)
 Metaspace       used 2098K, committed 2304K, reserved 1114112K
  class space    used 195K, committed 320K, reserved 1048576K
}
Event: 3.564 GC heap after
{Heap after GC invocations=1 (full 0):
 garbage-first heap   total 131072K, used 7082K [0x0000000081400000, 0x0000000100000000)
  region size 1024K, 2 young (2048K), 2 survivors (2048K)
 Metaspace       used 2098K, committed 2304K, reserved 1114112K
  class space    used 195K, committed 320K, reserved 1048576K
}
Event: 4.178 GC heap before
{Heap before GC invocations=1 (full 0):
 garbage-first heap   total 131072K, used 21418K [0x0000000081400000, 0x0000000100000000)
  region size 1024K, 12 young (12288K), 2 survivors (2048K)
 Metaspace       used 2806K, committed 2944K, reserved 1114112K
  class space    used 277K, committed 320K, reserved 1048576K
}
Event: 4.188 GC heap after
{Heap after GC invocations=2 (full 0):
 garbage-first heap   total 131072K, used 14429K [0x0000000081400000, 0x0000000100000000)
  region size 1024K, 2 young (2048K), 2 survivors (2048K)
 Metaspace       used 2806K, committed 2944K, reserved 1114112K
  class space    used 277K, committed 320K, reserved 1048576K
}
Event: 10.690 GC heap before
{Heap before GC invocations=2 (full 0):
 garbage-first heap   total 131072K, used 37981K [0x0000000081400000, 0x0000000100000000)
  region size 1024K, 25 young (25600K), 2 survivors (2048K)
 Metaspace       used 7255K, committed 7424K, reserved 1114112K
  class space    used 813K, committed 896K, reserved 1048576K
}
Event: 10.698 GC heap after
{Heap after GC invocations=3 (full 0):
 garbage-first heap   total 131072K, used 13351K [0x0000000081400000, 0x0000000100000000)
  region size 1024K, 3 young (3072K), 3 survivors (3072K)
 Metaspace       used 7255K, committed 7424K, reserved 1114112K
  class space    used 813K, committed 896K, reserved 1048576K
}
Event: 14.965 GC heap before
{Heap before GC invocations=3 (full 0):
 garbage-first heap   total 131072K, used 48167K [0x0000000081400000, 0x0000000100000000)
  region size 1024K, 38 young (38912K), 3 survivors (3072K)
 Metaspace       used 17428K, committed 17856K, reserved 1114112K
  class space    used 2040K, committed 2240K, reserved 1048576K
}
Event: 14.977 GC heap after
{Heap after GC invocations=4 (full 0):
 garbage-first heap   total 131072K, used 16317K [0x0000000081400000, 0x0000000100000000)
  region size 1024K, 5 young (5120K), 5 survivors (5120K)
 Metaspace       used 17428K, committed 17856K, reserved 1114112K
  class space    used 2040K, committed 2240K, reserved 1048576K
}
Event: 16.230 GC heap before
{Heap before GC invocations=4 (full 0):
 garbage-first heap   total 131072K, used 31677K [0x0000000081400000, 0x0000000100000000)
  region size 1024K, 22 young (22528K), 5 survivors (5120K)
 Metaspace       used 21132K, committed 21504K, reserved 1114112K
  class space    used 2571K, committed 2752K, reserved 1048576K
}
Event: 16.240 GC heap after
{Heap after GC invocations=5 (full 0):
 garbage-first heap   total 131072K, used 17341K [0x0000000081400000, 0x0000000100000000)
  region size 1024K, 6 young (6144K), 6 survivors (6144K)
 Metaspace       used 21132K, committed 21504K, reserved 1114112K
  class space    used 2571K, committed 2752K, reserved 1048576K
}
Event: 17.437 GC heap before
{Heap before GC invocations=6 (full 0):
 garbage-first heap   total 55296K, used 50109K [0x0000000081400000, 0x0000000100000000)
  region size 1024K, 32 young (32768K), 6 survivors (6144K)
 Metaspace       used 23093K, committed 23488K, reserved 1114112K
  class space    used 2890K, committed 3072K, reserved 1048576K
}
Event: 17.453 GC heap after
{Heap after GC invocations=7 (full 0):
 garbage-first heap   total 61440K, used 19532K [0x0000000081400000, 0x0000000100000000)
  region size 1024K, 4 young (4096K), 4 survivors (4096K)
 Metaspace       used 23093K, committed 23488K, reserved 1114112K
  class space    used 2890K, committed 3072K, reserved 1048576K
}
Event: 20.855 GC heap before
{Heap before GC invocations=7 (full 0):
 garbage-first heap   total 61440K, used 46156K [0x0000000081400000, 0x0000000100000000)
  region size 1024K, 31 young (31744K), 4 survivors (4096K)
 Metaspace       used 25960K, committed 26368K, reserved 1114112K
  class space    used 3210K, committed 3392K, reserved 1048576K
}
Event: 20.867 GC heap after
{Heap after GC invocations=8 (full 0):
 garbage-first heap   total 61440K, used 22097K [0x0000000081400000, 0x0000000100000000)
  region size 1024K, 3 young (3072K), 3 survivors (3072K)
 Metaspace       used 25960K, committed 26368K, reserved 1114112K
  class space    used 3210K, committed 3392K, reserved 1048576K
}
Event: 23.909 GC heap before
{Heap before GC invocations=8 (full 0):
 garbage-first heap   total 61440K, used 49745K [0x0000000081400000, 0x0000000100000000)
  region size 1024K, 30 young (30720K), 3 survivors (3072K)
 Metaspace       used 27404K, committed 27840K, reserved 1114112K
  class space    used 3389K, committed 3584K, reserved 1048576K
}
Event: 23.916 GC heap after
{Heap after GC invocations=9 (full 0):
 garbage-first heap   total 61440K, used 23587K [0x0000000081400000, 0x0000000100000000)
  region size 1024K, 3 young (3072K), 3 survivors (3072K)
 Metaspace       used 27404K, committed 27840K, reserved 1114112K
  class space    used 3389K, committed 3584K, reserved 1048576K
}
Event: 26.022 GC heap before
{Heap before GC invocations=9 (full 0):
 garbage-first heap   total 61440K, used 50211K [0x0000000081400000, 0x0000000100000000)
  region size 1024K, 29 young (29696K), 3 survivors (3072K)
 Metaspace       used 30065K, committed 30464K, reserved 1114112K
  class space    used 3770K, committed 3968K, reserved 1048576K
}
Event: 26.031 GC heap after
{Heap after GC invocations=10 (full 0):
 garbage-first heap   total 61440K, used 25351K [0x0000000081400000, 0x0000000100000000)
  region size 1024K, 4 young (4096K), 4 survivors (4096K)
 Metaspace       used 30065K, committed 30464K, reserved 1114112K
  class space    used 3770K, committed 3968K, reserved 1048576K
}

Dll operation events (10 events):
Event: 0.016 Loaded shared library C:\Users\Shree\.p2\pool\plugins\org.eclipse.justj.openjdk.hotspot.jre.full.win32.x86_64_21.0.7.v20250502-0916\jre\bin\java.dll
Event: 0.083 Loaded shared library C:\Users\Shree\.p2\pool\plugins\org.eclipse.justj.openjdk.hotspot.jre.full.win32.x86_64_21.0.7.v20250502-0916\jre\bin\zip.dll
Event: 0.901 Loaded shared library C:\Users\Shree\.p2\pool\plugins\org.eclipse.justj.openjdk.hotspot.jre.full.win32.x86_64_21.0.7.v20250502-0916\jre\bin\net.dll
Event: 0.906 Loaded shared library C:\Users\Shree\.p2\pool\plugins\org.eclipse.justj.openjdk.hotspot.jre.full.win32.x86_64_21.0.7.v20250502-0916\jre\bin\nio.dll
Event: 0.955 Loaded shared library C:\Users\Shree\.p2\pool\plugins\org.eclipse.justj.openjdk.hotspot.jre.full.win32.x86_64_21.0.7.v20250502-0916\jre\bin\zip.dll
Event: 2.585 Loaded shared library C:\Users\Shree\.p2\pool\plugins\org.eclipse.justj.openjdk.hotspot.jre.full.win32.x86_64_21.0.7.v20250502-0916\jre\bin\jimage.dll
Event: 9.767 Loaded shared library C:\Users\Shree\.p2\pool\plugins\org.eclipse.justj.openjdk.hotspot.jre.full.win32.x86_64_21.0.7.v20250502-0916\jre\bin\management.dll
Event: 10.282 Loaded shared library C:\Users\Shree\.p2\pool\plugins\org.eclipse.justj.openjdk.hotspot.jre.full.win32.x86_64_21.0.7.v20250502-0916\jre\bin\management_ext.dll
Event: 12.707 Loaded shared library C:\Users\Shree\.p2\pool\plugins\org.eclipse.justj.openjdk.hotspot.jre.full.win32.x86_64_21.0.7.v20250502-0916\jre\bin\extnet.dll
Event: 16.723 Loaded shared library C:\Users\Shree\.p2\pool\plugins\org.eclipse.justj.openjdk.hotspot.jre.full.win32.x86_64_21.0.7.v20250502-0916\jre\bin\verify.dll

Deoptimization events (20 events):
Event: 25.393 Thread 0x000001adce3eb820 Uncommon trap: trap_request=0xffffff45 fr.pc=0x000001adc243607c relative=0x0000000000002d3c
Event: 25.393 Thread 0x000001adce3eb820 Uncommon trap: reason=unstable_if action=reinterpret pc=0x000001adc243607c method=org.springframework.beans.factory.support.AbstractBeanFactory.isTypeMatch(Ljava/lang/String;Lorg/springframework/core/ResolvableType;Z)Z @ 230 c2
Event: 25.393 Thread 0x000001adce3eb820 DEOPT PACKING pc=0x000001adc243607c sp=0x0000004463dfdd70
Event: 25.393 Thread 0x000001adce3eb820 DEOPT UNPACKING pc=0x000001adc1cd46a2 sp=0x0000004463dfdd38 mode 2
Event: 25.924 Thread 0x000001adce3eb820 Uncommon trap: trap_request=0xffffff45 fr.pc=0x000001adc244cb78 relative=0x0000000000001058
Event: 25.924 Thread 0x000001adce3eb820 Uncommon trap: reason=unstable_if action=reinterpret pc=0x000001adc244cb78 method=org.springframework.core.annotation.TypeMappedAnnotation.getValue(IZZ)Ljava/lang/Object; @ 60 c2
Event: 25.924 Thread 0x000001adce3eb820 DEOPT PACKING pc=0x000001adc244cb78 sp=0x0000004463dfdca0
Event: 25.924 Thread 0x000001adce3eb820 DEOPT UNPACKING pc=0x000001adc1cd46a2 sp=0x0000004463dfdc88 mode 2
Event: 26.089 Thread 0x000001adce3eb820 Uncommon trap: trap_request=0xfffffff4 fr.pc=0x000001adc2462e44 relative=0x0000000000000124
Event: 26.089 Thread 0x000001adce3eb820 Uncommon trap: reason=null_check action=make_not_entrant pc=0x000001adc2462e44 method=java.lang.Class.isAnnotation()Z @ 1 c2
Event: 26.089 Thread 0x000001adce3eb820 DEOPT PACKING pc=0x000001adc2462e44 sp=0x0000004463dfd760
Event: 26.089 Thread 0x000001adce3eb820 DEOPT UNPACKING pc=0x000001adc1cd46a2 sp=0x0000004463dfd680 mode 2
Event: 26.122 Thread 0x000001adce3eb820 Uncommon trap: trap_request=0xffffff45 fr.pc=0x000001adc24522e4 relative=0x00000000000029e4
Event: 26.122 Thread 0x000001adce3eb820 Uncommon trap: reason=unstable_if action=reinterpret pc=0x000001adc24522e4 method=org.springframework.beans.factory.support.AbstractBeanFactory.isTypeMatch(Ljava/lang/String;Lorg/springframework/core/ResolvableType;Z)Z @ 488 c2
Event: 26.122 Thread 0x000001adce3eb820 DEOPT PACKING pc=0x000001adc24522e4 sp=0x0000004463dfdd70
Event: 26.122 Thread 0x000001adce3eb820 DEOPT UNPACKING pc=0x000001adc1cd46a2 sp=0x0000004463dfdd38 mode 2
Event: 26.723 Thread 0x000001adce3eb820 Uncommon trap: trap_request=0xffffff45 fr.pc=0x000001adc241afac relative=0x000000000000056c
Event: 26.723 Thread 0x000001adce3eb820 Uncommon trap: reason=unstable_if action=reinterpret pc=0x000001adc241afac method=org.springframework.beans.factory.support.AbstractBeanFactory.getMergedLocalBeanDefinition(Ljava/lang/String;)Lorg/springframework/beans/factory/support/RootBeanDefinition; 
Event: 26.723 Thread 0x000001adce3eb820 DEOPT PACKING pc=0x000001adc241afac sp=0x0000004463dfe610
Event: 26.723 Thread 0x000001adce3eb820 DEOPT UNPACKING pc=0x000001adc1cd46a2 sp=0x0000004463dfe5b8 mode 2

Classes loaded (20 events):
Event: 19.612 Loading class java/util/stream/Streams$2
Event: 19.612 Loading class java/util/stream/Streams$2 done
Event: 19.722 Loading class javax/naming/ldap/LdapContext
Event: 19.722 Loading class javax/naming/directory/DirContext
Event: 19.722 Loading class javax/naming/Context
Event: 19.722 Loading class javax/naming/Context done
Event: 19.722 Loading class javax/naming/directory/DirContext done
Event: 19.722 Loading class javax/naming/ldap/LdapContext done
Event: 24.679 Loading class java/security/KeyStoreException
Event: 24.679 Loading class java/security/KeyStoreException done
Event: 24.679 Loading class java/security/cert/CertificateException
Event: 24.679 Loading class java/security/cert/CertificateException done
Event: 25.503 Loading class java/util/concurrent/ScheduledThreadPoolExecutor
Event: 25.504 Loading class java/util/concurrent/ScheduledThreadPoolExecutor done
Event: 25.714 Loading class java/lang/foreign/MemorySegment
Event: 25.714 Loading class java/lang/foreign/MemorySegment done
Event: 25.907 Loading class java/io/FileFilter
Event: 25.908 Loading class java/io/FileFilter done
Event: 26.911 Loading class java/lang/ClassFormatError
Event: 26.911 Loading class java/lang/ClassFormatError done

Classes unloaded (0 events):
No events

Classes redefined (0 events):
No events

Internal exceptions (20 events):
Event: 12.300 Thread 0x000001adce3eb820 Exception <a 'java/lang/NoSuchMethodError'{0x00000000874f0b40}: 'long java.lang.invoke.DirectMethodHandle$Holder.invokeInterface(java.lang.Object, java.lang.Object)'> (0x00000000874f0b40) 
thrown [s\src\hotspot\share\interpreter\linkResolver.cpp, line 773]
Event: 12.301 Thread 0x000001adce3eb820 Exception <a 'java/lang/IncompatibleClassChangeError'{0x00000000874f40c0}: Found class java.lang.Object, but interface was expected> (0x00000000874f40c0) 
thrown [s\src\hotspot\share\interpreter\linkResolver.cpp, line 840]
Event: 12.308 Thread 0x000001adce3eb820 Exception <a 'java/lang/NoSuchMethodError'{0x00000000873101b0}: 'java.lang.Object java.lang.invoke.DirectMethodHandle$Holder.invokeVirtual(java.lang.Object, java.lang.Object, java.lang.Object, java.lang.Object)'> (0x00000000873101b0) 
thrown [s\src\hotspot\share\interpreter\linkResolver.cpp, line 773]
Event: 12.339 Thread 0x000001adce3eb820 Exception <a 'java/lang/NoSuchMethodError'{0x0000000087366e90}: 'void java.lang.invoke.DirectMethodHandle$Holder.invokeVirtual(java.lang.Object, java.lang.Object, java.lang.Object, java.lang.Object)'> (0x0000000087366e90) 
thrown [s\src\hotspot\share\interpreter\linkResolver.cpp, line 773]
Event: 12.394 Thread 0x000001adce3eb820 Exception <a 'java/lang/NoSuchMethodError'{0x00000000873ea860}: 'void java.lang.invoke.DirectMethodHandle$Holder.invokeSpecial(java.lang.Object, java.lang.Object, java.lang.Object, java.lang.Object, java.lang.Object, java.lang.Object)'> (0x00000000873ea860) 
thrown [s\src\hotspot\share\interpreter\linkResolver.cpp, line 773]
Event: 14.982 Thread 0x000001adce3eb820 Exception <a 'java/lang/NoSuchMethodError'{0x000000008930a510}: 'java.lang.Object java.lang.invoke.DirectMethodHandle$Holder.newInvokeSpecial(java.lang.Object, java.lang.Object, java.lang.Object, java.lang.Object, java.lang.Object, java.lang.Object)'> (0x000000008930a510) 
thrown [s\src\hotspot\share\interpreter\linkResolver.cpp, line 773]
Event: 14.987 Thread 0x000001adce3eb820 Exception <a 'java/lang/NoSuchMethodError'{0x0000000089377758}: 'void java.lang.invoke.Invokers$Holder.invokeExact_MT(java.lang.Object, java.lang.Object, java.lang.Object, java.lang.Object)'> (0x0000000089377758) 
thrown [s\src\hotspot\share\interpreter\linkResolver.cpp, line 773]
Event: 15.030 Thread 0x000001adce3eb820 Exception <a 'java/lang/NoSuchMethodError'{0x00000000892841a0}: 'void java.lang.invoke.DirectMethodHandle$Holder.invokeInterface(java.lang.Object, java.lang.Object, java.lang.Object)'> (0x00000000892841a0) 
thrown [s\src\hotspot\share\interpreter\linkResolver.cpp, line 773]
Event: 15.218 Thread 0x000001adce3eb820 Exception <a 'java/lang/NoSuchMethodError'{0x00000000890bb960}: 'void java.lang.invoke.DirectMethodHandle$Holder.invokeStaticInit(java.lang.Object, java.lang.Object, java.lang.Object)'> (0x00000000890bb960) 
thrown [s\src\hotspot\share\interpreter\linkResolver.cpp, line 773]
Event: 15.226 Thread 0x000001adce3eb820 Exception <a 'java/lang/NoSuchMethodError'{0x00000000890f2f28}: 'java.lang.Object java.lang.invoke.DirectMethodHandle$Holder.invokeStaticInit(java.lang.Object, int)'> (0x00000000890f2f28) 
thrown [s\src\hotspot\share\interpreter\linkResolver.cpp, line 773]
Event: 15.228 Thread 0x000001adce3eb820 Exception <a 'java/lang/NoSuchMethodError'{0x00000000890fd3c8}: 'java.lang.Object java.lang.invoke.DirectMethodHandle$Holder.invokeStatic(java.lang.Object, int, java.lang.Object)'> (0x00000000890fd3c8) 
thrown [s\src\hotspot\share\interpreter\linkResolver.cpp, line 773]
Event: 15.229 Thread 0x000001adce3eb820 Exception <a 'java/lang/NoSuchMethodError'{0x0000000088f00c98}: 'java.lang.Object java.lang.invoke.DirectMethodHandle$Holder.invokeStaticInit(java.lang.Object, int, java.lang.Object)'> (0x0000000088f00c98) 
thrown [s\src\hotspot\share\interpreter\linkResolver.cpp, line 773]
Event: 15.235 Thread 0x000001adce3eb820 Exception <a 'java/lang/NoSuchMethodError'{0x0000000088f1a440}: 'java.lang.Object java.lang.invoke.DirectMethodHandle$Holder.invokeVirtual(java.lang.Object, java.lang.Object, java.lang.Object)'> (0x0000000088f1a440) 
thrown [s\src\hotspot\share\interpreter\linkResolver.cpp, line 773]
Event: 15.648 Thread 0x000001adce3eb820 Exception <a 'java/lang/IncompatibleClassChangeError'{0x0000000088c25598}: Found class java.lang.Object, but interface was expected> (0x0000000088c25598) 
thrown [s\src\hotspot\share\interpreter\linkResolver.cpp, line 840]
Event: 17.140 Thread 0x000001adce3ed260 Exception <a 'java/lang/NoClassDefFoundError'{0x00000000835b0580}: org/apache/tomcat/util/http/Rfc6265CookieProcessor> (0x00000000835b0580) 
thrown [s\src\hotspot\share\classfile\systemDictionary.cpp, line 301]
Event: 17.726 Thread 0x000001adce3eb820 Implicit null exception at 0x000001adc2345049 to 0x000001adc2345107
Event: 17.863 Thread 0x000001adce3eb820 Exception <a 'java/lang/NoSuchMethodError'{0x0000000084083b80}: 'int java.lang.invoke.DirectMethodHandle$Holder.invokeSpecial(java.lang.Object, java.lang.Object, java.lang.Object, java.lang.Object, java.lang.Object)'> (0x0000000084083b80) 
thrown [s\src\hotspot\share\interpreter\linkResolver.cpp, line 773]
Event: 20.284 Thread 0x000001adce3eb820 Exception <a 'java/lang/NoClassDefFoundError'{0x0000000083663170}: jakarta/servlet/Filter> (0x0000000083663170) 
thrown [s\src\hotspot\share\classfile\systemDictionary.cpp, line 301]
Event: 20.342 Thread 0x000001adce3eb820 Exception <a 'java/lang/IncompatibleClassChangeError'{0x0000000083507ad0}: Found class java.lang.Object, but interface was expected> (0x0000000083507ad0) 
thrown [s\src\hotspot\share\interpreter\linkResolver.cpp, line 840]
Event: 26.089 Thread 0x000001adce3eb820 Implicit null exception at 0x000001adc2462d80 to 0x000001adc2462e34

ZGC Phase Switch (0 events):
No events

VM Operations (20 events):
Event: 21.878 Executing VM operation: Cleanup
Event: 21.894 Executing VM operation: Cleanup done
Event: 22.438 Executing VM operation: HandshakeAllThreads (Deoptimize)
Event: 22.439 Executing VM operation: HandshakeAllThreads (Deoptimize) done
Event: 22.856 Executing VM operation: HandshakeAllThreads (Deoptimize)
Event: 22.856 Executing VM operation: HandshakeAllThreads (Deoptimize) done
Event: 23.344 Executing VM operation: HandshakeAllThreads (Deoptimize)
Event: 23.344 Executing VM operation: HandshakeAllThreads (Deoptimize) done
Event: 23.344 Executing VM operation: Cleanup
Event: 23.344 Executing VM operation: Cleanup done
Event: 23.909 Executing VM operation: G1CollectForAllocation (G1 Evacuation Pause)
Event: 23.916 Executing VM operation: G1CollectForAllocation (G1 Evacuation Pause) done
Event: 24.925 Executing VM operation: Cleanup
Event: 24.926 Executing VM operation: Cleanup done
Event: 25.933 Executing VM operation: Cleanup
Event: 25.933 Executing VM operation: Cleanup done
Event: 26.022 Executing VM operation: G1CollectForAllocation (G1 Evacuation Pause)
Event: 26.031 Executing VM operation: G1CollectForAllocation (G1 Evacuation Pause) done
Event: 26.919 Executing VM operation: HandshakeAllThreads (Deoptimize)
Event: 26.919 Executing VM operation: HandshakeAllThreads (Deoptimize) done

Memory protections (0 events):
No events

Nmethod flushes (0 events):
No events

Events (20 events):
Event: 0.051 Thread 0x000001adb4be23b0 Thread added: 0x000001adb4be23b0
Event: 0.086 Thread 0x000001adb4be23b0 Thread added: 0x000001adce3d7740
Event: 0.086 Thread 0x000001adb4be23b0 Thread added: 0x000001adce3d9660
Event: 0.087 Thread 0x000001adb4be23b0 Thread added: 0x000001adce3db6a0
Event: 0.087 Thread 0x000001adb4be23b0 Thread added: 0x000001adce3de100
Event: 0.087 Thread 0x000001adb4be23b0 Thread added: 0x000001adce3e6b60
Event: 0.087 Thread 0x000001adb4be23b0 Thread added: 0x000001adce3ebeb0
Event: 0.088 Thread 0x000001adb4be23b0 Thread added: 0x000001adce3f11f0
Event: 0.090 Thread 0x000001adb4be23b0 Thread added: 0x000001adce3f64f0
Event: 0.823 Thread 0x000001adb4be23b0 Thread added: 0x000001adce3eab00
Event: 0.830 Thread 0x000001adb4be23b0 Thread added: 0x000001adce3ed8f0
Event: 10.413 Thread 0x000001adb4be23b0 Thread added: 0x000001adce3edf80
Event: 10.425 Thread 0x000001adce3edf80 Thread added: 0x000001adce3eb820
Event: 14.994 Thread 0x000001adce3eb820 Thread added: 0x000001adce3ec540
Event: 15.166 Thread 0x000001adce3eb820 Thread added: 0x000001adce3eb190
Event: 15.174 Thread 0x000001adce3eb190 Thread exited: 0x000001adce3eb190
Event: 15.635 Thread 0x000001adce3eb820 Thread added: 0x000001adce3ed260
Event: 17.141 Thread 0x000001adce3ed260 Thread exited: 0x000001adce3ed260
Event: 19.676 Thread 0x000001adce3eb820 Thread added: 0x000001adce3ed260
Event: 20.117 Thread 0x000001adce3ed260 Thread exited: 0x000001adce3ed260


Dynamic libraries:
0x00007ff6d93b0000 - 0x00007ff6d93be000 	C:\Users\Shree\.p2\pool\plugins\org.eclipse.justj.openjdk.hotspot.jre.full.win32.x86_64_21.0.7.v20250502-0916\jre\bin\javaw.exe
0x00007ffed6e70000 - 0x00007ffed7068000 	C:\WINDOWS\SYSTEM32\ntdll.dll
0x00007ffed6a20000 - 0x00007ffed6ae2000 	C:\WINDOWS\System32\KERNEL32.DLL
0x00007ffed49d0000 - 0x00007ffed4cc6000 	C:\WINDOWS\System32\KERNELBASE.dll
0x00007ffed4d60000 - 0x00007ffed4e60000 	C:\WINDOWS\System32\ucrtbase.dll
0x00007ffebbd40000 - 0x00007ffebbd58000 	C:\Users\Shree\.p2\pool\plugins\org.eclipse.justj.openjdk.hotspot.jre.full.win32.x86_64_21.0.7.v20250502-0916\jre\bin\jli.dll
0x00007ffed5570000 - 0x00007ffed5711000 	C:\WINDOWS\System32\USER32.dll
0x00007ffed4500000 - 0x00007ffed4522000 	C:\WINDOWS\System32\win32u.dll
0x00007ffed6c10000 - 0x00007ffed6c3b000 	C:\WINDOWS\System32\GDI32.dll
0x00007ffed47b0000 - 0x00007ffed48c9000 	C:\WINDOWS\System32\gdi32full.dll
0x00007ffed4530000 - 0x00007ffed45cd000 	C:\WINDOWS\System32\msvcp_win.dll
0x00007ffeb3ed0000 - 0x00007ffeb3eee000 	C:\Users\Shree\.p2\pool\plugins\org.eclipse.justj.openjdk.hotspot.jre.full.win32.x86_64_21.0.7.v20250502-0916\jre\bin\VCRUNTIME140.dll
0x00007ffec2100000 - 0x00007ffec239b000 	C:\WINDOWS\WinSxS\amd64_microsoft.windows.common-controls_6595b64144ccf1df_6.0.19041.6456_none_60b8a6cb71f64256\COMCTL32.dll
0x00007ffed6b50000 - 0x00007ffed6bee000 	C:\WINDOWS\System32\msvcrt.dll
0x00007ffed6940000 - 0x00007ffed696f000 	C:\WINDOWS\System32\IMM32.DLL
0x00007ffebaff0000 - 0x00007ffebaffc000 	C:\Users\Shree\.p2\pool\plugins\org.eclipse.justj.openjdk.hotspot.jre.full.win32.x86_64_21.0.7.v20250502-0916\jre\bin\vcruntime140_1.dll
0x00007ffea81a0000 - 0x00007ffea822d000 	C:\Users\Shree\.p2\pool\plugins\org.eclipse.justj.openjdk.hotspot.jre.full.win32.x86_64_21.0.7.v20250502-0916\jre\bin\msvcp140.dll
0x00007ffe6c820000 - 0x00007ffe6d5b0000 	C:\Users\Shree\.p2\pool\plugins\org.eclipse.justj.openjdk.hotspot.jre.full.win32.x86_64_21.0.7.v20250502-0916\jre\bin\server\jvm.dll
0x00007ffed5720000 - 0x00007ffed57d1000 	C:\WINDOWS\System32\ADVAPI32.dll
0x00007ffed5320000 - 0x00007ffed53bf000 	C:\WINDOWS\System32\sechost.dll
0x00007ffed6450000 - 0x00007ffed6570000 	C:\WINDOWS\System32\RPCRT4.dll
0x00007ffed4e60000 - 0x00007ffed4e87000 	C:\WINDOWS\System32\bcrypt.dll
0x00007ffed6c40000 - 0x00007ffed6cab000 	C:\WINDOWS\System32\WS2_32.dll
0x00007ffed42b0000 - 0x00007ffed42fb000 	C:\WINDOWS\SYSTEM32\POWRPROF.dll
0x00007ffec23f0000 - 0x00007ffec2417000 	C:\WINDOWS\SYSTEM32\WINMM.dll
0x00007ffec6d20000 - 0x00007ffec6d2a000 	C:\WINDOWS\SYSTEM32\VERSION.dll
0x00007ffed4290000 - 0x00007ffed42a2000 	C:\WINDOWS\SYSTEM32\UMPDC.dll
0x00007ffed2d10000 - 0x00007ffed2d22000 	C:\WINDOWS\SYSTEM32\kernel.appcore.dll
0x00007ffecde40000 - 0x00007ffecde4a000 	C:\Users\Shree\.p2\pool\plugins\org.eclipse.justj.openjdk.hotspot.jre.full.win32.x86_64_21.0.7.v20250502-0916\jre\bin\jimage.dll
0x00007ffed2200000 - 0x00007ffed2401000 	C:\WINDOWS\SYSTEM32\DBGHELP.DLL
0x00007ffec23a0000 - 0x00007ffec23d4000 	C:\WINDOWS\SYSTEM32\dbgcore.DLL
0x00007ffed4cd0000 - 0x00007ffed4d52000 	C:\WINDOWS\System32\bcryptPrimitives.dll
0x00007ffebbdb0000 - 0x00007ffebbdcf000 	C:\Users\Shree\.p2\pool\plugins\org.eclipse.justj.openjdk.hotspot.jre.full.win32.x86_64_21.0.7.v20250502-0916\jre\bin\java.dll
0x00007ffed5c50000 - 0x00007ffed63c0000 	C:\WINDOWS\System32\SHELL32.dll
0x00007ffed2410000 - 0x00007ffed2bb5000 	C:\WINDOWS\SYSTEM32\windows.storage.dll
0x00007ffed4fb0000 - 0x00007ffed5304000 	C:\WINDOWS\System32\combase.dll
0x00007ffed3ec0000 - 0x00007ffed3eeb000 	C:\WINDOWS\SYSTEM32\Wldp.dll
0x00007ffed54a0000 - 0x00007ffed556d000 	C:\WINDOWS\System32\OLEAUT32.dll
0x00007ffed4f00000 - 0x00007ffed4fad000 	C:\WINDOWS\System32\SHCORE.dll
0x00007ffed6cb0000 - 0x00007ffed6d0b000 	C:\WINDOWS\System32\shlwapi.dll
0x00007ffed4430000 - 0x00007ffed4454000 	C:\WINDOWS\SYSTEM32\profapi.dll
0x00007ffeb4df0000 - 0x00007ffeb4e08000 	C:\Users\Shree\.p2\pool\plugins\org.eclipse.justj.openjdk.hotspot.jre.full.win32.x86_64_21.0.7.v20250502-0916\jre\bin\zip.dll
0x00007ffebbee0000 - 0x00007ffebbef0000 	C:\Users\Shree\.p2\pool\plugins\org.eclipse.justj.openjdk.hotspot.jre.full.win32.x86_64_21.0.7.v20250502-0916\jre\bin\net.dll
0x00007ffec6f60000 - 0x00007ffec706a000 	C:\WINDOWS\SYSTEM32\WINHTTP.dll
0x00007ffed3bb0000 - 0x00007ffed3c1a000 	C:\WINDOWS\system32\mswsock.dll
0x00007ffeb4dd0000 - 0x00007ffeb4de6000 	C:\Users\Shree\.p2\pool\plugins\org.eclipse.justj.openjdk.hotspot.jre.full.win32.x86_64_21.0.7.v20250502-0916\jre\bin\nio.dll
0x00007ffec40c0000 - 0x00007ffec40ca000 	C:\Users\Shree\.p2\pool\plugins\org.eclipse.justj.openjdk.hotspot.jre.full.win32.x86_64_21.0.7.v20250502-0916\jre\bin\management.dll
0x00007ffeba4f0000 - 0x00007ffeba4fb000 	C:\Users\Shree\.p2\pool\plugins\org.eclipse.justj.openjdk.hotspot.jre.full.win32.x86_64_21.0.7.v20250502-0916\jre\bin\management_ext.dll
0x00007ffed4e90000 - 0x00007ffed4e98000 	C:\WINDOWS\System32\PSAPI.DLL
0x00007ffed38d0000 - 0x00007ffed399a000 	C:\WINDOWS\SYSTEM32\DNSAPI.dll
0x00007ffed3890000 - 0x00007ffed38cb000 	C:\WINDOWS\SYSTEM32\IPHLPAPI.DLL
0x00007ffed5310000 - 0x00007ffed5318000 	C:\WINDOWS\System32\NSI.dll
0x00007ffec60b0000 - 0x00007ffec60ba000 	C:\Windows\System32\rasadhlp.dll
0x00007ffec6130000 - 0x00007ffec61b0000 	C:\WINDOWS\System32\fwpuclnt.dll
0x00007ffeba2d0000 - 0x00007ffeba2d9000 	C:\Users\Shree\.p2\pool\plugins\org.eclipse.justj.openjdk.hotspot.jre.full.win32.x86_64_21.0.7.v20250502-0916\jre\bin\extnet.dll
0x00007ffebbcf0000 - 0x00007ffebbd00000 	C:\Users\Shree\.p2\pool\plugins\org.eclipse.justj.openjdk.hotspot.jre.full.win32.x86_64_21.0.7.v20250502-0916\jre\bin\verify.dll

dbghelp: loaded successfully - version: 4.0.5 - missing functions: none
symbol engine: initialized successfully - sym options: 0x614 - pdb path: .;C:\Users\Shree\.p2\pool\plugins\org.eclipse.justj.openjdk.hotspot.jre.full.win32.x86_64_21.0.7.v20250502-0916\jre\bin;C:\WINDOWS\SYSTEM32;C:\WINDOWS\WinSxS\amd64_microsoft.windows.common-controls_6595b64144ccf1df_6.0.19041.6456_none_60b8a6cb71f64256;C:\Users\Shree\.p2\pool\plugins\org.eclipse.justj.openjdk.hotspot.jre.full.win32.x86_64_21.0.7.v20250502-0916\jre\bin\server

VM Arguments:
jvm_args: -Dfile.encoding=UTF-8 -Dstdout.encoding=UTF-8 -Dstderr.encoding=UTF-8 -XX:+ShowCodeDetailsInExceptionMessages 
java_command: com.ecommerce.apigateway.ApiGatewayApplication
java_class_path (initial): G:\Ecommerce-Backend\SpringBootProj01\ecommerc_microservices\API-Gateway\target\classes;C:\Users\Shree\.m2\repository\org\springframework\boot\spring-boot-starter-actuator\3.5.6\spring-boot-starter-actuator-3.5.6.jar;C:\Users\Shree\.m2\repository\org\springframework\boot\spring-boot-starter\3.5.6\spring-boot-starter-3.5.6.jar;C:\Users\Shree\.m2\repository\org\springframework\boot\spring-boot-starter-logging\3.5.6\spring-boot-starter-logging-3.5.6.jar;C:\Users\Shree\.m2\repository\ch\qos\logback\logback-classic\1.5.18\logback-classic-1.5.18.jar;C:\Users\Shree\.m2\repository\ch\qos\logback\logback-core\1.5.18\logback-core-1.5.18.jar;C:\Users\Shree\.m2\repository\org\apache\logging\log4j\log4j-to-slf4j\2.24.3\log4j-to-slf4j-2.24.3.jar;C:\Users\Shree\.m2\repository\org\apache\logging\log4j\log4j-api\2.24.3\log4j-api-2.24.3.jar;C:\Users\Shree\.m2\repository\org\slf4j\jul-to-slf4j\2.0.17\jul-to-slf4j-2.0.17.jar;C:\Users\Shree\.m2\repository\jakarta\annotation\jakarta.annotation-api\2.1.1\jakarta.annotation-api-2.1.1.jar;C:\Users\Shree\.m2\repository\org\yaml\snakeyaml\2.4\snakeyaml-2.4.jar;C:\Users\Shree\.m2\repository\org\springframework\boot\spring-boot-actuator-autoconfigure\3.5.6\spring-boot-actuator-autoconfigure-3.5.6.jar;C:\Users\Shree\.m2\repository\org\springframework\boot\spring-boot-actuator\3.5.6\spring-boot-actuator-3.5.6.jar;C:\Users\Shree\.m2\repository\com\fasterxml\jackson\datatype\jackson-datatype-jsr310\2.19.2\jackson-datatype-jsr310-2.19.2.jar;C:\Users\Shree\.m2\repository\io\micrometer\micrometer-observation\1.15.4\micrometer-observation-1.15.4.jar;C:\Users\Shree\.m2\repository\io\micrometer\micrometer-commons\1.15.4\micrometer-commons-1.15.4.jar;C:\Users\Shree\.m2\repository\io\micrometer\micrometer-jakarta9\1.15.4\micrometer-jakarta9-1.15.4.jar;C:\Users\Shree\.m2\repository\io\micrometer\micrometer-core\1.15.4\micrometer-core-1.15.4.jar;C:\Users\Shree\.m2\repository\org\hdrhistogram\HdrHistogram\2.2.2\HdrHistogram-2.2.2.jar;C:\Users\Shree\.m2\repository\org\latencyutils\LatencyUtils\2.0.3\LatencyUtils-2.0.3.jar;C:\Users\Shree\.m2\repository\org\springframework\boot\spring-boot-starter-webflux\3.5.6\spring-boot-starter-webflux-3.5.6.jar;C:\Users\Shree\.m2\repository\org\springframework\boot\spring-boot-starter-json\3.5.6\spring-boot-starter-json-3.5.6.jar;C:\Users\Shree\.m2\repository\com\fasterxml\jackson\datatype\jackson-datatype-jdk8\2.19.2\jackson-datatype-jdk8-2.19.2.jar;C:\Users\Shree\.m2\repository\com\fasterxml\jackson\module\jackson-module-parameter-names\2.19.2\jackson-module-parameter-names-2.19.2.jar;C:\Users\Shree\.m2\repository\org\springframework\boot\spring-boot-starter-reactor-netty\3.5.6\spring-boot-starter-reactor-netty-3.5.6.jar;C:\Users\Shree\.m2\repository\io\projectreactor\netty\reactor-netty-http\1.2.10\reactor-netty-http-1.2.10.jar;C:\Users\Shree\.m2\repository\io\netty\netty-codec-http\4.1.127.Final\netty-codec-http-4.1.127.Final.jar;C:\Users\Shree\.m2\repository\io\netty\netty-common\4.1.127.Final\netty-common-4.1.127.Final.jar;C:\Users\Shree\.m2\repository\io\netty\netty-buffer\4.1.127.Final\netty-buffer-4.1.127.Final.jar;C:\Users\Shree\.m2\repository\io\netty\netty-transport\4.1.127.Final\netty-transport-4.1.127.Final.jar;C:\Users\Shree\.m2\repository\io\netty\netty-codec\4.1.127.Final\netty-codec-4.1.127.Final.jar;C:\Users\Shree\.m2\repository\io\netty\netty-handler\4.1.127.Final\netty-handler-4.1.127.Final.jar;C:\Users\Shree\.m2\repository\io\netty\netty-codec-http2\4.1.127.Final\netty-codec-http2-4.1.127.Final.jar;C:\Users\Shree\.m2\repository\io\netty\netty-resolver-dns\4.1.127.Final\netty-resolver-dns-4.1.127.Final.jar;C:\Users\Shree\.m2\repository\io\netty\netty-resolver\4.1.127.Final\netty-resolver-4.1.127.Final.jar;C:\Users\Shree\.m2\repository\io\netty\netty-codec-dns\4.1.127.Final\netty-codec-dns-4.1.127.Final.jar;C:\Users\Shree\.m2\repository\io\netty\netty-resolver-dns-native-macos\4.1.127.Final\netty-resolver-dns-native-macos-4.1.127.Final-osx-x86_64.jar;C:\Users\Shree\.m2\repository\io\netty\netty-resolver-dns-classes-macos\4.1.127.Final\netty-resolver-dns-classes-macos-4.1.127.Final.jar;C:\Users\Shree\.m2\repository\io\netty\netty-transport-native-epoll\4.1.127.Final\netty-transport-native-epoll-4.1.127.Final-linux-x86_64.jar;C:\Users\Shree\.m2\repository\io\netty\netty-transport-native-unix-common\4.1.127.Final\netty-transport-native-unix-common-4.1.127.Final.jar;C:\Users\Shree\.m2\repository\io\netty\netty-transport-classes-epoll\4.1.127.Final\netty-transport-classes-epoll-4.1.127.Final.jar;C:\Users\Shree\.m2\repository\io\projectreactor\netty\reactor-netty-core\1.2.10\reactor-netty-core-1.2.10.jar;C:\Users\Shree\.m2\repository\io\netty\netty-handler-proxy\4.1.127.Final\netty-handler-proxy-4.1.127.Final.jar;C:\Users\Shree\.m2\repository\io\netty\netty-codec-socks\4.1.127.Final\netty-codec-socks-4.1.127.Final.jar;C:\Users\Shree\.m2\repository\org\springframework\spring-web\6.2.11\spring-web-6.2.11.jar;C:\Users\Shree\.m2\repository\org\springframework\spring-beans\6.2.11\spring-beans-6.2.11.jar;C:\Users\Shree\.m2\repository\org\springframework\spring-webflux\6.2.11\spring-webflux-6.2.11.jar;C:\Users\Shree\.m2\repository\io\projectreactor\reactor-core\3.7.11\reactor-core-3.7.11.jar;C:\Users\Shree\.m2\repository\org\reactivestreams\reactive-streams\1.0.4\reactive-streams-1.0.4.jar;C:\Users\Shree\.m2\repository\org\springframework\boot\spring-boot-starter-security\3.5.6\spring-boot-starter-security-3.5.6.jar;C:\Users\Shree\.m2\repository\org\springframework\spring-aop\6.2.11\spring-aop-6.2.11.jar;C:\Users\Shree\.m2\repository\org\springframework\security\spring-security-config\6.5.5\spring-security-config-6.5.5.jar;C:\Users\Shree\.m2\repository\org\springframework\security\spring-security-core\6.5.5\spring-security-core-6.5.5.jar;C:\Users\Shree\.m2\repository\org\springframework\security\spring-security-crypto\6.5.5\spring-security-crypto-6.5.5.jar;C:\Users\Shree\.m2\repository\org\springframework\spring-context\6.2.11\spring-context-6.2.11.jar;C:\Users\Shree\.m2\repository\org\springframework\security\spring-security-web\6.5.5\spring-security-web-6.5.5.jar;C:\Users\Shree\.m2\repository\org\springframework\spring-expression\6.2.11\spring-expression-6.2.11.jar;C:\Users\Shree\.m2\repository\org\springframework\cloud\spring-cloud-starter-gateway\4.3.0\spring-cloud-starter-gateway-4.3.0.jar;C:\Users\Shree\.m2\repository\org\springframework\cloud\spring-cloud-starter\4.3.0\spring-cloud-starter-4.3.0.jar;C:\Users\Shree\.m2\repository\org\springframework\cloud\spring-cloud-context\4.3.0\spring-cloud-context-4.3.0.jar;C:\Users\Shree\.m2\repository\org\springframework\cloud\spring-cloud-commons\4.3.0\spring-cloud-commons-4.3.0.jar;C:\Users\Shree\.m2\repository\org\bouncycastle\bcprov-jdk18on\1.80\bcprov-jdk18on-1.80.jar;C:\Users\Shree\.m2\repository\org\springframework\cloud\spring-cloud-gateway-server\4.3.0\spring-cloud-gateway-server-4.3.0.jar;C:\Users\Shree\.m2\repository\org\springframework\boot\spring-boot-starter-validation\3.5.6\spring-boot-starter-validation-3.5.6.jar;C:\Users\Shree\.m2\repository\org\apache\tomcat\embed\tomcat-embed-el\10.1.46\tomcat-embed-el-10.1.46.jar;C:\Users\Shree\.m2\repository\org\hibernate\validator\hibernate-validator\8.0.3.Final\hibernate-validator-8.0.3.Final.jar;C:\Users\Shree\.m2\repository\jakarta\validation\jakarta.validation-api\3.0.2\jakarta.validation-api-3.0.2.jar;C:\Users\Shree\.m2\repository\org\jboss\logging\jboss-logging\3.6.1.Final\jboss-logging-3.6.1.Final.jar;C:\Users\Shree\.m2\repository\com\fasterxml\classmate\1.7.0\classmate-1.7.0.jar;C:\Users\Shree\.m2\repository\io\projectreactor\addons\reactor-extra\3.5.3\reactor-extra-3.5.3.jar;C:\Users\Shree\.m2\repository\org\springframework\boot\spring-boot-properties-migrator\3.5.6\spring-boot-properties-migrator-3.5.6.jar;C:\Users\Shree\.m2\repository\org\springframework\boot\spring-boot-configuration-metadata\3.5.6\spring-boot-configuration-metadata-3.5.6.jar;C:\Users\Shree\.m2\repository\org\springframework\cloud\spring-cloud-starter-config\4.3.0\spring-cloud-starter-config-4.3.0.jar;C:\Users\Shree\.m2\repository\org\springframework\cloud\spring-cloud-config-client\4.3.0\spring-cloud-config-client-4.3.0.jar;C:\Users\Shree\.m2\repository\com\fasterxml\jackson\core\jackson-annotations\2.19.2\jackson-annotations-2.19.2.jar;C:\Users\Shree\.m2\repository\org\apache\httpcomponents\client5\httpclient5\5.5\httpclient5-5.5.jar;C:\Users\Shree\.m2\repository\org\apache\httpcomponents\core5\httpcore5\5.3.5\httpcore5-5.3.5.jar;C:\Users\Shree\.m2\repository\org\apache\httpcomponents\core5\httpcore5-h2\5.3.5\httpcore5-h2-5.3.5.jar;C:\Users\Shree\.m2\repository\com\fasterxml\jackson\core\jackson-databind\2.19.2\jackson-databind-2.19.2.jar;C:\Users\Shree\.m2\repository\com\fasterxml\jackson\core\jackson-core\2.19.2\jackson-core-2.19.2.jar;C:\Users\Shree\.m2\repository\org\springframework\cloud\spring-cloud-starter-netflix-eureka-client\4.3.0\spring-cloud-starter-netflix-eureka-client-4.3.0.jar;C:\Users\Shree\.m2\repository\org\springframework\cloud\spring-cloud-netflix-eureka-client\4.3.0\spring-cloud-netflix-eureka-client-4.3.0.jar;C:\Users\Shree\.m2\repository\com\netflix\eureka\eureka-client\2.0.4\eureka-client-2.0.4.jar;C:\Users\Shree\.m2\repository\com\thoughtworks\xstream\xstream\1.4.20\xstream-1.4.20.jar;C:\Users\Shree\.m2\repository\io\github\x-stream\mxparser\1.2.2\mxparser-1.2.2.jar;C:\Users\Shree\.m2\repository\xmlpull\xmlpull\1.1.3.1\xmlpull-1.1.3.1.jar;C:\Users\Shree\.m2\repository\jakarta\ws\rs\jakarta.ws.rs-api\3.1.0\jakarta.ws.rs-api-3.1.0.jar;C:\Users\Shree\.m2\repository\jakarta\inject\jakarta.inject-api\2.0.1\jakarta.inject-api-2.0.1.jar;C:\Users\Shree\.m2\repository\com\netflix\spectator\spectator-api\1.7.3\spectator-api-1.7.3.jar;C:\Users\Shree\.m2\repository\org\slf4j\slf4j-api\2.0.17\slf4j-api-2.0.17.jar;C:\Users\Shree\.m2\repository\org\apache\httpcomponents\httpclient\4.5.3\httpclient-4.5.3.jar;C:\Users\Shree\.m2\repository\org\apache\httpcomponents\httpcore\4.4.16\httpcore-4.4.16.jar;C:\Users\Shree\.m2\repository\commons-codec\commons-codec\1.18.0\commons-codec-1.18.0.jar;C:\Users\Shree\.m2\repository\commons-configuration\commons-configuration\1.10\commons-configuration-1.10.jar;C:\Users\Shree\.m2\repository\commons-lang\commons-lang\2.6\commons-lang-2.6.jar;C:\Users\Shree\.m2\repository\com\netflix\netflix-commons\netflix-eventbus\0.3.0\netflix-eventbus-0.3.0.jar;C:\Users\Shree\.m2\repository\com\netflix\netflix-commons\netflix-infix\0.3.0\netflix-infix-0.3.0.jar;C:\Users\Shree\.m2\repository\commons-jxpath\commons-jxpath\1.3\commons-jxpath-1.3.jar;C:\Users\Shree\.m2\repository\joda-time\joda-time\2.3\joda-time-2.3.jar;C:\Users\Shree\.m2\repository\org\antlr\antlr-runtime\3.4\antlr-runtime-3.4.jar;C:\Users\Shree\.m2\repository\org\antlr\stringtemplate\3.2.1\stringtemplate-3.2.1.jar;C:\Users\Shree\.m2\repository\antlr\antlr\2.7.7\antlr-2.7.7.jar;C:\Users\Shree\.m2\repository\com\google\guava\guava\14.0.1\guava-14.0.1.jar;C:\Users\Shree\.m2\repository\com\google\code\gson\gson\2.13.2\gson-2.13.2.jar;C:\Users\Shree\.m2\repository\com\google\errorprone\error_prone_annotations\2.41.0\error_prone_annotations-2.41.0.jar;C:\Users\Shree\.m2\repository\com\netflix\servo\servo-core\0.5.3\servo-core-0.5.3.jar;C:\Users\Shree\.m2\repository\org\apache\commons\commons-math\2.2\commons-math-2.2.jar;C:\Users\Shree\.m2\repository\javax\annotation\javax.annotation-api\1.2\javax.annotation-api-1.2.jar;C:\Users\Shree\.m2\repository\org\codehaus\jettison\jettison\1.5.4\jettison-1.5.4.jar;C:\Users\Shree\.m2\repository\org\springframework\cloud\spring-cloud-starter-loadbalancer\4.3.0\spring-cloud-starter-loadbalancer-4.3.0.jar;C:\Users\Shree\.m2\repository\org\springframework\cloud\spring-cloud-loadbalancer\4.3.0\spring-cloud-loadbalancer-4.3.0.jar;C:\Users\Shree\.m2\repository\org\springframework\boot\spring-boot-starter-cache\3.5.6\spring-boot-starter-cache-3.5.6.jar;C:\Users\Shree\.m2\repository\org\springframework\spring-context-support\6.2.11\spring-context-support-6.2.11.jar;C:\Users\Shree\.m2\repository\com\stoyanr\evictor\1.0.0\evictor-1.0.0.jar;C:\Users\Shree\.m2\repository\io\jsonwebtoken\jjwt-api\0.11.5\jjwt-api-0.11.5.jar;C:\Users\Shree\.m2\repository\io\jsonwebtoken\jjwt-impl\0.11.5\jjwt-impl-0.11.5.jar;C:\Users\Shree\.m2\repository\io\jsonwebtoken\jjwt-jackson\0.11.5\jjwt-jackson-0.11.5.jar;C:\Users\Shree\.m2\repository\com\mysql\mysql-connector-j\9.4.0\mysql-connector-j-9.4.0.jar;C:\Users\Shree\.m2\repository\org\projectlombok\lombok\1.18.40\lombok-1.18.40.jar;C:\Users\Shree\.m2\repository\com\vaadin\external\google\android-json\0.0.20131108.vaadin1\android-json-0.0.20131108.vaadin1.jar;C:\Users\Shree\.m2\repository\org\springframework\spring-core\6.2.11\spring-core-6.2.11.jar;C:\Users\Shree\.m2\repository\org\springframework\spring-jcl\6.2.11\spring-jcl-6.2.11.jar;C:\Users\Shree\.m2\repository\org\springframework\boot\spring-boot-devtools\3.5.6\spring-boot-devtools-3.5.6.jar;C:\Users\Shree\.m2\repository\org\springframework\boot\spring-boot\3.5.6\spring-boot-3.5.6.jar;C:\Users\Shree\.m2\repository\org\springframework\boot\spring-boot-autoconfigure\3.5.6\spring-boot-autoconfigure-3.5.6.jar
Launcher Type: SUN_STANDARD

[Global flags]
     intx CICompilerCount                          = 3                                         {product} {ergonomic}
     uint ConcGCThreads                            = 1                                         {product} {ergonomic}
     uint G1ConcRefinementThreads                  = 4                                         {product} {ergonomic}
   size_t G1HeapRegionSize                         = 1048576                                   {product} {ergonomic}
    uintx GCDrainStackTargetSize                   = 64                                        {product} {ergonomic}
   size_t InitialHeapSize                          = 134217728                                 {product} {ergonomic}
   size_t MarkStackSize                            = 4194304                                   {product} {ergonomic}
   size_t MaxHeapSize                              = 2126512128                                {product} {ergonomic}
   size_t MaxNewSize                               = 1275068416                                {product} {ergonomic}
   size_t MinHeapDeltaBytes                        = 1048576                                   {product} {ergonomic}
   size_t MinHeapSize                              = 8388608                                   {product} {ergonomic}
    uintx NonNMethodCodeHeapSize                   = 5832780                                {pd product} {ergonomic}
    uintx NonProfiledCodeHeapSize                  = 122912730                              {pd product} {ergonomic}
    uintx ProfiledCodeHeapSize                     = 122912730                              {pd product} {ergonomic}
    uintx ReservedCodeCacheSize                    = 251658240                              {pd product} {ergonomic}
     bool SegmentedCodeCache                       = true                                      {product} {ergonomic}
     bool ShowCodeDetailsInExceptionMessages       = true                                   {manageable} {command line}
   size_t SoftMaxHeapSize                          = 2126512128                             {manageable} {ergonomic}
     bool UseCompressedOops                        = true                           {product lp64_product} {ergonomic}
     bool UseG1GC                                  = true                                      {product} {ergonomic}
     bool UseLargePagesIndividualAllocation        = false                                  {pd product} {ergonomic}

Logging:
Log output configuration:
 #0: stdout all=warning uptime,level,tags foldmultilines=false
 #1: stderr all=off uptime,level,tags foldmultilines=false

Environment Variables:
JAVA_HOME=C:\Program Files\Java\jdk-17
PATH=C:/Users/Shree/.p2/pool/plugins/org.eclipse.justj.openjdk.hotspot.jre.full.win32.x86_64_21.0.7.v20250502-0916/jre/bin/server;C:/Users/Shree/.p2/pool/plugins/org.eclipse.justj.openjdk.hotspot.jre.full.win32.x86_64_21.0.7.v20250502-0916/jre/bin;H:\oracle\product\10.2.0\db_3\bin;C:\Program Files (x86)\Intel\iCLS Client\;C:\Program Files\Intel\iCLS Client\;C:\WINDOWS\system32;C:\WINDOWS;C:\WINDOWS\System32\Wbem;C:\WINDOWS\System32\WindowsPowerShell\v1.0\;C:\Windows\IsmFiles;C:\Program Files (x86)\Intel\Intel(R) Management Engine Components\DAL;C:\Program Files\Intel\Intel(R) Management Engine Components\DAL;C:\Program Files (x86)\Intel\Intel(R) Management Engine Components\IPT;C:\Program Files\Intel\Intel(R) Management Engine Components\IPT;C:\WINDOWS\System32\OpenSSH\;C:\Users\Shree\AppData\Local\Programs\Python\Python38-32;C:\Users\Shree\AppData\Local\Programs\Python\Python38-32\Scripts;C:\MinGW\bin;C:\xampp\php;C:\ProgramData\ComposerSetup\bin;C:\ProgramData\chocolatey\bin;C:\xampp1\php;C:\Users\Shree\.vscode\extensions\ms-dotnettools.csharp-1.23.8\.omnisharp\1.37.5;F:\Git\cmd;C:\Program Files\nodejs\;C:\Program Files\MySQL\MySQL Server 8.0\bin;C:\Program Files\Java\jdk-17\bin;C:\Program Files\Java\jdk-17\bin;C:\Program Files\apache-maven-3.9.11\bin;C:\Users\Shree\.local\bin;C:\Program Files\MySQL\MySQL Shell 8.0\bin\;C:\Users\Shree\AppData\Local\Microsoft\WindowsApps;C:\Users\Shree\.dotnet\tools;C:\Users\Shree\AppData\Local\JetBrains\PyCharm Community Edition 2019.3.4\bin;;C:\Users\Shree\AppData\Local\Programs\Microsoft VS Code\bin;C:\Users\Shree\AppData\Roaming\Composer\vendor\bin;C:\Users\Shree\AppData\Local\GitHubDesktop\bin;C:\Users\Shree\AppData\Roaming\npm;C:\Windows\System32\wbem;C:\Windows\System32;C:\Users\Shree\.local\bin;C:\Program Files\Java\jdk-17\bin;C:\Program Files\Java\jdk-17\bin;C:\Program Files\apache-maven-3.9.11\bin;;C:\WINDOWS\System32;
USERNAME=Shree
OS=Windows_NT
PROCESSOR_IDENTIFIER=Intel64 Family 6 Model 78 Stepping 3, GenuineIntel
TMP=C:\Users\Shree\AppData\Local\Temp
TEMP=C:\Users\Shree\AppData\Local\Temp




Periodic native trim disabled

---------------  S Y S T E M  ---------------

OS:
 Windows 10 , 64 bit Build 19041 (10.0.19041.5915)
OS uptime: 0 days 19:55 hours

CPU: total 4 (initial active 4) (2 cores per cpu, 2 threads per core) family 6 model 78 stepping 3 microcode 0xcc, cx8, cmov, fxsr, ht, mmx, 3dnowpref, sse, sse2, sse3, ssse3, sse4.1, sse4.2, popcnt, lzcnt, tsc, tscinvbit, avx, avx2, aes, erms, clmul, bmi1, bmi2, adx, fma, vzeroupper, clflush, clflushopt, rdtscp, f16c
Processor Information for the first 4 processors :
  Max Mhz: 2000, Current Mhz: 2000, Mhz Limit: 2000

Memory: 4k page, system-wide physical 8108M (240M free)
TotalPageFile size 14252M (AvailPageFile size 1M)
current process WorkingSet (physical memory assigned to process): 189M, peak: 189M
current process commit charge ("private bytes"): 218M, peak: 260M

vm_info: OpenJDK 64-Bit Server VM (21.0.7+6-LTS) for windows-amd64 JRE (21.0.7+6-LTS), built on 2025-04-15T00:00:00Z by "admin" with MS VC++ 17.7 (VS2022)

END.
